Archive member included to satisfy reference by file (symbol)

/home/zopa/STM32CubeIDE/workspace_1.6.0/GLMish/Drivers/EmWin/libemWin_nosnts_cm4f_gcc.a(BUTTON.o)
                              Core/Src/main.o (BUTTON_Create)
/home/zopa/STM32CubeIDE/workspace_1.6.0/GLMish/Drivers/EmWin/libemWin_nosnts_cm4f_gcc.a(BUTTON_Skin.o)
                              /home/zopa/STM32CubeIDE/workspace_1.6.0/GLMish/Drivers/EmWin/libemWin_nosnts_cm4f_gcc.a(BUTTON.o) (BUTTON__Skin)
/home/zopa/STM32CubeIDE/workspace_1.6.0/GLMish/Drivers/EmWin/libemWin_nosnts_cm4f_gcc.a(BUTTON_SkinFlex.o)
                              /home/zopa/STM32CubeIDE/workspace_1.6.0/GLMish/Drivers/EmWin/libemWin_nosnts_cm4f_gcc.a(BUTTON.o) (BUTTON_DrawSkinFlex)
/home/zopa/STM32CubeIDE/workspace_1.6.0/GLMish/Drivers/EmWin/libemWin_nosnts_cm4f_gcc.a(F13_1.o)
                              /home/zopa/STM32CubeIDE/workspace_1.6.0/GLMish/Drivers/EmWin/libemWin_nosnts_cm4f_gcc.a(BUTTON.o) (GUI_Font13_1)
/home/zopa/STM32CubeIDE/workspace_1.6.0/GLMish/Drivers/EmWin/libemWin_nosnts_cm4f_gcc.a(F13_ASCII.o)
                              /home/zopa/STM32CubeIDE/workspace_1.6.0/GLMish/Drivers/EmWin/libemWin_nosnts_cm4f_gcc.a(F13_1.o) (GUI_Font13ASCII_Prop1)
/home/zopa/STM32CubeIDE/workspace_1.6.0/GLMish/Drivers/EmWin/libemWin_nosnts_cm4f_gcc.a(F6x8.o)
                              Core/Src/GUIConf.o (GUI_Font6x8)
/home/zopa/STM32CubeIDE/workspace_1.6.0/GLMish/Drivers/EmWin/libemWin_nosnts_cm4f_gcc.a(F8x16.o)
                              Core/Src/main.o (GUI_Font8x16)
/home/zopa/STM32CubeIDE/workspace_1.6.0/GLMish/Drivers/EmWin/libemWin_nosnts_cm4f_gcc.a(GUI_2DLib.o)
                              Core/Src/main.o (GUI_DrawRect)
/home/zopa/STM32CubeIDE/workspace_1.6.0/GLMish/Drivers/EmWin/libemWin_nosnts_cm4f_gcc.a(GUI__DrawTwinArc.o)
                              /home/zopa/STM32CubeIDE/workspace_1.6.0/GLMish/Drivers/EmWin/libemWin_nosnts_cm4f_gcc.a(BUTTON_SkinFlex.o) (GUI__DrawTwinArc4)
/home/zopa/STM32CubeIDE/workspace_1.6.0/GLMish/Drivers/EmWin/libemWin_nosnts_cm4f_gcc.a(GUI__Private.o)
                              /home/zopa/STM32CubeIDE/workspace_1.6.0/GLMish/Drivers/EmWin/libemWin_nosnts_cm4f_gcc.a(GUI__DrawTwinArc.o) (GUI__sqrt32)
/home/zopa/STM32CubeIDE/workspace_1.6.0/GLMish/Drivers/EmWin/libemWin_nosnts_cm4f_gcc.a(GUI_Alloc.o)
                              /home/zopa/STM32CubeIDE/workspace_1.6.0/GLMish/Drivers/EmWin/libemWin_nosnts_cm4f_gcc.a(BUTTON.o) (GUI_ALLOC_LockH)
/home/zopa/STM32CubeIDE/workspace_1.6.0/GLMish/Drivers/EmWin/libemWin_nosnts_cm4f_gcc.a(GUI_Char.o)
                              /home/zopa/STM32CubeIDE/workspace_1.6.0/GLMish/Drivers/EmWin/libemWin_nosnts_cm4f_gcc.a(GUI__Private.o) (GUI_GetFontDistY)
/home/zopa/STM32CubeIDE/workspace_1.6.0/GLMish/Drivers/EmWin/libemWin_nosnts_cm4f_gcc.a(GUI_CharM.o)
                              /home/zopa/STM32CubeIDE/workspace_1.6.0/GLMish/Drivers/EmWin/libemWin_nosnts_cm4f_gcc.a(F6x8.o) (GUIMONO_DispChar)
/home/zopa/STM32CubeIDE/workspace_1.6.0/GLMish/Drivers/EmWin/libemWin_nosnts_cm4f_gcc.a(GUI_CharP.o)
                              /home/zopa/STM32CubeIDE/workspace_1.6.0/GLMish/Drivers/EmWin/libemWin_nosnts_cm4f_gcc.a(F13_1.o) (GUIPROP_DispChar)
/home/zopa/STM32CubeIDE/workspace_1.6.0/GLMish/Drivers/EmWin/libemWin_nosnts_cm4f_gcc.a(GUI_Common.o)
                              /home/zopa/STM32CubeIDE/workspace_1.6.0/GLMish/Drivers/EmWin/libemWin_nosnts_cm4f_gcc.a(GUI__Private.o) (GUI_AddHex)
/home/zopa/STM32CubeIDE/workspace_1.6.0/GLMish/Drivers/EmWin/libemWin_nosnts_cm4f_gcc.a(GUI_Core.o)
                              /home/zopa/STM32CubeIDE/workspace_1.6.0/GLMish/Drivers/EmWin/libemWin_nosnts_cm4f_gcc.a(GUI__Private.o) (GUI__apDevice)
/home/zopa/STM32CubeIDE/workspace_1.6.0/GLMish/Drivers/EmWin/libemWin_nosnts_cm4f_gcc.a(GUI_Device.o)
                              Core/Src/LCDConf.o (GUI_DEVICE_CreateAndLink)
/home/zopa/STM32CubeIDE/workspace_1.6.0/GLMish/Drivers/EmWin/libemWin_nosnts_cm4f_gcc.a(GUI_DispString.o)
                              /home/zopa/STM32CubeIDE/workspace_1.6.0/GLMish/Drivers/EmWin/libemWin_nosnts_cm4f_gcc.a(GUI_Common.o) (GUI_DispString)
/home/zopa/STM32CubeIDE/workspace_1.6.0/GLMish/Drivers/EmWin/libemWin_nosnts_cm4f_gcc.a(GUI_DispStringInRectEx.o)
                              /home/zopa/STM32CubeIDE/workspace_1.6.0/GLMish/Drivers/EmWin/libemWin_nosnts_cm4f_gcc.a(GUI_DispString.o) (GUI_DispStringInRectEx)
/home/zopa/STM32CubeIDE/workspace_1.6.0/GLMish/Drivers/EmWin/libemWin_nosnts_cm4f_gcc.a(GUI_DRAW.o)
                              /home/zopa/STM32CubeIDE/workspace_1.6.0/GLMish/Drivers/EmWin/libemWin_nosnts_cm4f_gcc.a(BUTTON_SkinFlex.o) (GUI_DRAW__Draw)
/home/zopa/STM32CubeIDE/workspace_1.6.0/GLMish/Drivers/EmWin/libemWin_nosnts_cm4f_gcc.a(GUI_DrawGradient.o)
                              /home/zopa/STM32CubeIDE/workspace_1.6.0/GLMish/Drivers/EmWin/libemWin_nosnts_cm4f_gcc.a(BUTTON_SkinFlex.o) (GUI_DrawGradientV)
[...]
Memory Configuration

Name             Origin             Length             Attributes
RAM              0x0000000020000000 0x0000000000020000 xrw
FLASH            0x0000000008000000 0x0000000000080000 xr
*default*        0x0000000000000000 0xffffffffffffffff

Linker script and memory map

LOAD /opt/st/stm32cubeide_1.6.0/plugins/com.st.stm32cube.ide.mcu.externaltools.gnu-tools-for-stm32.9-2020-q2-update.linux64_1.5.0.202011040924/tools/bin/../lib/gcc/arm-none-eabi/9.3.1/thumb/v7e-m+fp/hard/crti.o
LOAD /opt/st/stm32cubeide_1.6.0/plugins/com.st.stm32cube.ide.mcu.externaltools.gnu-tools-for-stm32.9-2020-q2-update.linux64_1.5.0.202011040924/tools/bin/../lib/gcc/arm-none-eabi/9.3.1/thumb/v7e-m+fp/hard/crtbegin.o
LOAD /opt/st/stm32cubeide_1.6.0/plugins/com.st.stm32cube.ide.mcu.externaltools.gnu-tools-for-stm32.9-2020-q2-update.linux64_1.5.0.202011040924/tools/bin/../lib/gcc/arm-none-eabi/9.3.1/../../../../arm-none-eabi/lib/thumb/v7e-m+fp/hard/crt0.o
LOAD Core/Src/GUIConf.o
LOAD Core/Src/GUI_X.o
LOAD Core/Src/LCDConf.o
LOAD Core/Src/main.o
LOAD Core/Src/stm32f4xx_hal_msp.o
LOAD Core/Src/stm32f4xx_it.o
LOAD Core/Src/syscalls.o
LOAD Core/Src/sysmem.o
LOAD Core/Src/system_stm32f4xx.o
LOAD Core/Startup/startup_stm32f411ceux.o
LOAD Drivers/SSD1306/fonts.o
LOAD Drivers/SSD1306/ssd1306.o
LOAD Drivers/STM32F4xx_HAL_Driver/Src/stm32f4xx_hal.o
LOAD Drivers/STM32F4xx_HAL_Driver/Src/stm32f4xx_hal_cortex.o
LOAD Drivers/STM32F4xx_HAL_Driver/Src/stm32f4xx_hal_dma.o
LOAD Drivers/STM32F4xx_HAL_Driver/Src/stm32f4xx_hal_dma_ex.o
LOAD Drivers/STM32F4xx_HAL_Driver/Src/stm32f4xx_hal_exti.o
LOAD Drivers/STM32F4xx_HAL_Driver/Src/stm32f4xx_hal_flash.o
LOAD Drivers/STM32F4xx_HAL_Driver/Src/stm32f4xx_hal_flash_ex.o
LOAD Drivers/STM32F4xx_HAL_Driver/Src/stm32f4xx_hal_flash_ramfunc.o
LOAD Drivers/STM32F4xx_HAL_Driver/Src/stm32f4xx_hal_gpio.o
LOAD Drivers/STM32F4xx_HAL_Driver/Src/stm32f4xx_hal_i2c.o
LOAD Drivers/STM32F4xx_HAL_Driver/Src/stm32f4xx_hal_i2c_ex.o
LOAD Drivers/STM32F4xx_HAL_Driver/Src/stm32f4xx_hal_pwr.o
LOAD Drivers/STM32F4xx_HAL_Driver/Src/stm32f4xx_hal_pwr_ex.o
LOAD Drivers/STM32F4xx_HAL_Driver/Src/stm32f4xx_hal_rcc.o
LOAD Drivers/STM32F4xx_HAL_Driver/Src/stm32f4xx_hal_rcc_ex.o
LOAD Drivers/STM32F4xx_HAL_Driver/Src/stm32f4xx_hal_tim.o
LOAD Drivers/STM32F4xx_HAL_Driver/Src/stm32f4xx_hal_tim_ex.o
LOAD /home/zopa/STM32CubeIDE/workspace_1.6.0/GLMish/Drivers/EmWin/libemWin_nosnts_cm4f_gcc.a
LOAD /home/zopa/STM32CubeIDE/workspace_1.6.0/GLMish/Drivers/EmWin/libemWin_nosnts_gcc.a
START GROUP
LOAD /opt/st/stm32cubeide_1.6.0/plugins/com.st.stm32cube.ide.mcu.externaltools.gnu-tools-for-stm32.9-2020-q2-update.linux64_1.5.0.202011040924/tools/bin/../lib/gcc/arm-none-eabi/9.3.1/../../../../arm-none-eabi/lib/thumb/v7e-m+fp/hard/libstdc++_nano.a
LOAD /opt/st/stm32cubeide_1.6.0/plugins/com.st.stm32cube.ide.mcu.externaltools.gnu-tools-for-stm32.9-2020-q2-update.linux64_1.5.0.202011040924/tools/bin/../lib/gcc/arm-none-eabi/9.3.1/../../../../arm-none-eabi/lib/thumb/v7e-m+fp/hard/libsupc++_nano.a
END GROUP
LOAD /opt/st/stm32cubeide_1.6.0/plugins/com.st.stm32cube.ide.mcu.externaltools.gnu-tools-for-stm32.9-2020-q2-update.linux64_1.5.0.202011040924/tools/bin/../lib/gcc/arm-none-eabi/9.3.1/../../../../arm-none-eabi/lib/thumb/v7e-m+fp/hard/libstdc++_nano.a
LOAD /opt/st/stm32cubeide_1.6.0/plugins/com.st.stm32cube.ide.mcu.externaltools.gnu-tools-for-stm32.9-2020-q2-update.linux64_1.5.0.202011040924/tools/bin/../lib/gcc/arm-none-eabi/9.3.1/../../../../arm-none-eabi/lib/thumb/v7e-m+fp/hard/libm.a
LOAD /opt/st/stm32cubeide_1.6.0/plugins/com.st.stm32cube.ide.mcu.externaltools.gnu-tools-for-stm32.9-2020-q2-update.linux64_1.5.0.202011040924/tools/bin/../lib/gcc/arm-none-eabi/9.3.1/../../../../arm-none-eabi/lib/thumb/v7e-m+fp/hard/libc_nano.a
START GROUP
LOAD /opt/st/stm32cubeide_1.6.0/plugins/com.st.stm32cube.ide.mcu.externaltools.gnu-tools-for-stm32.9-2020-q2-update.linux64_1.5.0.202011040924/tools/bin/../lib/gcc/arm-none-eabi/9.3.1/thumb/v7e-m+fp/hard/libgcc.a
LOAD /opt/st/stm32cubeide_1.6.0/plugins/com.st.stm32cube.ide.mcu.externaltools.gnu-tools-for-stm32.9-2020-q2-update.linux64_1.5.0.202011040924/tools/bin/../lib/gcc/arm-none-eabi/9.3.1/../../../../arm-none-eabi/lib/thumb/v7e-m+fp/hard/libc_nano.a
END GROUP
START GROUP
LOAD /opt/st/stm32cubeide_1.6.0/plugins/com.st.stm32cube.ide.mcu.externaltools.gnu-tools-for-stm32.9-2020-q2-update.linux64_1.5.0.202011040924/tools/bin/../lib/gcc/arm-none-eabi/9.3.1/thumb/v7e-m+fp/hard/libgcc.a
LOAD /opt/st/stm32cubeide_1.6.0/plugins/com.st.stm32cube.ide.mcu.externaltools.gnu-tools-for-stm32.9-2020-q2-update.linux64_1.5.0.202011040924/tools/bin/../lib/gcc/arm-none-eabi/9.3.1/../../../../arm-none-eabi/lib/thumb/v7e-m+fp/hard/libc_nano.a
LOAD /opt/st/stm32cubeide_1.6.0/plugins/com.st.stm32cube.ide.mcu.externaltools.gnu-tools-for-stm32.9-2020-q2-update.linux64_1.5.0.202011040924/tools/bin/../lib/gcc/arm-none-eabi/9.3.1/../../../../arm-none-eabi/lib/thumb/v7e-m+fp/hard/libnosys.a
END GROUP
START GROUP
LOAD /opt/st/stm32cubeide_1.6.0/plugins/com.st.stm32cube.ide.mcu.externaltools.gnu-tools-for-stm32.9-2020-q2-update.linux64_1.5.0.202011040924/tools/bin/../lib/gcc/arm-none-eabi/9.3.1/thumb/v7e-m+fp/hard/libgcc.a
LOAD /opt/st/stm32cubeide_1.6.0/plugins/com.st.stm32cube.ide.mcu.externaltools.gnu-tools-for-stm32.9-2020-q2-update.linux64_1.5.0.202011040924/tools/bin/../lib/gcc/arm-none-eabi/9.3.1/../../../../arm-none-eabi/lib/thumb/v7e-m+fp/hard/libc_nano.a
LOAD /opt/st/stm32cubeide_1.6.0/plugins/com.st.stm32cube.ide.mcu.externaltools.gnu-tools-for-stm32.9-2020-q2-update.linux64_1.5.0.202011040924/tools/bin/../lib/gcc/arm-none-eabi/9.3.1/../../../../arm-none-eabi/lib/thumb/v7e-m+fp/hard/libnosys.a
END GROUP
LOAD /opt/st/stm32cubeide_1.6.0/plugins/com.st.stm32cube.ide.mcu.externaltools.gnu-tools-for-stm32.9-2020-q2-update.linux64_1.5.0.202011040924/tools/bin/../lib/gcc/arm-none-eabi/9.3.1/thumb/v7e-m+fp/hard/crtend.o
LOAD /opt/st/stm32cubeide_1.6.0/plugins/com.st.stm32cube.ide.mcu.externaltools.gnu-tools-for-stm32.9-2020-q2-update.linux64_1.5.0.202011040924/tools/bin/../lib/gcc/arm-none-eabi/9.3.1/thumb/v7e-m+fp/hard/crtn.o
                0x0000000020020000                _estack = (ORIGIN (RAM) + LENGTH (RAM))
                0x0000000000000200                _Min_Heap_Size = 0x200
                0x0000000000000400                _Min_Stack_Size = 0x400

.isr_vector     0x0000000008000000      0x198
                0x0000000008000000                . = ALIGN (0x4)
 *(.isr_vector)
 .isr_vector    0x0000000008000000      0x198 Core/Startup/startup_stm32f411ceux.o
                0x0000000008000000                g_pfnVectors
                0x0000000008000198                . = ALIGN (0x4)

.text           0x0000000008000198     0xe50c
                0x0000000008000198                . = ALIGN (0x4)
 *(.text)
 .text          0x0000000008000198       0x40 /opt/st/stm32cubeide_1.6.0/plugins/com.st.stm32cube.ide.mcu.externaltools.gnu-tools-for-stm32.9-2020-q2-update.linux64_1.5.0.202011040924/tools/bin/../lib/gcc/arm-none-eabi/9.3.1/thumb/v7e-m+fp/hard/crtbegin.o
 .text          0x00000000080001d8       0x14 /opt/st/stm32cubeide_1.6.0/plugins/com.st.stm32cube.ide.mcu.externaltools.gnu-tools-for-stm32.9-2020-q2-update.linux64_1.5.0.202011040924/tools/bin/../lib/gcc/arm-none-eabi/9.3.1/../../../../arm-none-eabi/lib/thumb/v7e-m+fp/hard/libc_nano.a(lib_a-strcmp.o)
                0x00000000080001d8                strcmp
 .text          0x00000000080001ec       0x10 /opt/st/stm32cubeide_1.6.0/plugins/com.st.stm32cube.ide.mcu.externaltools.gnu-tools-for-stm32.9-2020-q2-update.linux64_1.5.0.202011040924/tools/bin/../lib/gcc/arm-none-eabi/9.3.1/../../../../arm-none-eabi/lib/thumb/v7e-m+fp/hard/libc_nano.a(lib_a-strlen.o)
                0x00000000080001ec                strlen
 .text          0x00000000080001fc       0x30 /opt/st/stm32cubeide_1.6.0/plugins/com.st.stm32cube.ide.mcu.externaltools.gnu-tools-for-stm32.9-2020-q2-update.linux64_1.5.0.202011040924/tools/bin/../lib/gcc/arm-none-eabi/9.3.1/thumb/v7e-m+fp/hard/libgcc.a(_aeabi_uldivmod.o)
                0x00000000080001fc                __aeabi_uldivmod
 .text          0x000000000800022c      0x2c4 /opt/st/stm32cubeide_1.6.0/plugins/com.st.stm32cube.ide.mcu.externaltools.gnu-tools-for-stm32.9-2020-q2-update.linux64_1.5.0.202011040924/tools/bin/../lib/gcc/arm-none-eabi/9.3.1/thumb/v7e-m+fp/hard/libgcc.a(_udivmoddi4.o)
                0x000000000800022c                __udivmoddi4
 .text          0x00000000080004f0        0x4 /opt/st/stm32cubeide_1.6.0/plugins/com.st.stm32cube.ide.mcu.externaltools.gnu-tools-for-stm32.9-2020-q2-update.linux64_1.5.0.202011040924/tools/bin/../lib/gcc/arm-none-eabi/9.3.1/thumb/v7e-m+fp/hard/libgcc.a(_dvmd_tls.o)
                0x00000000080004f0                __aeabi_ldiv0
                0x00000000080004f0                __aeabi_idiv0
 *(.text*)
 .text.GUI_X_Config
                0x00000000080004f4       0x20 Core/Src/GUIConf.o
                0x00000000080004f4                GUI_X_Config
 .text.GUI_X_GetTime
                0x0000000008000514       0x18 Core/Src/GUI_X.o
                0x0000000008000514                GUI_X_GetTime
 .text.GUI_X_Delay
                0x000000000800052c       0x34 Core/Src/GUI_X.o
                0x000000000800052c                GUI_X_Delay
 .text.GUI_X_Init
                0x0000000008000560        0xe Core/Src/GUI_X.o
                0x0000000008000560                GUI_X_Init
 .text._InitController
                0x000000000800056e        0xe Core/Src/LCDConf.o
 .text.LCD_X_Config
                0x000000000800057c       0x8c Core/Src/LCDConf.o
                0x000000000800057c                LCD_X_Config
 .text.LCD_X_DisplayDriver
                0x0000000008000608       0x4e Core/Src/LCDConf.o
                0x0000000008000608                LCD_X_DisplayDriver
 *fill*         0x0000000008000656        0x2 
 .text.main     0x0000000008000658       0xd8 Core/Src/main.o
                0x0000000008000658                main
 .text.SystemClock_Config
                0x0000000008000730       0xd0 Core/Src/main.o
                0x0000000008000730                SystemClock_Config
 .text.MX_I2C1_Init
                0x0000000008000800       0x5c Core/Src/main.o
 .text.MX_DMA_Init
                0x000000000800085c       0x50 Core/Src/main.o
 .text.MX_GPIO_Init
                0x00000000080008ac       0x6c Core/Src/main.o
 .text.Error_Handler
                0x0000000008000918        0xa Core/Src/main.o
                0x0000000008000918                Error_Handler
 *fill*         0x0000000008000922        0x2 
 .text.HAL_MspInit
                0x0000000008000924       0x50 Core/Src/stm32f4xx_hal_msp.o
                0x0000000008000924                HAL_MspInit
 .text.HAL_I2C_MspInit
                0x0000000008000974      0x178 Core/Src/stm32f4xx_hal_msp.o
                0x0000000008000974                HAL_I2C_MspInit
 .text.NMI_Handler
                0x0000000008000aec        0x6 Core/Src/stm32f4xx_it.o
                0x0000000008000aec                NMI_Handler
 .text.HardFault_Handler
                0x0000000008000af2        0x6 Core/Src/stm32f4xx_it.o
                0x0000000008000af2                HardFault_Handler
 .text.MemManage_Handler
                0x0000000008000af8        0x6 Core/Src/stm32f4xx_it.o
                0x0000000008000af8                MemManage_Handler
 .text.BusFault_Handler
                0x0000000008000afe        0x6 Core/Src/stm32f4xx_it.o
                0x0000000008000afe                BusFault_Handler
 .text.UsageFault_Handler
                0x0000000008000b04        0x6 Core/Src/stm32f4xx_it.o
                0x0000000008000b04                UsageFault_Handler
 .text.SVC_Handler
                0x0000000008000b0a        0xe Core/Src/stm32f4xx_it.o
                0x0000000008000b0a                SVC_Handler
 .text.DebugMon_Handler
                0x0000000008000b18        0xe Core/Src/stm32f4xx_it.o
                0x0000000008000b18                DebugMon_Handler
 .text.PendSV_Handler
                0x0000000008000b26        0xe Core/Src/stm32f4xx_it.o
                0x0000000008000b26                PendSV_Handler
 .text.SysTick_Handler
                0x0000000008000b34        0xc Core/Src/stm32f4xx_it.o
                0x0000000008000b34                SysTick_Handler
 .text.DMA1_Stream0_IRQHandler
                0x0000000008000b40       0x14 Core/Src/stm32f4xx_it.o
                0x0000000008000b40                DMA1_Stream0_IRQHandler
 .text.DMA1_Stream1_IRQHandler
                0x0000000008000b54       0x14 Core/Src/stm32f4xx_it.o
                0x0000000008000b54                DMA1_Stream1_IRQHandler
 .text.I2C1_EV_IRQHandler
                0x0000000008000b68       0x14 Core/Src/stm32f4xx_it.o
                0x0000000008000b68                I2C1_EV_IRQHandler
 .text.I2C1_ER_IRQHandler
                0x0000000008000b7c       0x14 Core/Src/stm32f4xx_it.o
                0x0000000008000b7c                I2C1_ER_IRQHandler
 .text._sbrk    0x0000000008000b90       0x6c Core/Src/sysmem.o
                0x0000000008000b90                _sbrk
 .text.SystemInit
                0x0000000008000bfc       0x24 Core/Src/system_stm32f4xx.o
                0x0000000008000bfc                SystemInit
 .text.Reset_Handler
                0x0000000008000c20       0x50 Core/Startup/startup_stm32f411ceux.o
                0x0000000008000c20                Reset_Handler
 .text.Default_Handler
                0x0000000008000c70        0x2 Core/Startup/startup_stm32f411ceux.o
                0x0000000008000c70                RTC_Alarm_IRQHandler
                0x0000000008000c70                EXTI2_IRQHandler
                0x0000000008000c70                SPI4_IRQHandler
                0x0000000008000c70                TIM1_CC_IRQHandler
                0x0000000008000c70                DMA2_Stream5_IRQHandler
                0x0000000008000c70                DMA1_Stream5_IRQHandler
                0x0000000008000c70                PVD_IRQHandler
                0x0000000008000c70                SDIO_IRQHandler
                0x0000000008000c70                TAMP_STAMP_IRQHandler
                0x0000000008000c70                EXTI3_IRQHandler
                0x0000000008000c70                TIM1_UP_TIM10_IRQHandler
                0x0000000008000c70                I2C3_ER_IRQHandler
                0x0000000008000c70                EXTI0_IRQHandler
                0x0000000008000c70                I2C2_EV_IRQHandler
                0x0000000008000c70                DMA1_Stream2_IRQHandler
                0x0000000008000c70                FPU_IRQHandler
                0x0000000008000c70                DMA2_Stream2_IRQHandler
                0x0000000008000c70                SPI1_IRQHandler
                0x0000000008000c70                TIM1_BRK_TIM9_IRQHandler
                0x0000000008000c70                DMA2_Stream3_IRQHandler
                0x0000000008000c70                USART6_IRQHandler
                0x0000000008000c70                DMA2_Stream0_IRQHandler
                0x0000000008000c70                TIM4_IRQHandler
                0x0000000008000c70                DMA1_Stream6_IRQHandler
                0x0000000008000c70                TIM3_IRQHandler
                0x0000000008000c70                RCC_IRQHandler
                0x0000000008000c70                Default_Handler
                0x0000000008000c70                EXTI15_10_IRQHandler
                0x0000000008000c70                ADC_IRQHandler
                0x0000000008000c70                DMA1_Stream7_IRQHandler
                0x0000000008000c70                SPI5_IRQHandler
                0x0000000008000c70                TIM5_IRQHandler
                0x0000000008000c70                DMA2_Stream7_IRQHandler
                0x0000000008000c70                I2C3_EV_IRQHandler
                0x0000000008000c70                EXTI9_5_IRQHandler
                0x0000000008000c70                RTC_WKUP_IRQHandler
                0x0000000008000c70                SPI2_IRQHandler
                0x0000000008000c70                EXTI4_IRQHandler
                0x0000000008000c70                WWDG_IRQHandler
                0x0000000008000c70                TIM2_IRQHandler
                0x0000000008000c70                OTG_FS_WKUP_IRQHandler
                0x0000000008000c70                TIM1_TRG_COM_TIM11_IRQHandler
                0x0000000008000c70                EXTI1_IRQHandler
                0x0000000008000c70                USART2_IRQHandler
                0x0000000008000c70                I2C2_ER_IRQHandler
                0x0000000008000c70                DMA2_Stream1_IRQHandler
                0x0000000008000c70                FLASH_IRQHandler
                0x0000000008000c70                DMA2_Stream4_IRQHandler
                0x0000000008000c70                USART1_IRQHandler
                0x0000000008000c70                OTG_FS_IRQHandler
                0x0000000008000c70                SPI3_IRQHandler
                0x0000000008000c70                DMA1_Stream4_IRQHandler
                0x0000000008000c70                DMA2_Stream6_IRQHandler
                0x0000000008000c70                DMA1_Stream3_IRQHandler
 .text.width    0x0000000008000c72       0x10 Drivers/SSD1306/ssd1306.o
 .text.height   0x0000000008000c82       0x10 Drivers/SSD1306/ssd1306.o
 *fill*         0x0000000008000c92        0x2 
 .text.ssd1306_Init
                0x0000000008000c94      0x134 Drivers/SSD1306/ssd1306.o
                0x0000000008000c94                ssd1306_Init
 .text.ssd1306_UpdateScreen
                0x0000000008000dc8       0x54 Drivers/SSD1306/ssd1306.o
                0x0000000008000dc8                ssd1306_UpdateScreen
 .text.ssd1306_Clear
                0x0000000008000e1c       0x18 Drivers/SSD1306/ssd1306.o
                0x0000000008000e1c                ssd1306_Clear
 .text.ssd1306_WriteCommand
                0x0000000008000e34       0x38 Drivers/SSD1306/ssd1306.o
                0x0000000008000e34                ssd1306_WriteCommand
 .text.ssd1306_WriteData1
                0x0000000008000e6c       0x2c Drivers/SSD1306/ssd1306.o
                0x0000000008000e6c                ssd1306_WriteData1
 .text.ssd1306_WriteData2
                0x0000000008000e98       0x36 Drivers/SSD1306/ssd1306.o
                0x0000000008000e98                ssd1306_WriteData2
 *fill*         0x0000000008000ece        0x2 
 .text.ssd1306_WriteData
                0x0000000008000ed0       0x3c Drivers/SSD1306/ssd1306.o
                0x0000000008000ed0                ssd1306_WriteData
 .text.HAL_I2C_MemTxCpltCallback
                0x0000000008000f0c       0x14 Drivers/SSD1306/ssd1306.o
                0x0000000008000f0c                HAL_I2C_MemTxCpltCallback
 .text.HAL_Init
                0x0000000008000f20       0x44 Drivers/STM32F4xx_HAL_Driver/Src/stm32f4xx_hal.o
                0x0000000008000f20                HAL_Init
 .text.HAL_InitTick
                0x0000000008000f64       0x60 Drivers/STM32F4xx_HAL_Driver/Src/stm32f4xx_hal.o
                0x0000000008000f64                HAL_InitTick
 .text.HAL_IncTick
                0x0000000008000fc4       0x28 Drivers/STM32F4xx_HAL_Driver/Src/stm32f4xx_hal.o
                0x0000000008000fc4                HAL_IncTick
 .text.HAL_GetTick
                0x0000000008000fec       0x18 Drivers/STM32F4xx_HAL_Driver/Src/stm32f4xx_hal.o
                0x0000000008000fec                HAL_GetTick
 .text.HAL_Delay
                0x0000000008001004       0x48 Drivers/STM32F4xx_HAL_Driver/Src/stm32f4xx_hal.o
                0x0000000008001004                HAL_Delay
 .text.__NVIC_SetPriorityGrouping
                0x000000000800104c       0x48 Drivers/STM32F4xx_HAL_Driver/Src/stm32f4xx_hal_cortex.o
 .text.__NVIC_GetPriorityGrouping
                0x0000000008001094       0x1c Drivers/STM32F4xx_HAL_Driver/Src/stm32f4xx_hal_cortex.o
 .text.__NVIC_EnableIRQ
                0x00000000080010b0       0x3c Drivers/STM32F4xx_HAL_Driver/Src/stm32f4xx_hal_cortex.o
 .text.__NVIC_SetPriority
                0x00000000080010ec       0x54 Drivers/STM32F4xx_HAL_Driver/Src/stm32f4xx_hal_cortex.o
 .text.NVIC_EncodePriority
                0x0000000008001140       0x66 Drivers/STM32F4xx_HAL_Driver/Src/stm32f4xx_hal_cortex.o
 *fill*         0x00000000080011a6        0x2 
 .text.SysTick_Config
                0x00000000080011a8       0x44 Drivers/STM32F4xx_HAL_Driver/Src/stm32f4xx_hal_cortex.o
 .text.HAL_NVIC_SetPriorityGrouping
                0x00000000080011ec       0x16 Drivers/STM32F4xx_HAL_Driver/Src/stm32f4xx_hal_cortex.o
                0x00000000080011ec                HAL_NVIC_SetPriorityGrouping
 .text.HAL_NVIC_SetPriority
                0x0000000008001202       0x38 Drivers/STM32F4xx_HAL_Driver/Src/stm32f4xx_hal_cortex.o
                0x0000000008001202                HAL_NVIC_SetPriority
 .text.HAL_NVIC_EnableIRQ
                0x000000000800123a       0x1c Drivers/STM32F4xx_HAL_Driver/Src/stm32f4xx_hal_cortex.o
                0x000000000800123a                HAL_NVIC_EnableIRQ
 .text.HAL_SYSTICK_Config
                0x0000000008001256       0x18 Drivers/STM32F4xx_HAL_Driver/Src/stm32f4xx_hal_cortex.o
                0x0000000008001256                HAL_SYSTICK_Config
 *fill*         0x000000000800126e        0x2 
 .text.HAL_DMA_Init
                0x0000000008001270      0x15c Drivers/STM32F4xx_HAL_Driver/Src/stm32f4xx_hal_dma.o
                0x0000000008001270                HAL_DMA_Init
 .text.HAL_DMA_Start_IT
                0x00000000080013cc       0xb0 Drivers/STM32F4xx_HAL_Driver/Src/stm32f4xx_hal_dma.o
                0x00000000080013cc                HAL_DMA_Start_IT
 .text.HAL_DMA_Abort_IT
                0x000000000800147c       0x44 Drivers/STM32F4xx_HAL_Driver/Src/stm32f4xx_hal_dma.o
                0x000000000800147c                HAL_DMA_Abort_IT
 .text.HAL_DMA_IRQHandler
                0x00000000080014c0      0x314 Drivers/STM32F4xx_HAL_Driver/Src/stm32f4xx_hal_dma.o
                0x00000000080014c0                HAL_DMA_IRQHandler
 .text.HAL_DMA_GetState
                0x00000000080017d4       0x1c Drivers/STM32F4xx_HAL_Driver/Src/stm32f4xx_hal_dma.o
                0x00000000080017d4                HAL_DMA_GetState
 .text.HAL_DMA_GetError
                0x00000000080017f0       0x18 Drivers/STM32F4xx_HAL_Driver/Src/stm32f4xx_hal_dma.o
                0x00000000080017f0                HAL_DMA_GetError
 .text.DMA_SetConfig
                0x0000000008001808       0x5c Drivers/STM32F4xx_HAL_Driver/Src/stm32f4xx_hal_dma.o
 .text.DMA_CalcBaseAndBitshift
                0x0000000008001864       0x6c Drivers/STM32F4xx_HAL_Driver/Src/stm32f4xx_hal_dma.o
 .text.DMA_CheckFifoParam
                0x00000000080018d0       0xf8 Drivers/STM32F4xx_HAL_Driver/Src/stm32f4xx_hal_dma.o
 .text.HAL_GPIO_Init
                0x00000000080019c8      0x308 Drivers/STM32F4xx_HAL_Driver/Src/stm32f4xx_hal_gpio.o
                0x00000000080019c8                HAL_GPIO_Init
 .text.HAL_I2C_Init
                0x0000000008001cd0      0x288 Drivers/STM32F4xx_HAL_Driver/Src/stm32f4xx_hal_i2c.o
                0x0000000008001cd0                HAL_I2C_Init
 .text.HAL_I2C_Mem_Write_DMA
                0x0000000008001f58      0x2ac Drivers/STM32F4xx_HAL_Driver/Src/stm32f4xx_hal_i2c.o
                0x0000000008001f58                HAL_I2C_Mem_Write_DMA
 .text.HAL_I2C_IsDeviceReady
                0x0000000008002204      0x25c Drivers/STM32F4xx_HAL_Driver/Src/stm32f4xx_hal_i2c.o
                0x0000000008002204                HAL_I2C_IsDeviceReady
 .text.HAL_I2C_EV_IRQHandler
                0x0000000008002460      0x2da Drivers/STM32F4xx_HAL_Driver/Src/stm32f4xx_hal_i2c.o
                0x0000000008002460                HAL_I2C_EV_IRQHandler
 .text.HAL_I2C_ER_IRQHandler
                0x000000000800273a      0x14e Drivers/STM32F4xx_HAL_Driver/Src/stm32f4xx_hal_i2c.o
                0x000000000800273a                HAL_I2C_ER_IRQHandler
 .text.HAL_I2C_MasterTxCpltCallback
                0x0000000008002888       0x14 Drivers/STM32F4xx_HAL_Driver/Src/stm32f4xx_hal_i2c.o
                0x0000000008002888                HAL_I2C_MasterTxCpltCallback
 .text.HAL_I2C_MasterRxCpltCallback
                0x000000000800289c       0x14 Drivers/STM32F4xx_HAL_Driver/Src/stm32f4xx_hal_i2c.o
                0x000000000800289c                HAL_I2C_MasterRxCpltCallback
 .text.HAL_I2C_SlaveTxCpltCallback
                0x00000000080028b0       0x14 Drivers/STM32F4xx_HAL_Driver/Src/stm32f4xx_hal_i2c.o
                0x00000000080028b0                HAL_I2C_SlaveTxCpltCallback
 .text.HAL_I2C_SlaveRxCpltCallback
                0x00000000080028c4       0x14 Drivers/STM32F4xx_HAL_Driver/Src/stm32f4xx_hal_i2c.o
                0x00000000080028c4                HAL_I2C_SlaveRxCpltCallback
 .text.HAL_I2C_AddrCallback
                0x00000000080028d8       0x1c Drivers/STM32F4xx_HAL_Driver/Src/stm32f4xx_hal_i2c.o
                0x00000000080028d8                HAL_I2C_AddrCallback
 .text.HAL_I2C_ListenCpltCallback
                0x00000000080028f4       0x14 Drivers/STM32F4xx_HAL_Driver/Src/stm32f4xx_hal_i2c.o
                0x00000000080028f4                HAL_I2C_ListenCpltCallback
 .text.HAL_I2C_MemRxCpltCallback
                0x0000000008002908       0x14 Drivers/STM32F4xx_HAL_Driver/Src/stm32f4xx_hal_i2c.o
                0x0000000008002908                HAL_I2C_MemRxCpltCallback
 .text.HAL_I2C_ErrorCallback
                0x000000000800291c       0x14 Drivers/STM32F4xx_HAL_Driver/Src/stm32f4xx_hal_i2c.o
                0x000000000800291c                HAL_I2C_ErrorCallback
 .text.HAL_I2C_AbortCpltCallback
                0x0000000008002930       0x14 Drivers/STM32F4xx_HAL_Driver/Src/stm32f4xx_hal_i2c.o
                0x0000000008002930                HAL_I2C_AbortCpltCallback
 .text.HAL_I2C_GetState
                0x0000000008002944       0x1c Drivers/STM32F4xx_HAL_Driver/Src/stm32f4xx_hal_i2c.o
                0x0000000008002944                HAL_I2C_GetState
 .text.I2C_MasterTransmit_TXE
                0x0000000008002960      0x138 Drivers/STM32F4xx_HAL_Driver/Src/stm32f4xx_hal_i2c.o
 .text.I2C_MasterTransmit_BTF
                0x0000000008002a98       0xd0 Drivers/STM32F4xx_HAL_Driver/Src/stm32f4xx_hal_i2c.o
 .text.I2C_MemoryTransmit_TXE_BTF
                0x0000000008002b68      0x11e Drivers/STM32F4xx_HAL_Driver/Src/stm32f4xx_hal_i2c.o
 .text.I2C_MasterReceive_RXNE
                0x0000000008002c86      0x162 Drivers/STM32F4xx_HAL_Driver/Src/stm32f4xx_hal_i2c.o
 .text.I2C_MasterReceive_BTF
                0x0000000008002de8      0x1d4 Drivers/STM32F4xx_HAL_Driver/Src/stm32f4xx_hal_i2c.o
 .text.I2C_Master_SB
                0x0000000008002fbc      0x10c Drivers/STM32F4xx_HAL_Driver/Src/stm32f4xx_hal_i2c.o
 .text.I2C_Master_ADD10
                0x00000000080030c8       0x54 Drivers/STM32F4xx_HAL_Driver/Src/stm32f4xx_hal_i2c.o
 .text.I2C_Master_ADDR
                0x000000000800311c      0x322 Drivers/STM32F4xx_HAL_Driver/Src/stm32f4xx_hal_i2c.o
 .text.I2C_SlaveTransmit_TXE
                0x000000000800343e       0x7a Drivers/STM32F4xx_HAL_Driver/Src/stm32f4xx_hal_i2c.o
 .text.I2C_SlaveTransmit_BTF
                0x00000000080034b8       0x42 Drivers/STM32F4xx_HAL_Driver/Src/stm32f4xx_hal_i2c.o
 .text.I2C_SlaveReceive_RXNE
                0x00000000080034fa       0x7c Drivers/STM32F4xx_HAL_Driver/Src/stm32f4xx_hal_i2c.o
 .text.I2C_SlaveReceive_BTF
                0x0000000008003576       0x44 Drivers/STM32F4xx_HAL_Driver/Src/stm32f4xx_hal_i2c.o
 .text.I2C_Slave_ADDR
                0x00000000080035ba       0x88 Drivers/STM32F4xx_HAL_Driver/Src/stm32f4xx_hal_i2c.o
 *fill*         0x0000000008003642        0x2 
 .text.I2C_Slave_STOPF
                0x0000000008003644      0x260 Drivers/STM32F4xx_HAL_Driver/Src/stm32f4xx_hal_i2c.o
 .text.I2C_Slave_AF
                0x00000000080038a4       0xe0 Drivers/STM32F4xx_HAL_Driver/Src/stm32f4xx_hal_i2c.o
 .text.I2C_ITError
                0x0000000008003984      0x264 Drivers/STM32F4xx_HAL_Driver/Src/stm32f4xx_hal_i2c.o
 .text.I2C_RequestMemoryWrite
                0x0000000008003be8      0x12c Drivers/STM32F4xx_HAL_Driver/Src/stm32f4xx_hal_i2c.o
 .text.I2C_DMAXferCplt
                0x0000000008003d14      0x1aa Drivers/STM32F4xx_HAL_Driver/Src/stm32f4xx_hal_i2c.o
 .text.I2C_DMAError
                0x0000000008003ebe       0x7a Drivers/STM32F4xx_HAL_Driver/Src/stm32f4xx_hal_i2c.o
 .text.I2C_DMAAbort
                0x0000000008003f38      0x150 Drivers/STM32F4xx_HAL_Driver/Src/stm32f4xx_hal_i2c.o
 .text.I2C_WaitOnFlagUntilTimeout
                0x0000000008004088       0xae Drivers/STM32F4xx_HAL_Driver/Src/stm32f4xx_hal_i2c.o
 .text.I2C_WaitOnMasterAddressFlagUntilTimeout
                0x0000000008004136       0xfe Drivers/STM32F4xx_HAL_Driver/Src/stm32f4xx_hal_i2c.o
 .text.I2C_WaitOnTXEFlagUntilTimeout
                0x0000000008004234       0x82 Drivers/STM32F4xx_HAL_Driver/Src/stm32f4xx_hal_i2c.o
 *fill*         0x00000000080042b6        0x2 
 .text.I2C_WaitOnSTOPRequestThroughIT
                0x00000000080042b8       0x64 Drivers/STM32F4xx_HAL_Driver/Src/stm32f4xx_hal_i2c.o
 .text.I2C_IsAcknowledgeFailed
                0x000000000800431c       0x5e Drivers/STM32F4xx_HAL_Driver/Src/stm32f4xx_hal_i2c.o
 .text.I2C_ConvertOtherXferOptions
                0x000000000800437a       0x36 Drivers/STM32F4xx_HAL_Driver/Src/stm32f4xx_hal_i2c.o
 .text.HAL_RCC_OscConfig
                0x00000000080043b0      0x4f0 Drivers/STM32F4xx_HAL_Driver/Src/stm32f4xx_hal_rcc.o
                0x00000000080043b0                HAL_RCC_OscConfig
 .text.HAL_RCC_ClockConfig
                0x00000000080048a0      0x1cc Drivers/STM32F4xx_HAL_Driver/Src/stm32f4xx_hal_rcc.o
                0x00000000080048a0                HAL_RCC_ClockConfig
 .text.HAL_RCC_GetSysClockFreq
                0x0000000008004a6c      0x16c Drivers/STM32F4xx_HAL_Driver/Src/stm32f4xx_hal_rcc.o
                0x0000000008004a6c                HAL_RCC_GetSysClockFreq
 .text.HAL_RCC_GetHCLKFreq
                0x0000000008004bd8       0x18 Drivers/STM32F4xx_HAL_Driver/Src/stm32f4xx_hal_rcc.o
                0x0000000008004bd8                HAL_RCC_GetHCLKFreq
 .text.HAL_RCC_GetPCLK1Freq
                0x0000000008004bf0       0x28 Drivers/STM32F4xx_HAL_Driver/Src/stm32f4xx_hal_rcc.o
                0x0000000008004bf0                HAL_RCC_GetPCLK1Freq
 .text._OnButtonPressed
                0x0000000008004c18       0x30 /home/zopa/STM32CubeIDE/workspace_1.6.0/GLMish/Drivers/EmWin/libemWin_nosnts_cm4f_gcc.a(BUTTON.o)
 .text._OnButtonReleased
                0x0000000008004c48       0x40 /home/zopa/STM32CubeIDE/workspace_1.6.0/GLMish/Drivers/EmWin/libemWin_nosnts_cm4f_gcc.a(BUTTON.o)
 .text._OnTouchDefault
                0x0000000008004c88       0x42 /home/zopa/STM32CubeIDE/workspace_1.6.0/GLMish/Drivers/EmWin/libemWin_nosnts_cm4f_gcc.a(BUTTON.o)
 *fill*         0x0000000008004cca        0x2 
 .text.BUTTON_Callback
                0x0000000008004ccc       0xd8 /home/zopa/STM32CubeIDE/workspace_1.6.0/GLMish/Drivers/EmWin/libemWin_nosnts_cm4f_gcc.a(BUTTON.o)
                0x0000000008004ccc                BUTTON_Callback
 .text.BUTTON_CreateUser
                0x0000000008004da4       0x70 /home/zopa/STM32CubeIDE/workspace_1.6.0/GLMish/Drivers/EmWin/libemWin_nosnts_cm4f_gcc.a(BUTTON.o)
                0x0000000008004da4                BUTTON_CreateUser
 .text.BUTTON_CreateEx
                0x0000000008004e14       0x20 /home/zopa/STM32CubeIDE/workspace_1.6.0/GLMish/Drivers/EmWin/libemWin_nosnts_cm4f_gcc.a(BUTTON.o)
                0x0000000008004e14                BUTTON_CreateEx
 .text.BUTTON_Create
                0x0000000008004e34       0x1a /home/zopa/STM32CubeIDE/workspace_1.6.0/GLMish/Drivers/EmWin/libemWin_nosnts_cm4f_gcc.a(BUTTON.o)
                0x0000000008004e34                BUTTON_Create
 .text.BUTTON_SetText
                0x0000000008004e4e       0x52 /home/zopa/STM32CubeIDE/workspace_1.6.0/GLMish/Drivers/EmWin/libemWin_nosnts_cm4f_gcc.a(BUTTON.o)
                0x0000000008004e4e                BUTTON_SetText
 .text._Create  0x0000000008004ea0       0x36 /home/zopa/STM32CubeIDE/workspace_1.6.0/GLMish/Drivers/EmWin/libemWin_nosnts_cm4f_gcc.a(BUTTON_Skin.o)
 .text._Paint   0x0000000008004ed6       0x84 /home/zopa/STM32CubeIDE/workspace_1.6.0/GLMish/Drivers/EmWin/libemWin_nosnts_cm4f_gcc.a(BUTTON_Skin.o)
 *fill*         0x0000000008004f5a        0x2 
 .text.BUTTON_DrawSkinFlex
                0x0000000008004f5c      0x23c /home/zopa/STM32CubeIDE/workspace_1.6.0/GLMish/Drivers/EmWin/libemWin_nosnts_cm4f_gcc.a(BUTTON_SkinFlex.o)
                0x0000000008004f5c                BUTTON_DrawSkinFlex
 .text.GUI_DrawRect
                0x0000000008005198       0x84 /home/zopa/STM32CubeIDE/workspace_1.6.0/GLMish/Drivers/EmWin/libemWin_nosnts_cm4f_gcc.a(GUI_2DLib.o)
                0x0000000008005198                GUI_DrawRect
 .text._GetTwinArcPara
                0x000000000800521c       0x52 /home/zopa/STM32CubeIDE/workspace_1.6.0/GLMish/Drivers/EmWin/libemWin_nosnts_cm4f_gcc.a(GUI__DrawTwinArc.o)
 *fill*         0x000000000800526e        0x2 
 .text.GUI__DrawTwinArc4
                0x0000000008005270      0x1cc /home/zopa/STM32CubeIDE/workspace_1.6.0/GLMish/Drivers/EmWin/libemWin_nosnts_cm4f_gcc.a(GUI__DrawTwinArc.o)
                0x0000000008005270                GUI__DrawTwinArc4
 .text.GUI__HandleEOLine
                0x000000000800543c       0x24 /home/zopa/STM32CubeIDE/workspace_1.6.0/GLMish/Drivers/EmWin/libemWin_nosnts_cm4f_gcc.a(GUI__Private.o)
                0x000000000800543c                GUI__HandleEOLine
 .text.GUI__IntersectRect
                0x0000000008005460       0x3a /home/zopa/STM32CubeIDE/workspace_1.6.0/GLMish/Drivers/EmWin/libemWin_nosnts_cm4f_gcc.a(GUI__Private.o)
                0x0000000008005460                GUI__IntersectRect
 .text.GUI__IntersectRects
                0x000000000800549a       0x54 /home/zopa/STM32CubeIDE/workspace_1.6.0/GLMish/Drivers/EmWin/libemWin_nosnts_cm4f_gcc.a(GUI__Private.o)
                0x000000000800549a                GUI__IntersectRects
 .text.GUI__ReduceRect
                0x00000000080054ee       0x1c /home/zopa/STM32CubeIDE/workspace_1.6.0/GLMish/Drivers/EmWin/libemWin_nosnts_cm4f_gcc.a(GUI__Private.o)
                0x00000000080054ee                GUI__ReduceRect
 .text.GUI__sqrt32
                0x000000000800550a       0x24 /home/zopa/STM32CubeIDE/workspace_1.6.0/GLMish/Drivers/EmWin/libemWin_nosnts_cm4f_gcc.a(GUI__Private.o)
                0x000000000800550a                GUI__sqrt32
 *fill*         0x000000000800552e        0x2 
 .text.GUI__strcmp
                0x0000000008005530       0x1c /home/zopa/STM32CubeIDE/workspace_1.6.0/GLMish/Drivers/EmWin/libemWin_nosnts_cm4f_gcc.a(GUI__Private.o)
                0x0000000008005530                GUI__strcmp
 .text.GUI__strcmp_hp
                0x000000000800554c       0x28 /home/zopa/STM32CubeIDE/workspace_1.6.0/GLMish/Drivers/EmWin/libemWin_nosnts_cm4f_gcc.a(GUI__Private.o)
                0x000000000800554c                GUI__strcmp_hp
 .text.GUI__strlen
                0x0000000008005574       0x14 /home/zopa/STM32CubeIDE/workspace_1.6.0/GLMish/Drivers/EmWin/libemWin_nosnts_cm4f_gcc.a(GUI__Private.o)
                0x0000000008005574                GUI__strlen
 .text.GUI__SetText
                0x0000000008005588       0x80 /home/zopa/STM32CubeIDE/workspace_1.6.0/GLMish/Drivers/EmWin/libemWin_nosnts_cm4f_gcc.a(GUI__Private.o)
                0x0000000008005588                GUI__SetText
 .text._PushFreeBlock
                0x0000000008005608       0x24 /home/zopa/STM32CubeIDE/workspace_1.6.0/GLMish/Drivers/EmWin/libemWin_nosnts_cm4f_gcc.a(GUI_Alloc.o)
 .text._RemoveFreeBlock
                0x000000000800562c       0x40 /home/zopa/STM32CubeIDE/workspace_1.6.0/GLMish/Drivers/EmWin/libemWin_nosnts_cm4f_gcc.a(GUI_Alloc.o)
 .text._AddFreeMemory
                0x000000000800566c       0xa4 /home/zopa/STM32CubeIDE/workspace_1.6.0/GLMish/Drivers/EmWin/libemWin_nosnts_cm4f_gcc.a(GUI_Alloc.o)
 .text._RemoveHoles
                0x0000000008005710       0x94 /home/zopa/STM32CubeIDE/workspace_1.6.0/GLMish/Drivers/EmWin/libemWin_nosnts_cm4f_gcc.a(GUI_Alloc.o)
 .text.GUI_ALLOC_FreeFixedBlock
                0x00000000080057a4       0x14 /home/zopa/STM32CubeIDE/workspace_1.6.0/GLMish/Drivers/EmWin/libemWin_nosnts_cm4f_gcc.a(GUI_Alloc.o)
                0x00000000080057a4                GUI_ALLOC_FreeFixedBlock
 .text.GUI_ALLOC_h2p
                0x00000000080057b8       0x14 /home/zopa/STM32CubeIDE/workspace_1.6.0/GLMish/Drivers/EmWin/libemWin_nosnts_cm4f_gcc.a(GUI_Alloc.o)
                0x00000000080057b8                GUI_ALLOC_h2p
 .text.GUI_ALLOC_LockH
                0x00000000080057cc       0x1c /home/zopa/STM32CubeIDE/workspace_1.6.0/GLMish/Drivers/EmWin/libemWin_nosnts_cm4f_gcc.a(GUI_Alloc.o)
                0x00000000080057cc                GUI_ALLOC_LockH
 .text.GUI_ALLOC_UnlockH
                0x00000000080057e8       0x30 /home/zopa/STM32CubeIDE/workspace_1.6.0/GLMish/Drivers/EmWin/libemWin_nosnts_cm4f_gcc.a(GUI_Alloc.o)
                0x00000000080057e8                GUI_ALLOC_UnlockH
 .text.GUI_ALLOC_AssignMemory
                0x0000000008005818       0x10 /home/zopa/STM32CubeIDE/workspace_1.6.0/GLMish/Drivers/EmWin/libemWin_nosnts_cm4f_gcc.a(GUI_Alloc.o)
                0x0000000008005818                GUI_ALLOC_AssignMemory
 .text.GUI_ALLOC_GetSize
                0x0000000008005828       0x18 /home/zopa/STM32CubeIDE/workspace_1.6.0/GLMish/Drivers/EmWin/libemWin_nosnts_cm4f_gcc.a(GUI_Alloc.o)
                0x0000000008005828                GUI_ALLOC_GetSize
 .text.GUI_ALLOC_Free
                0x0000000008005840       0x28 /home/zopa/STM32CubeIDE/workspace_1.6.0/GLMish/Drivers/EmWin/libemWin_nosnts_cm4f_gcc.a(GUI_Alloc.o)
                0x0000000008005840                GUI_ALLOC_Free
 .text._EnlargeBlocks
                0x0000000008005868       0xa0 /home/zopa/STM32CubeIDE/workspace_1.6.0/GLMish/Drivers/EmWin/libemWin_nosnts_cm4f_gcc.a(GUI_Alloc.o)
 .text._InitOnce
                0x0000000008005908       0x68 /home/zopa/STM32CubeIDE/workspace_1.6.0/GLMish/Drivers/EmWin/libemWin_nosnts_cm4f_gcc.a(GUI_Alloc.o)
 .text.GUI_ALLOC_GetFixedBlock
                0x0000000008005970       0xa4 /home/zopa/STM32CubeIDE/workspace_1.6.0/GLMish/Drivers/EmWin/libemWin_nosnts_cm4f_gcc.a(GUI_Alloc.o)
                0x0000000008005970                GUI_ALLOC_GetFixedBlock
 .text.GUI_ALLOC_GetMaxSize
                0x0000000008005a14       0x38 /home/zopa/STM32CubeIDE/workspace_1.6.0/GLMish/Drivers/EmWin/libemWin_nosnts_cm4f_gcc.a(GUI_Alloc.o)
                0x0000000008005a14                GUI_ALLOC_GetMaxSize
 .text.GUI_ALLOC_RequestSize
                0x0000000008005a4c       0x2c /home/zopa/STM32CubeIDE/workspace_1.6.0/GLMish/Drivers/EmWin/libemWin_nosnts_cm4f_gcc.a(GUI_Alloc.o)
                0x0000000008005a4c                GUI_ALLOC_RequestSize
 .text._Alloc   0x0000000008005a78       0xec /home/zopa/STM32CubeIDE/workspace_1.6.0/GLMish/Drivers/EmWin/libemWin_nosnts_cm4f_gcc.a(GUI_Alloc.o)
 .text.GUI_ALLOC_AllocNoInit
                0x0000000008005b64        0x8 /home/zopa/STM32CubeIDE/workspace_1.6.0/GLMish/Drivers/EmWin/libemWin_nosnts_cm4f_gcc.a(GUI_Alloc.o)
                0x0000000008005b64                GUI_ALLOC_AllocNoInit
 .text.GUI_ALLOC_FreePtr
                0x0000000008005b6c       0x10 /home/zopa/STM32CubeIDE/workspace_1.6.0/GLMish/Drivers/EmWin/libemWin_nosnts_cm4f_gcc.a(GUI_Alloc.o)
                0x0000000008005b6c                GUI_ALLOC_FreePtr
 .text.GUI_ALLOC_FreePtrArray
                0x0000000008005b7c       0x1a /home/zopa/STM32CubeIDE/workspace_1.6.0/GLMish/Drivers/EmWin/libemWin_nosnts_cm4f_gcc.a(GUI_Alloc.o)
                0x0000000008005b7c                GUI_ALLOC_FreePtrArray
 *fill*         0x0000000008005b96        0x2 
 .text.GUI_ALLOC_AllocZero
                0x0000000008005b98       0x30 /home/zopa/STM32CubeIDE/workspace_1.6.0/GLMish/Drivers/EmWin/libemWin_nosnts_cm4f_gcc.a(GUI_Alloc.o)
                0x0000000008005b98                GUI_ALLOC_AllocZero
 .text.GUI_GetYAdjust
                0x0000000008005bc8       0x30 /home/zopa/STM32CubeIDE/workspace_1.6.0/GLMish/Drivers/EmWin/libemWin_nosnts_cm4f_gcc.a(GUI_Char.o)
                0x0000000008005bc8                GUI_GetYAdjust
 .text.GUI_GetFontDistY
                0x0000000008005bf8       0x10 /home/zopa/STM32CubeIDE/workspace_1.6.0/GLMish/Drivers/EmWin/libemWin_nosnts_cm4f_gcc.a(GUI_Char.o)
                0x0000000008005bf8                GUI_GetFontDistY
 .text.GUI_GetCharDistX
                0x0000000008005c08       0x10 /home/zopa/STM32CubeIDE/workspace_1.6.0/GLMish/Drivers/EmWin/libemWin_nosnts_cm4f_gcc.a(GUI_Char.o)
                0x0000000008005c08                GUI_GetCharDistX
 .text.GUI_GetCharDistXEx
                0x0000000008005c18       0x10 /home/zopa/STM32CubeIDE/workspace_1.6.0/GLMish/Drivers/EmWin/libemWin_nosnts_cm4f_gcc.a(GUI_Char.o)
                0x0000000008005c18                GUI_GetCharDistXEx
 .text.GUIMONO_DispChar
                0x0000000008005c28      0x13c /home/zopa/STM32CubeIDE/workspace_1.6.0/GLMish/Drivers/EmWin/libemWin_nosnts_cm4f_gcc.a(GUI_CharM.o)
                0x0000000008005c28                GUIMONO_DispChar
 .text.GUIMONO_GetCharDistX
                0x0000000008005d64       0x18 /home/zopa/STM32CubeIDE/workspace_1.6.0/GLMish/Drivers/EmWin/libemWin_nosnts_cm4f_gcc.a(GUI_CharM.o)
                0x0000000008005d64                GUIMONO_GetCharDistX
 .text.GUIMONO_GetFontInfo
                0x0000000008005d7c        0x6 /home/zopa/STM32CubeIDE/workspace_1.6.0/GLMish/Drivers/EmWin/libemWin_nosnts_cm4f_gcc.a(GUI_CharM.o)
                0x0000000008005d7c                GUIMONO_GetFontInfo
 .text.GUIMONO_IsInFont
                0x0000000008005d82       0x36 /home/zopa/STM32CubeIDE/workspace_1.6.0/GLMish/Drivers/EmWin/libemWin_nosnts_cm4f_gcc.a(GUI_CharM.o)
                0x0000000008005d82                GUIMONO_IsInFont
 .text.GUIPROP__FindChar
                0x0000000008005db8       0x14 /home/zopa/STM32CubeIDE/workspace_1.6.0/GLMish/Drivers/EmWin/libemWin_nosnts_cm4f_gcc.a(GUI_CharP.o)
                0x0000000008005db8                GUIPROP__FindChar
 .text.GUIPROP_DispChar
                0x0000000008005dcc       0xec /home/zopa/STM32CubeIDE/workspace_1.6.0/GLMish/Drivers/EmWin/libemWin_nosnts_cm4f_gcc.a(GUI_CharP.o)
                0x0000000008005dcc                GUIPROP_DispChar
 .text.GUIPROP_GetCharDistX
                0x0000000008005eb8       0x3c /home/zopa/STM32CubeIDE/workspace_1.6.0/GLMish/Drivers/EmWin/libemWin_nosnts_cm4f_gcc.a(GUI_CharP.o)
                0x0000000008005eb8                GUIPROP_GetCharDistX
 .text.GUIPROP_GetFontInfo
                0x0000000008005ef4        0x6 /home/zopa/STM32CubeIDE/workspace_1.6.0/GLMish/Drivers/EmWin/libemWin_nosnts_cm4f_gcc.a(GUI_CharP.o)
                0x0000000008005ef4                GUIPROP_GetFontInfo
 .text.GUIPROP_IsInFont
                0x0000000008005efa       0x10 /home/zopa/STM32CubeIDE/workspace_1.6.0/GLMish/Drivers/EmWin/libemWin_nosnts_cm4f_gcc.a(GUI_CharP.o)
                0x0000000008005efa                GUIPROP_IsInFont
 .text.GUI_CalcColorDist
                0x0000000008005f0a       0x4e /home/zopa/STM32CubeIDE/workspace_1.6.0/GLMish/Drivers/EmWin/libemWin_nosnts_cm4f_gcc.a(GUI_Common.o)
                0x0000000008005f0a                GUI_CalcColorDist
 .text.GUI_GetClientRect
                0x0000000008005f58        0x8 /home/zopa/STM32CubeIDE/workspace_1.6.0/GLMish/Drivers/EmWin/libemWin_nosnts_cm4f_gcc.a(GUI_Common.o)
                0x0000000008005f58                GUI_GetClientRect
 .text.GUI_GetBkColor
                0x0000000008005f60        0xe /home/zopa/STM32CubeIDE/workspace_1.6.0/GLMish/Drivers/EmWin/libemWin_nosnts_cm4f_gcc.a(GUI_Common.o)
                0x0000000008005f60                GUI_GetBkColor
 .text.GUI_GetColor
                0x0000000008005f6e        0xe /home/zopa/STM32CubeIDE/workspace_1.6.0/GLMish/Drivers/EmWin/libemWin_nosnts_cm4f_gcc.a(GUI_Common.o)
                0x0000000008005f6e                GUI_GetColor
 .text.GUI_GetOrg
                0x0000000008005f7c       0x1c /home/zopa/STM32CubeIDE/workspace_1.6.0/GLMish/Drivers/EmWin/libemWin_nosnts_cm4f_gcc.a(GUI_Common.o)
                0x0000000008005f7c                GUI_GetOrg
 .text.GUI_MergeRect
                0x0000000008005f98       0x56 /home/zopa/STM32CubeIDE/workspace_1.6.0/GLMish/Drivers/EmWin/libemWin_nosnts_cm4f_gcc.a(GUI_Common.o)
                0x0000000008005f98                GUI_MergeRect
 .text.GUI_MoveRect
                0x0000000008005fee       0x20 /home/zopa/STM32CubeIDE/workspace_1.6.0/GLMish/Drivers/EmWin/libemWin_nosnts_cm4f_gcc.a(GUI_Common.o)
                0x0000000008005fee                GUI_MoveRect
 *fill*         0x000000000800600e        0x2 
 .text.GUI_Exec1
                0x0000000008006010       0x40 /home/zopa/STM32CubeIDE/workspace_1.6.0/GLMish/Drivers/EmWin/libemWin_nosnts_cm4f_gcc.a(GUI_Common.o)
                0x0000000008006010                GUI_Exec1
 .text.GUI_Exec
                0x0000000008006050       0x12 /home/zopa/STM32CubeIDE/workspace_1.6.0/GLMish/Drivers/EmWin/libemWin_nosnts_cm4f_gcc.a(GUI_Common.o)
                0x0000000008006050                GUI_Exec
 *fill*         0x0000000008006062        0x2 
 .text.GUI_GotoXY
                0x0000000008006064       0x10 /home/zopa/STM32CubeIDE/workspace_1.6.0/GLMish/Drivers/EmWin/libemWin_nosnts_cm4f_gcc.a(GUI_Common.o)
                0x0000000008006064                GUI_GotoXY
 .text.GUI_SetPenSize
                0x0000000008006074       0x10 /home/zopa/STM32CubeIDE/workspace_1.6.0/GLMish/Drivers/EmWin/libemWin_nosnts_cm4f_gcc.a(GUI_Common.o)
                0x0000000008006074                GUI_SetPenSize
 .text.GUI_RectsIntersect
                0x0000000008006084       0x3a /home/zopa/STM32CubeIDE/workspace_1.6.0/GLMish/Drivers/EmWin/libemWin_nosnts_cm4f_gcc.a(GUI_Common.o)
                0x0000000008006084                GUI_RectsIntersect
 *fill*         0x00000000080060be        0x2 
 .text.GUI_SaveContext_W
                0x00000000080060c0       0x14 /home/zopa/STM32CubeIDE/workspace_1.6.0/GLMish/Drivers/EmWin/libemWin_nosnts_cm4f_gcc.a(GUI_Common.o)
                0x00000000080060c0                GUI_SaveContext_W
 .text.GUI_RestoreContext
                0x00000000080060d4       0x14 /home/zopa/STM32CubeIDE/workspace_1.6.0/GLMish/Drivers/EmWin/libemWin_nosnts_cm4f_gcc.a(GUI_Common.o)
                0x00000000080060d4                GUI_RestoreContext
 .text.GUI_SelectLCD
                0x00000000080060e8       0x12 /home/zopa/STM32CubeIDE/workspace_1.6.0/GLMish/Drivers/EmWin/libemWin_nosnts_cm4f_gcc.a(GUI_Common.o)
                0x00000000080060e8                GUI_SelectLCD
 .text.GUI_SetBkColor
                0x00000000080060fa        0x4 /home/zopa/STM32CubeIDE/workspace_1.6.0/GLMish/Drivers/EmWin/libemWin_nosnts_cm4f_gcc.a(GUI_Common.o)
                0x00000000080060fa                GUI_SetBkColor
 .text.GUI_SetColor
                0x00000000080060fe        0x4 /home/zopa/STM32CubeIDE/workspace_1.6.0/GLMish/Drivers/EmWin/libemWin_nosnts_cm4f_gcc.a(GUI_Common.o)
                0x00000000080060fe                GUI_SetColor
 .text.GUI_SetDrawMode
                0x0000000008006102        0x4 /home/zopa/STM32CubeIDE/workspace_1.6.0/GLMish/Drivers/EmWin/libemWin_nosnts_cm4f_gcc.a(GUI_Common.o)
                0x0000000008006102                GUI_SetDrawMode
 *fill*         0x0000000008006106        0x2 
 .text.GUI_SetFont
                0x0000000008006108       0x14 /home/zopa/STM32CubeIDE/workspace_1.6.0/GLMish/Drivers/EmWin/libemWin_nosnts_cm4f_gcc.a(GUI_Common.o)
                0x0000000008006108                GUI_SetFont
 .text.GUI_SetLineStyle
                0x000000000800611c       0x10 /home/zopa/STM32CubeIDE/workspace_1.6.0/GLMish/Drivers/EmWin/libemWin_nosnts_cm4f_gcc.a(GUI_Common.o)
                0x000000000800611c                GUI_SetLineStyle
 .text.GUI_SetOrg
                0x000000000800612c       0x38 /home/zopa/STM32CubeIDE/workspace_1.6.0/GLMish/Drivers/EmWin/libemWin_nosnts_cm4f_gcc.a(GUI_Common.o)
                0x000000000800612c                GUI_SetOrg
 .text.GUI_SetTextAlign
                0x0000000008006164       0x14 /home/zopa/STM32CubeIDE/workspace_1.6.0/GLMish/Drivers/EmWin/libemWin_nosnts_cm4f_gcc.a(GUI_Common.o)
                0x0000000008006164                GUI_SetTextAlign
 .text.GUI_SetTextMode
                0x0000000008006178       0x14 /home/zopa/STM32CubeIDE/workspace_1.6.0/GLMish/Drivers/EmWin/libemWin_nosnts_cm4f_gcc.a(GUI_Common.o)
                0x0000000008006178                GUI_SetTextMode
 .text.GL_SetDefault
                0x000000000800618c       0x48 /home/zopa/STM32CubeIDE/workspace_1.6.0/GLMish/Drivers/EmWin/libemWin_nosnts_cm4f_gcc.a(GUI_Common.o)
                0x000000000800618c                GL_SetDefault
 .text._OnExit  0x00000000080061d4       0x50 /home/zopa/STM32CubeIDE/workspace_1.6.0/GLMish/Drivers/EmWin/libemWin_nosnts_cm4f_gcc.a(GUI_Core.o)
 .text.GUI_SetDefaultFont
                0x0000000008006224        0xc /home/zopa/STM32CubeIDE/workspace_1.6.0/GLMish/Drivers/EmWin/libemWin_nosnts_cm4f_gcc.a(GUI_Core.o)
                0x0000000008006224                GUI_SetDefaultFont
 .text.GUI_ClearRect
                0x0000000008006230       0x60 /home/zopa/STM32CubeIDE/workspace_1.6.0/GLMish/Drivers/EmWin/libemWin_nosnts_cm4f_gcc.a(GUI_Core.o)
                0x0000000008006230                GUI_ClearRect
 .text.GUI_Clear
                0x0000000008006290       0x20 /home/zopa/STM32CubeIDE/workspace_1.6.0/GLMish/Drivers/EmWin/libemWin_nosnts_cm4f_gcc.a(GUI_Core.o)
                0x0000000008006290                GUI_Clear
 .text.GUI__RegisterExit
                0x00000000080062b0       0x10 /home/zopa/STM32CubeIDE/workspace_1.6.0/GLMish/Drivers/EmWin/libemWin_nosnts_cm4f_gcc.a(GUI_Core.o)
                0x00000000080062b0                GUI__RegisterExit
 .text.GUI__Config
                0x00000000080062c0       0x30 /home/zopa/STM32CubeIDE/workspace_1.6.0/GLMish/Drivers/EmWin/libemWin_nosnts_cm4f_gcc.a(GUI_Core.o)
                0x00000000080062c0                GUI__Config
 .text.GUI_Init
                0x00000000080062f0       0xec /home/zopa/STM32CubeIDE/workspace_1.6.0/GLMish/Drivers/EmWin/libemWin_nosnts_cm4f_gcc.a(GUI_Core.o)
                0x00000000080062f0                GUI_Init
 .text.GUI_DEVICE__GetpDriver
                0x00000000080063dc       0x20 /home/zopa/STM32CubeIDE/workspace_1.6.0/GLMish/Drivers/EmWin/libemWin_nosnts_cm4f_gcc.a(GUI_Device.o)
                0x00000000080063dc                GUI_DEVICE__GetpDriver
 .text.GUI_DEVICE_Delete
                0x00000000080063fc        0x4 /home/zopa/STM32CubeIDE/workspace_1.6.0/GLMish/Drivers/EmWin/libemWin_nosnts_cm4f_gcc.a(GUI_Device.o)
                0x00000000080063fc                GUI_DEVICE_Delete
 .text.GUI_DEVICE_Create
                0x0000000008006400       0x4c /home/zopa/STM32CubeIDE/workspace_1.6.0/GLMish/Drivers/EmWin/libemWin_nosnts_cm4f_gcc.a(GUI_Device.o)
                0x0000000008006400                GUI_DEVICE_Create
 .text.GUI_DEVICE_Unlink
                0x000000000800644c       0x30 /home/zopa/STM32CubeIDE/workspace_1.6.0/GLMish/Drivers/EmWin/libemWin_nosnts_cm4f_gcc.a(GUI_Device.o)
                0x000000000800644c                GUI_DEVICE_Unlink
 .text.GUI_DEVICE_Link
                0x000000000800647c       0x88 /home/zopa/STM32CubeIDE/workspace_1.6.0/GLMish/Drivers/EmWin/libemWin_nosnts_cm4f_gcc.a(GUI_Device.o)
                0x000000000800647c                GUI_DEVICE_Link
 .text.GUI_DEVICE_CreateAndLink
                0x0000000008006504       0x28 /home/zopa/STM32CubeIDE/workspace_1.6.0/GLMish/Drivers/EmWin/libemWin_nosnts_cm4f_gcc.a(GUI_Device.o)
                0x0000000008006504                GUI_DEVICE_CreateAndLink
 .text.GUI_DispString
                0x000000000800652c      0x104 /home/zopa/STM32CubeIDE/workspace_1.6.0/GLMish/Drivers/EmWin/libemWin_nosnts_cm4f_gcc.a(GUI_DispString.o)
                0x000000000800652c                GUI_DispString
 .text.GUI_DispStringAt
                0x0000000008006630       0x10 /home/zopa/STM32CubeIDE/workspace_1.6.0/GLMish/Drivers/EmWin/libemWin_nosnts_cm4f_gcc.a(GUI_DispString.o)
                0x0000000008006630                GUI_DispStringAt
 .text.GUI_DispStringHCenterAt
                0x0000000008006640       0x34 /home/zopa/STM32CubeIDE/workspace_1.6.0/GLMish/Drivers/EmWin/libemWin_nosnts_cm4f_gcc.a(GUI_DispString.o)
                0x0000000008006640                GUI_DispStringHCenterAt
 .text.GUI__DispStringInRect
                0x0000000008006674      0x1f4 /home/zopa/STM32CubeIDE/workspace_1.6.0/GLMish/Drivers/EmWin/libemWin_nosnts_cm4f_gcc.a(GUI_DispString.o)
                0x0000000008006674                GUI__DispStringInRect
 .text.GUI_DispStringInRectMax
                0x0000000008006868       0x46 /home/zopa/STM32CubeIDE/workspace_1.6.0/GLMish/Drivers/EmWin/libemWin_nosnts_cm4f_gcc.a(GUI_DispString.o)
                0x0000000008006868                GUI_DispStringInRectMax
 .text.GUI_DispStringInRect
                0x00000000080068ae        0x8 /home/zopa/STM32CubeIDE/workspace_1.6.0/GLMish/Drivers/EmWin/libemWin_nosnts_cm4f_gcc.a(GUI_DispString.o)
                0x00000000080068ae                GUI_DispStringInRect
 .text.GUI_DRAW__Draw
                0x00000000080068b6       0x32 /home/zopa/STM32CubeIDE/workspace_1.6.0/GLMish/Drivers/EmWin/libemWin_nosnts_cm4f_gcc.a(GUI_DRAW.o)
                0x00000000080068b6                GUI_DRAW__Draw
 .text._DrawGradient
                0x00000000080068e8      0x196 /home/zopa/STM32CubeIDE/workspace_1.6.0/GLMish/Drivers/EmWin/libemWin_nosnts_cm4f_gcc.a(GUI_DrawGradient.o)
 *fill*         0x0000000008006a7e        0x2 
 .text.GUI_DrawGradientV
                0x0000000008006a80       0x64 /home/zopa/STM32CubeIDE/workspace_1.6.0/GLMish/Drivers/EmWin/libemWin_nosnts_cm4f_gcc.a(GUI_DrawGradient.o)
                0x0000000008006a80                GUI_DrawGradientV
 .text.GUI_DrawHLine
                0x0000000008006ae4       0x48 /home/zopa/STM32CubeIDE/workspace_1.6.0/GLMish/Drivers/EmWin/libemWin_nosnts_cm4f_gcc.a(GUI_DrawLib.o)
                0x0000000008006ae4                GUI_DrawHLine
 .text.GL_DrawPoint
                0x0000000008006b2c       0x20 /home/zopa/STM32CubeIDE/workspace_1.6.0/GLMish/Drivers/EmWin/libemWin_nosnts_cm4f_gcc.a(GUI_DrawLib.o)
                0x0000000008006b2c                GL_DrawPoint
 .text.GUI_DrawVLine
                0x0000000008006b4c       0x44 /home/zopa/STM32CubeIDE/workspace_1.6.0/GLMish/Drivers/EmWin/libemWin_nosnts_cm4f_gcc.a(GUI_DrawLib.o)
                0x0000000008006b4c                GUI_DrawVLine
 .text.GUI_FillRect
                0x0000000008006b90       0x44 /home/zopa/STM32CubeIDE/workspace_1.6.0/GLMish/Drivers/EmWin/libemWin_nosnts_cm4f_gcc.a(GUI_DrawLib.o)
                0x0000000008006b90                GUI_FillRect
 .text._SetLineColor
                0x0000000008006bd4       0x7c /home/zopa/STM32CubeIDE/workspace_1.6.0/GLMish/Drivers/EmWin/libemWin_nosnts_cm4f_gcc.a(GUI_DrawLine.o)
 .text.GUI_sin  0x0000000008006c50       0x5c /home/zopa/STM32CubeIDE/workspace_1.6.0/GLMish/Drivers/EmWin/libemWin_nosnts_cm4f_gcc.a(GUI_DrawLine.o)
                0x0000000008006c50                GUI_sin
 .text.GUI_cos  0x0000000008006cac        0x8 /home/zopa/STM32CubeIDE/workspace_1.6.0/GLMish/Drivers/EmWin/libemWin_nosnts_cm4f_gcc.a(GUI_DrawLine.o)
                0x0000000008006cac                GUI_cos
 .text.GL_DrawLine1Ex
                0x0000000008006cb4      0x1b8 /home/zopa/STM32CubeIDE/workspace_1.6.0/GLMish/Drivers/EmWin/libemWin_nosnts_cm4f_gcc.a(GUI_DrawLine.o)
                0x0000000008006cb4                GL_DrawLine1Ex
 .text.GL_DrawLineEx
                0x0000000008006e6c      0x1b0 /home/zopa/STM32CubeIDE/workspace_1.6.0/GLMish/Drivers/EmWin/libemWin_nosnts_cm4f_gcc.a(GUI_DrawLine.o)
                0x0000000008006e6c                GL_DrawLineEx
 .text.GL_DrawLine
                0x000000000800701c       0x16 /home/zopa/STM32CubeIDE/workspace_1.6.0/GLMish/Drivers/EmWin/libemWin_nosnts_cm4f_gcc.a(GUI_DrawLine.o)
                0x000000000800701c                GL_DrawLine
 *fill*         0x0000000008007032        0x2 
 .text.GUI_DrawLine
                0x0000000008007034       0x40 /home/zopa/STM32CubeIDE/workspace_1.6.0/GLMish/Drivers/EmWin/libemWin_nosnts_cm4f_gcc.a(GUI_DrawLine.o)
                0x0000000008007034                GUI_DrawLine
 .text._Add     0x0000000008007074       0x40 /home/zopa/STM32CubeIDE/workspace_1.6.0/GLMish/Drivers/EmWin/libemWin_nosnts_cm4f_gcc.a(GUI_FillPolygon.o)
 .text.GL_FillPolygon
                0x00000000080070b4      0x1d0 /home/zopa/STM32CubeIDE/workspace_1.6.0/GLMish/Drivers/EmWin/libemWin_nosnts_cm4f_gcc.a(GUI_FillPolygon.o)
                0x00000000080070b4                GL_FillPolygon
 .text.GUI_StoreKey
                0x0000000008007284       0x10 /home/zopa/STM32CubeIDE/workspace_1.6.0/GLMish/Drivers/EmWin/libemWin_nosnts_cm4f_gcc.a(GUI_OnKey.o)
                0x0000000008007284                GUI_StoreKey
 .text.GUI_PollKeyMsg
                0x0000000008007294       0x30 /home/zopa/STM32CubeIDE/workspace_1.6.0/GLMish/Drivers/EmWin/libemWin_nosnts_cm4f_gcc.a(GUI_OnKey.o)
                0x0000000008007294                GUI_PollKeyMsg
 .text.GUI_Delay
                0x00000000080072c4       0x30 /home/zopa/STM32CubeIDE/workspace_1.6.0/GLMish/Drivers/EmWin/libemWin_nosnts_cm4f_gcc.a(GUI_Time.o)
                0x00000000080072c4                GUI_Delay
 .text.GUI_UC__GetCharCodeInc
                0x00000000080072f4       0x28 /home/zopa/STM32CubeIDE/workspace_1.6.0/GLMish/Drivers/EmWin/libemWin_nosnts_cm4f_gcc.a(GUI_UC.o)
                0x00000000080072f4                GUI_UC__GetCharCodeInc
 .text.GUI_UC__NumChars2NumBytes
                0x000000000800731c       0x24 /home/zopa/STM32CubeIDE/workspace_1.6.0/GLMish/Drivers/EmWin/libemWin_nosnts_cm4f_gcc.a(GUI_UC.o)
                0x000000000800731c                GUI_UC__NumChars2NumBytes
 .text._GetCharCode
                0x0000000008007340        0x4 /home/zopa/STM32CubeIDE/workspace_1.6.0/GLMish/Drivers/EmWin/libemWin_nosnts_cm4f_gcc.a(GUI_UC_EncodeNone.o)
 .text._GetCharSize
                0x0000000008007344        0x4 /home/zopa/STM32CubeIDE/workspace_1.6.0/GLMish/Drivers/EmWin/libemWin_nosnts_cm4f_gcc.a(GUI_UC_EncodeNone.o)
 .text._CalcSizeOfChar
                0x0000000008007348        0x4 /home/zopa/STM32CubeIDE/workspace_1.6.0/GLMish/Drivers/EmWin/libemWin_nosnts_cm4f_gcc.a(GUI_UC_EncodeNone.o)
 .text._Encode  0x000000000800734c        0x6 /home/zopa/STM32CubeIDE/workspace_1.6.0/GLMish/Drivers/EmWin/libemWin_nosnts_cm4f_gcc.a(GUI_UC_EncodeNone.o)
 *fill*         0x0000000008007352        0x2 
 .text.GUI_SignalEvent
                0x0000000008007354       0x10 /home/zopa/STM32CubeIDE/workspace_1.6.0/GLMish/Drivers/EmWin/libemWin_nosnts_cm4f_gcc.a(GUI_WaitEvent.o)
                0x0000000008007354                GUI_SignalEvent
 .text.LCD_Color2Index_1
                0x0000000008007364       0x1c /home/zopa/STM32CubeIDE/workspace_1.6.0/GLMish/Drivers/EmWin/libemWin_nosnts_cm4f_gcc.a(GUICC_1.o)
 .text._Index2Color_1
                0x0000000008007380       0x10 /home/zopa/STM32CubeIDE/workspace_1.6.0/GLMish/Drivers/EmWin/libemWin_nosnts_cm4f_gcc.a(GUICC_1.o)
 .text._GetIndexMask_1
                0x0000000008007390        0x4 /home/zopa/STM32CubeIDE/workspace_1.6.0/GLMish/Drivers/EmWin/libemWin_nosnts_cm4f_gcc.a(GUICC_1.o)
 .text._ReadData
                0x0000000008007394        0x4 /home/zopa/STM32CubeIDE/workspace_1.6.0/GLMish/Drivers/EmWin/libemWin_nosnts_cm4f_gcc.a(GUIDRV_SPage.o)
 .text._WriteData
                0x0000000008007398        0x4 /home/zopa/STM32CubeIDE/workspace_1.6.0/GLMish/Drivers/EmWin/libemWin_nosnts_cm4f_gcc.a(GUIDRV_SPage.o)
 .text._Write   0x000000000800739c        0x6 /home/zopa/STM32CubeIDE/workspace_1.6.0/GLMish/Drivers/EmWin/libemWin_nosnts_cm4f_gcc.a(GUIDRV_SPage.o)
 .text._OnExit  0x00000000080073a2       0x38 /home/zopa/STM32CubeIDE/workspace_1.6.0/GLMish/Drivers/EmWin/libemWin_nosnts_cm4f_gcc.a(GUIDRV_SPage.o)
 *fill*         0x00000000080073da        0x2 
 .text._InitOnce.isra.0
                0x00000000080073dc       0x3c /home/zopa/STM32CubeIDE/workspace_1.6.0/GLMish/Drivers/EmWin/libemWin_nosnts_cm4f_gcc.a(GUIDRV_SPage.o)
 .text._SetSize
                0x0000000008007418       0x24 /home/zopa/STM32CubeIDE/workspace_1.6.0/GLMish/Drivers/EmWin/libemWin_nosnts_cm4f_gcc.a(GUIDRV_SPage.o)
 .text._SetVSize
                0x000000000800743c       0x18 /home/zopa/STM32CubeIDE/workspace_1.6.0/GLMish/Drivers/EmWin/libemWin_nosnts_cm4f_gcc.a(GUIDRV_SPage.o)
 .text.GUIDRV__SPage_SetOrg
                0x0000000008007454       0x16 /home/zopa/STM32CubeIDE/workspace_1.6.0/GLMish/Drivers/EmWin/libemWin_nosnts_cm4f_gcc.a(GUIDRV_SPage.o)
                0x0000000008007454                GUIDRV__SPage_SetOrg
 *fill*         0x000000000800746a        0x2 
 .text.GUIDRV__SPage_GetDevFunc
                0x000000000800746c       0x28 /home/zopa/STM32CubeIDE/workspace_1.6.0/GLMish/Drivers/EmWin/libemWin_nosnts_cm4f_gcc.a(GUIDRV_SPage.o)
                0x000000000800746c                GUIDRV__SPage_GetDevFunc
 .text.GUIDRV__SPage_GetDevProp
                0x0000000008007494       0x32 /home/zopa/STM32CubeIDE/workspace_1.6.0/GLMish/Drivers/EmWin/libemWin_nosnts_cm4f_gcc.a(GUIDRV_SPage.o)
                0x0000000008007494                GUIDRV__SPage_GetDevProp
 .text.GUIDRV__SPage_GetRect
                0x00000000080074c6       0x16 /home/zopa/STM32CubeIDE/workspace_1.6.0/GLMish/Drivers/EmWin/libemWin_nosnts_cm4f_gcc.a(GUIDRV_SPage.o)
                0x00000000080074c6                GUIDRV__SPage_GetRect
 .text.GUIDRV__SPage_Init
                0x00000000080074dc       0x18 /home/zopa/STM32CubeIDE/workspace_1.6.0/GLMish/Drivers/EmWin/libemWin_nosnts_cm4f_gcc.a(GUIDRV_SPage.o)
                0x00000000080074dc                GUIDRV__SPage_Init
 .text.GUIDRV_SPage_Config
                0x00000000080074f4       0x1a /home/zopa/STM32CubeIDE/workspace_1.6.0/GLMish/Drivers/EmWin/libemWin_nosnts_cm4f_gcc.a(GUIDRV_SPage.o)
                0x00000000080074f4                GUIDRV_SPage_Config
 .text.GUIDRV_SPage_SetBus8
                0x000000000800750e       0x1c /home/zopa/STM32CubeIDE/workspace_1.6.0/GLMish/Drivers/EmWin/libemWin_nosnts_cm4f_gcc.a(GUIDRV_SPage.o)
                0x000000000800750e                GUIDRV_SPage_SetBus8
 .text._XorPixel
                0x000000000800752a       0x2e /home/zopa/STM32CubeIDE/workspace_1.6.0/GLMish/Drivers/EmWin/libemWin_nosnts_cm4f_gcc.a(GUIDRV_SPage_1C1.o)
 .text._DrawHLine
                0x0000000008007558        0xe /home/zopa/STM32CubeIDE/workspace_1.6.0/GLMish/Drivers/EmWin/libemWin_nosnts_cm4f_gcc.a(GUIDRV_SPage_1C1.o)
 .text._DrawVLine
                0x0000000008007566       0x10 /home/zopa/STM32CubeIDE/workspace_1.6.0/GLMish/Drivers/EmWin/libemWin_nosnts_cm4f_gcc.a(GUIDRV_SPage_1C1.o)
 *fill*         0x0000000008007576        0x2 
 .text._GetDevData
                0x0000000008007578       0x10 /home/zopa/STM32CubeIDE/workspace_1.6.0/GLMish/Drivers/EmWin/libemWin_nosnts_cm4f_gcc.a(GUIDRV_SPage_1C1.o)
 .text._GetDevProp_1C1
                0x0000000008007588       0x20 /home/zopa/STM32CubeIDE/workspace_1.6.0/GLMish/Drivers/EmWin/libemWin_nosnts_cm4f_gcc.a(GUIDRV_SPage_1C1.o)
 .text._GetDevFunc
                0x00000000080075a8       0x1c /home/zopa/STM32CubeIDE/workspace_1.6.0/GLMish/Drivers/EmWin/libemWin_nosnts_cm4f_gcc.a(GUIDRV_SPage_1C1.o)
 .text._Init    0x00000000080075c4       0x7c /home/zopa/STM32CubeIDE/workspace_1.6.0/GLMish/Drivers/EmWin/libemWin_nosnts_cm4f_gcc.a(GUIDRV_SPage_1C1.o)
 .text._GetPixelIndex_1C1
                0x0000000008007640       0x1a /home/zopa/STM32CubeIDE/workspace_1.6.0/GLMish/Drivers/EmWin/libemWin_nosnts_cm4f_gcc.a(GUIDRV_SPage_1C1.o)
 .text._SetPixelIndex_1C1
                0x000000000800765a       0x56 /home/zopa/STM32CubeIDE/workspace_1.6.0/GLMish/Drivers/EmWin/libemWin_nosnts_cm4f_gcc.a(GUIDRV_SPage_1C1.o)
 .text._FillRect
                0x00000000080076b0      0x1b4 /home/zopa/STM32CubeIDE/workspace_1.6.0/GLMish/Drivers/EmWin/libemWin_nosnts_cm4f_gcc.a(GUIDRV_SPage_1C1.o)
 .text._DrawBitmap
                0x0000000008007864      0xaa0 /home/zopa/STM32CubeIDE/workspace_1.6.0/GLMish/Drivers/EmWin/libemWin_nosnts_cm4f_gcc.a(GUIDRV_SPage_1C1.o)
 .text.GUIDRV__SPage_FlushCache.part.0
                0x0000000008008304       0x60 /home/zopa/STM32CubeIDE/workspace_1.6.0/GLMish/Drivers/EmWin/libemWin_nosnts_cm4f_gcc.a(GUIDRV_SPage_C1.o)
 .text.GUIDRV__SPage_WriteCache
                0x0000000008008364       0x3e /home/zopa/STM32CubeIDE/workspace_1.6.0/GLMish/Drivers/EmWin/libemWin_nosnts_cm4f_gcc.a(GUIDRV_SPage_C1.o)
                0x0000000008008364                GUIDRV__SPage_WriteCache
 .text.GUIDRV__SPage_ReadCache
                0x00000000080083a2        0xe /home/zopa/STM32CubeIDE/workspace_1.6.0/GLMish/Drivers/EmWin/libemWin_nosnts_cm4f_gcc.a(GUIDRV_SPage_C1.o)
                0x00000000080083a2                GUIDRV__SPage_ReadCache
 .text.GUIDRV__SPage_FlushCache
                0x00000000080083b0        0xa /home/zopa/STM32CubeIDE/workspace_1.6.0/GLMish/Drivers/EmWin/libemWin_nosnts_cm4f_gcc.a(GUIDRV_SPage_C1.o)
                0x00000000080083b0                GUIDRV__SPage_FlushCache
 .text.GUIDRV__SPage_AddDirtyRect
                0x00000000080083ba       0x2c /home/zopa/STM32CubeIDE/workspace_1.6.0/GLMish/Drivers/EmWin/libemWin_nosnts_cm4f_gcc.a(GUIDRV_SPage_C1.o)
                0x00000000080083ba                GUIDRV__SPage_AddDirtyRect
 .text.GUIDRV__SPage_ControlCache
                0x00000000080083e6       0x2c /home/zopa/STM32CubeIDE/workspace_1.6.0/GLMish/Drivers/EmWin/libemWin_nosnts_cm4f_gcc.a(GUIDRV_SPage_C1.o)
                0x00000000080083e6                GUIDRV__SPage_ControlCache
 .text._SetAddr
                0x0000000008008412       0x2c /home/zopa/STM32CubeIDE/workspace_1.6.0/GLMish/Drivers/EmWin/libemWin_nosnts_cm4f_gcc.a(GUIDRV_SPage_Set1510.o)
 .text._ReadVMem
                0x000000000800843e       0x18 /home/zopa/STM32CubeIDE/workspace_1.6.0/GLMish/Drivers/EmWin/libemWin_nosnts_cm4f_gcc.a(GUIDRV_SPage_Set1510.o)
 .text._WriteVMem
                0x0000000008008456       0x14 /home/zopa/STM32CubeIDE/workspace_1.6.0/GLMish/Drivers/EmWin/libemWin_nosnts_cm4f_gcc.a(GUIDRV_SPage_Set1510.o)
 *fill*         0x000000000800846a        0x2 
 .text.GUIDRV_SPage_Set1510
                0x000000000800846c       0x28 /home/zopa/STM32CubeIDE/workspace_1.6.0/GLMish/Drivers/EmWin/libemWin_nosnts_cm4f_gcc.a(GUIDRV_SPage_Set1510.o)
                0x000000000800846c                GUIDRV_SPage_Set1510
 .text._SetDrawMode
                0x0000000008008494       0x28 /home/zopa/STM32CubeIDE/workspace_1.6.0/GLMish/Drivers/EmWin/libemWin_nosnts_cm4f_gcc.a(LCD.o)
 .text.LCD_SetDrawMode
                0x00000000080084bc        0xc /home/zopa/STM32CubeIDE/workspace_1.6.0/GLMish/Drivers/EmWin/libemWin_nosnts_cm4f_gcc.a(LCD.o)
                0x00000000080084bc                LCD_SetDrawMode
 .text.LCD_DrawPixel
                0x00000000080084c8       0x60 /home/zopa/STM32CubeIDE/workspace_1.6.0/GLMish/Drivers/EmWin/libemWin_nosnts_cm4f_gcc.a(LCD.o)
                0x00000000080084c8                LCD_DrawPixel
 .text.LCD_DrawHLine
                0x0000000008008528       0x54 /home/zopa/STM32CubeIDE/workspace_1.6.0/GLMish/Drivers/EmWin/libemWin_nosnts_cm4f_gcc.a(LCD.o)
                0x0000000008008528                LCD_DrawHLine
 .text.LCD_DrawVLine
                0x000000000800857c       0x54 /home/zopa/STM32CubeIDE/workspace_1.6.0/GLMish/Drivers/EmWin/libemWin_nosnts_cm4f_gcc.a(LCD.o)
                0x000000000800857c                LCD_DrawVLine
 .text.LCD_FillRect
                0x00000000080085d0       0x58 /home/zopa/STM32CubeIDE/workspace_1.6.0/GLMish/Drivers/EmWin/libemWin_nosnts_cm4f_gcc.a(LCD.o)
                0x00000000080085d0                LCD_FillRect
 .text.LCD__DrawBitmap_1bpp
                0x0000000008008628      0x1d0 /home/zopa/STM32CubeIDE/workspace_1.6.0/GLMish/Drivers/EmWin/libemWin_nosnts_cm4f_gcc.a(LCD.o)
                0x0000000008008628                LCD__DrawBitmap_1bpp
 .text.LCD_DrawBitmap
                0x00000000080087f8      0x21c /home/zopa/STM32CubeIDE/workspace_1.6.0/GLMish/Drivers/EmWin/libemWin_nosnts_cm4f_gcc.a(LCD.o)
                0x00000000080087f8                LCD_DrawBitmap
 .text.LCD_SetClipRectMax
                0x0000000008008a14       0x1c /home/zopa/STM32CubeIDE/workspace_1.6.0/GLMish/Drivers/EmWin/libemWin_nosnts_cm4f_gcc.a(LCD.o)
                0x0000000008008a14                LCD_SetClipRectMax
 .text.LCD_Init
                0x0000000008008a30       0x94 /home/zopa/STM32CubeIDE/workspace_1.6.0/GLMish/Drivers/EmWin/libemWin_nosnts_cm4f_gcc.a(LCD.o)
                0x0000000008008a30                LCD_Init
 .text.LCD_Color2Index
                0x0000000008008ac4       0x1c /home/zopa/STM32CubeIDE/workspace_1.6.0/GLMish/Drivers/EmWin/libemWin_nosnts_cm4f_gcc.a(LCD.o)
                0x0000000008008ac4                LCD_Color2Index
 .text.LCD_Index2Color
                0x0000000008008ae0       0x1c /home/zopa/STM32CubeIDE/workspace_1.6.0/GLMish/Drivers/EmWin/libemWin_nosnts_cm4f_gcc.a(LCD.o)
                0x0000000008008ae0                LCD_Index2Color
 .text.LCD_SetColorIndex
                0x0000000008008afc       0x18 /home/zopa/STM32CubeIDE/workspace_1.6.0/GLMish/Drivers/EmWin/libemWin_nosnts_cm4f_gcc.a(LCD.o)
                0x0000000008008afc                LCD_SetColorIndex
 .text._SetColor
                0x0000000008008b14       0x20 /home/zopa/STM32CubeIDE/workspace_1.6.0/GLMish/Drivers/EmWin/libemWin_nosnts_cm4f_gcc.a(LCD.o)
 .text.LCD_SetBkColorIndex
                0x0000000008008b34       0x18 /home/zopa/STM32CubeIDE/workspace_1.6.0/GLMish/Drivers/EmWin/libemWin_nosnts_cm4f_gcc.a(LCD.o)
                0x0000000008008b34                LCD_SetBkColorIndex
 .text._SetBkColor
                0x0000000008008b4c       0x20 /home/zopa/STM32CubeIDE/workspace_1.6.0/GLMish/Drivers/EmWin/libemWin_nosnts_cm4f_gcc.a(LCD.o)
 .text.LCD_SetBkColor
                0x0000000008008b6c        0xc /home/zopa/STM32CubeIDE/workspace_1.6.0/GLMish/Drivers/EmWin/libemWin_nosnts_cm4f_gcc.a(LCD.o)
                0x0000000008008b6c                LCD_SetBkColor
 .text.LCD_SetColor
                0x0000000008008b78        0xc /home/zopa/STM32CubeIDE/workspace_1.6.0/GLMish/Drivers/EmWin/libemWin_nosnts_cm4f_gcc.a(LCD.o)
                0x0000000008008b78                LCD_SetColor
 .text._OnExit  0x0000000008008b84       0x1c /home/zopa/STM32CubeIDE/workspace_1.6.0/GLMish/Drivers/EmWin/libemWin_nosnts_cm4f_gcc.a(LCD_Color.o)
 .text.LCD_InitColors
                0x0000000008008ba0       0x3c /home/zopa/STM32CubeIDE/workspace_1.6.0/GLMish/Drivers/EmWin/libemWin_nosnts_cm4f_gcc.a(LCD_Color.o)
                0x0000000008008ba0                LCD_InitColors
 .text.LCD_GetpPalConvTableUncached
                0x0000000008008bdc       0x68 /home/zopa/STM32CubeIDE/workspace_1.6.0/GLMish/Drivers/EmWin/libemWin_nosnts_cm4f_gcc.a(LCD_Color.o)
                0x0000000008008bdc                LCD_GetpPalConvTableUncached
 .text.LCD_GetpPalConvTableBM
                0x0000000008008c44        0x4 /home/zopa/STM32CubeIDE/workspace_1.6.0/GLMish/Drivers/EmWin/libemWin_nosnts_cm4f_gcc.a(LCD_Color.o)
                0x0000000008008c44                LCD_GetpPalConvTableBM
 .text.LCD_InitLUT
                0x0000000008008c48       0x7c /home/zopa/STM32CubeIDE/workspace_1.6.0/GLMish/Drivers/EmWin/libemWin_nosnts_cm4f_gcc.a(LCD_Color.o)
                0x0000000008008c48                LCD_InitLUT
 .text.LCD_GetBkColorIndex
                0x0000000008008cc4       0x10 /home/zopa/STM32CubeIDE/workspace_1.6.0/GLMish/Drivers/EmWin/libemWin_nosnts_cm4f_gcc.a(LCD_GetColorIndex.o)
                0x0000000008008cc4                LCD_GetBkColorIndex
 .text.LCD_GetColorIndex
                0x0000000008008cd4       0x10 /home/zopa/STM32CubeIDE/workspace_1.6.0/GLMish/Drivers/EmWin/libemWin_nosnts_cm4f_gcc.a(LCD_GetColorIndex.o)
                0x0000000008008cd4                LCD_GetColorIndex
 .text._GetDevProp.part.0
                0x0000000008008ce4       0x18 /home/zopa/STM32CubeIDE/workspace_1.6.0/GLMish/Drivers/EmWin/libemWin_nosnts_cm4f_gcc.a(LCD_GetEx.o)
 .text._GetDevProp
                0x0000000008008cfc        0xc /home/zopa/STM32CubeIDE/workspace_1.6.0/GLMish/Drivers/EmWin/libemWin_nosnts_cm4f_gcc.a(LCD_GetEx.o)
 .text._GetMaxValue
                0x0000000008008d08       0x10 /home/zopa/STM32CubeIDE/workspace_1.6.0/GLMish/Drivers/EmWin/libemWin_nosnts_cm4f_gcc.a(LCD_GetEx.o)
 .text.LCD_GetXSizeEx
                0x0000000008008d18        0x6 /home/zopa/STM32CubeIDE/workspace_1.6.0/GLMish/Drivers/EmWin/libemWin_nosnts_cm4f_gcc.a(LCD_GetEx.o)
                0x0000000008008d18                LCD_GetXSizeEx
 .text.LCD_GetYSizeEx
                0x0000000008008d1e        0x6 /home/zopa/STM32CubeIDE/workspace_1.6.0/GLMish/Drivers/EmWin/libemWin_nosnts_cm4f_gcc.a(LCD_GetEx.o)
                0x0000000008008d1e                LCD_GetYSizeEx
 .text.LCD_GetVXSizeEx
                0x0000000008008d24        0x6 /home/zopa/STM32CubeIDE/workspace_1.6.0/GLMish/Drivers/EmWin/libemWin_nosnts_cm4f_gcc.a(LCD_GetEx.o)
                0x0000000008008d24                LCD_GetVXSizeEx
 .text.LCD_GetVYSizeEx
                0x0000000008008d2a        0x6 /home/zopa/STM32CubeIDE/workspace_1.6.0/GLMish/Drivers/EmWin/libemWin_nosnts_cm4f_gcc.a(LCD_GetEx.o)
                0x0000000008008d2a                LCD_GetVYSizeEx
 .text.LCD_GetBitsPerPixelEx
                0x0000000008008d30        0x6 /home/zopa/STM32CubeIDE/workspace_1.6.0/GLMish/Drivers/EmWin/libemWin_nosnts_cm4f_gcc.a(LCD_GetEx.o)
                0x0000000008008d30                LCD_GetBitsPerPixelEx
 .text.LCD_GetNumColorsEx
                0x0000000008008d36        0x6 /home/zopa/STM32CubeIDE/workspace_1.6.0/GLMish/Drivers/EmWin/libemWin_nosnts_cm4f_gcc.a(LCD_GetEx.o)
                0x0000000008008d36                LCD_GetNumColorsEx
 .text.LCD_GetXSize
                0x0000000008008d3c       0x10 /home/zopa/STM32CubeIDE/workspace_1.6.0/GLMish/Drivers/EmWin/libemWin_nosnts_cm4f_gcc.a(LCD_GetEx.o)
                0x0000000008008d3c                LCD_GetXSize
 .text.LCD_GetYSize
                0x0000000008008d4c       0x10 /home/zopa/STM32CubeIDE/workspace_1.6.0/GLMish/Drivers/EmWin/libemWin_nosnts_cm4f_gcc.a(LCD_GetEx.o)
                0x0000000008008d4c                LCD_GetYSize
 .text.LCD_GetNumColors
                0x0000000008008d5c       0x10 /home/zopa/STM32CubeIDE/workspace_1.6.0/GLMish/Drivers/EmWin/libemWin_nosnts_cm4f_gcc.a(LCD_GetEx.o)
                0x0000000008008d5c                LCD_GetNumColors
 .text.GUI_GetBitsPerPixelEx
                0x0000000008008d6c       0x14 /home/zopa/STM32CubeIDE/workspace_1.6.0/GLMish/Drivers/EmWin/libemWin_nosnts_cm4f_gcc.a(LCD_GetEx.o)
                0x0000000008008d6c                GUI_GetBitsPerPixelEx
 .text.LCD_GetPaletteEx
                0x0000000008008d80       0x16 /home/zopa/STM32CubeIDE/workspace_1.6.0/GLMish/Drivers/EmWin/libemWin_nosnts_cm4f_gcc.a(LCD_GetEx.o)
                0x0000000008008d80                LCD_GetPaletteEx
 *fill*         0x0000000008008d96        0x2 
 .text.LCD_GetPalette
                0x0000000008008d98       0x10 /home/zopa/STM32CubeIDE/workspace_1.6.0/GLMish/Drivers/EmWin/libemWin_nosnts_cm4f_gcc.a(LCD_GetEx.o)
                0x0000000008008d98                LCD_GetPalette
 .text.GUI_GetpfIndex2ColorEx
                0x0000000008008da8       0x10 /home/zopa/STM32CubeIDE/workspace_1.6.0/GLMish/Drivers/EmWin/libemWin_nosnts_cm4f_gcc.a(LCD_GetEx.o)
                0x0000000008008da8                GUI_GetpfIndex2ColorEx
 .text.GUI_GetpfColor2IndexEx
                0x0000000008008db8       0x10 /home/zopa/STM32CubeIDE/workspace_1.6.0/GLMish/Drivers/EmWin/libemWin_nosnts_cm4f_gcc.a(LCD_GetEx.o)
                0x0000000008008db8                GUI_GetpfColor2IndexEx
 .text.LCD_GetXSizeMax
                0x0000000008008dc8        0x6 /home/zopa/STM32CubeIDE/workspace_1.6.0/GLMish/Drivers/EmWin/libemWin_nosnts_cm4f_gcc.a(LCD_GetEx.o)
                0x0000000008008dc8                LCD_GetXSizeMax
 .text.LCD_GetYSizeMax
                0x0000000008008dce        0x6 /home/zopa/STM32CubeIDE/workspace_1.6.0/GLMish/Drivers/EmWin/libemWin_nosnts_cm4f_gcc.a(LCD_GetEx.o)
                0x0000000008008dce                LCD_GetYSizeMax
 .text.LCD_GetVXSizeMax
                0x0000000008008dd4        0x6 /home/zopa/STM32CubeIDE/workspace_1.6.0/GLMish/Drivers/EmWin/libemWin_nosnts_cm4f_gcc.a(LCD_GetEx.o)
                0x0000000008008dd4                LCD_GetVXSizeMax
 *fill*         0x0000000008008dda        0x2 
 .text.LCD_SetDisplaySize
                0x0000000008008ddc        0xc /home/zopa/STM32CubeIDE/workspace_1.6.0/GLMish/Drivers/EmWin/libemWin_nosnts_cm4f_gcc.a(LCD_GetEx.o)
                0x0000000008008ddc                LCD_SetDisplaySize
 .text.LCD_GetXSizeDisplay
                0x0000000008008de8        0xc /home/zopa/STM32CubeIDE/workspace_1.6.0/GLMish/Drivers/EmWin/libemWin_nosnts_cm4f_gcc.a(LCD_GetEx.o)
                0x0000000008008de8                LCD_GetXSizeDisplay
 .text.LCD_GetYSizeDisplay
                0x0000000008008df4        0xc /home/zopa/STM32CubeIDE/workspace_1.6.0/GLMish/Drivers/EmWin/libemWin_nosnts_cm4f_gcc.a(LCD_GetEx.o)
                0x0000000008008df4                LCD_GetYSizeDisplay
 .text.LCD__GetBPP
                0x0000000008008e00       0x7e /home/zopa/STM32CubeIDE/workspace_1.6.0/GLMish/Drivers/EmWin/libemWin_nosnts_cm4f_gcc.a(LCD_GetEx.o)
                0x0000000008008e00                LCD__GetBPP
 .text.LCD__GetBPPDevice
                0x0000000008008e7e       0x2c /home/zopa/STM32CubeIDE/workspace_1.6.0/GLMish/Drivers/EmWin/libemWin_nosnts_cm4f_gcc.a(LCD_GetEx.o)
                0x0000000008008e7e                LCD__GetBPPDevice
 .text.LCD_GetNumLayers
                0x0000000008008eaa       0x10 /home/zopa/STM32CubeIDE/workspace_1.6.0/GLMish/Drivers/EmWin/libemWin_nosnts_cm4f_gcc.a(LCD_GetNumDisplays.o)
                0x0000000008008eaa                LCD_GetNumLayers
 *fill*         0x0000000008008eba        0x2 
 .text.LCD_SelectLCD
                0x0000000008008ebc       0x40 /home/zopa/STM32CubeIDE/workspace_1.6.0/GLMish/Drivers/EmWin/libemWin_nosnts_cm4f_gcc.a(LCD_SelectLCD.o)
                0x0000000008008ebc                LCD_SelectLCD
 .text.LCD_SetLUTEntryEx
                0x0000000008008efc       0x30 /home/zopa/STM32CubeIDE/workspace_1.6.0/GLMish/Drivers/EmWin/libemWin_nosnts_cm4f_gcc.a(LCD_Set.o)
                0x0000000008008efc                LCD_SetLUTEntryEx
 .text.LCD_SetSizeEx
                0x0000000008008f2c       0x30 /home/zopa/STM32CubeIDE/workspace_1.6.0/GLMish/Drivers/EmWin/libemWin_nosnts_cm4f_gcc.a(LCD_Set.o)
                0x0000000008008f2c                LCD_SetSizeEx
 .text.LCD_SetVSizeEx
                0x0000000008008f5c       0x30 /home/zopa/STM32CubeIDE/workspace_1.6.0/GLMish/Drivers/EmWin/libemWin_nosnts_cm4f_gcc.a(LCD_Set.o)
                0x0000000008008f5c                LCD_SetVSizeEx
 .text.LCD_UpdateColorIndices
                0x0000000008008f8c       0x24 /home/zopa/STM32CubeIDE/workspace_1.6.0/GLMish/Drivers/EmWin/libemWin_nosnts_cm4f_gcc.a(LCD_UpdateColorIndices.o)
                0x0000000008008f8c                LCD_UpdateColorIndices
 .text.WIDGET__GetInsideRect
                0x0000000008008fb0       0x1a /home/zopa/STM32CubeIDE/workspace_1.6.0/GLMish/Drivers/EmWin/libemWin_nosnts_cm4f_gcc.a(WIDGET.o)
                0x0000000008008fb0                WIDGET__GetInsideRect
 *fill*         0x0000000008008fca        0x2 
 .text.WIDGET__Init
                0x0000000008008fcc       0x10 /home/zopa/STM32CubeIDE/workspace_1.6.0/GLMish/Drivers/EmWin/libemWin_nosnts_cm4f_gcc.a(WIDGET.o)
                0x0000000008008fcc                WIDGET__Init
 .text.WIDGET_SetState
                0x0000000008008fdc       0x24 /home/zopa/STM32CubeIDE/workspace_1.6.0/GLMish/Drivers/EmWin/libemWin_nosnts_cm4f_gcc.a(WIDGET.o)
                0x0000000008008fdc                WIDGET_SetState
 .text.WIDGET_OrState
                0x0000000008009000       0x2a /home/zopa/STM32CubeIDE/workspace_1.6.0/GLMish/Drivers/EmWin/libemWin_nosnts_cm4f_gcc.a(WIDGET.o)
                0x0000000008009000                WIDGET_OrState
 .text.WIDGET_AndState
                0x000000000800902a       0x2a /home/zopa/STM32CubeIDE/workspace_1.6.0/GLMish/Drivers/EmWin/libemWin_nosnts_cm4f_gcc.a(WIDGET.o)
                0x000000000800902a                WIDGET_AndState
 .text.WIDGET_HandleActive
                0x0000000008009054      0x13e /home/zopa/STM32CubeIDE/workspace_1.6.0/GLMish/Drivers/EmWin/libemWin_nosnts_cm4f_gcc.a(WIDGET.o)
                0x0000000008009054                WIDGET_HandleActive
 *fill*         0x0000000008009192        0x2 
 .text._DrawDownRect
                0x0000000008009194       0x38 /home/zopa/STM32CubeIDE/workspace_1.6.0/GLMish/Drivers/EmWin/libemWin_nosnts_cm4f_gcc.a(WIDGET_Effect_Simple.o)
 .text._DrawUpRect
                0x00000000080091cc        0x4 /home/zopa/STM32CubeIDE/workspace_1.6.0/GLMish/Drivers/EmWin/libemWin_nosnts_cm4f_gcc.a(WIDGET_Effect_Simple.o)
 .text._DrawDown
                0x00000000080091d0       0x14 /home/zopa/STM32CubeIDE/workspace_1.6.0/GLMish/Drivers/EmWin/libemWin_nosnts_cm4f_gcc.a(WIDGET_Effect_Simple.o)
 .text._DrawUp  0x00000000080091e4        0x4 /home/zopa/STM32CubeIDE/workspace_1.6.0/GLMish/Drivers/EmWin/libemWin_nosnts_cm4f_gcc.a(WIDGET_Effect_Simple.o)
 .text._OnExit  0x00000000080091e8       0x88 /home/zopa/STM32CubeIDE/workspace_1.6.0/GLMish/Drivers/EmWin/libemWin_nosnts_cm4f_gcc.a(WM.o)
 .text._Paint1  0x0000000008009270       0x28 /home/zopa/STM32CubeIDE/workspace_1.6.0/GLMish/Drivers/EmWin/libemWin_nosnts_cm4f_gcc.a(WM.o)
 .text._Findy1  0x0000000008009298       0x9e /home/zopa/STM32CubeIDE/workspace_1.6.0/GLMish/Drivers/EmWin/libemWin_nosnts_cm4f_gcc.a(WM.o)
 .text._Findx0  0x0000000008009336       0x84 /home/zopa/STM32CubeIDE/workspace_1.6.0/GLMish/Drivers/EmWin/libemWin_nosnts_cm4f_gcc.a(WM.o)
 .text._Findx1  0x00000000080093ba       0x72 /home/zopa/STM32CubeIDE/workspace_1.6.0/GLMish/Drivers/EmWin/libemWin_nosnts_cm4f_gcc.a(WM.o)
 .text._Paint1Trans
                0x000000000800942c       0x94 /home/zopa/STM32CubeIDE/workspace_1.6.0/GLMish/Drivers/EmWin/libemWin_nosnts_cm4f_gcc.a(WM.o)
 .text._PaintTransChildren
                0x00000000080094c0       0xae /home/zopa/STM32CubeIDE/workspace_1.6.0/GLMish/Drivers/EmWin/libemWin_nosnts_cm4f_gcc.a(WM.o)
 *fill*         0x000000000800956e        0x2 
 .text.WM__PaintWinAndOverlays
                0x0000000008009570       0x7c /home/zopa/STM32CubeIDE/workspace_1.6.0/GLMish/Drivers/EmWin/libemWin_nosnts_cm4f_gcc.a(WM.o)
 .text._cbPaintMemDev
                0x00000000080095ec       0x6c /home/zopa/STM32CubeIDE/workspace_1.6.0/GLMish/Drivers/EmWin/libemWin_nosnts_cm4f_gcc.a(WM.o)
 .text.WM__ClipAtParentBorders
                0x0000000008009658       0x50 /home/zopa/STM32CubeIDE/workspace_1.6.0/GLMish/Drivers/EmWin/libemWin_nosnts_cm4f_gcc.a(WM.o)
                0x0000000008009658                WM__ClipAtParentBorders
 .text.WM__InsertWindowIntoList
                0x00000000080096a8       0xaa /home/zopa/STM32CubeIDE/workspace_1.6.0/GLMish/Drivers/EmWin/libemWin_nosnts_cm4f_gcc.a(WM.o)
                0x00000000080096a8                WM__InsertWindowIntoList
 .text.WM__RemoveWindowFromList
                0x0000000008009752       0x3e /home/zopa/STM32CubeIDE/workspace_1.6.0/GLMish/Drivers/EmWin/libemWin_nosnts_cm4f_gcc.a(WM.o)
                0x0000000008009752                WM__RemoveWindowFromList
 .text.WM__Client2Screen
                0x0000000008009790       0x10 /home/zopa/STM32CubeIDE/workspace_1.6.0/GLMish/Drivers/EmWin/libemWin_nosnts_cm4f_gcc.a(WM.o)
                0x0000000008009790                WM__Client2Screen
 .text._SetClipRectUserIntersect
                0x00000000080097a0       0x50 /home/zopa/STM32CubeIDE/workspace_1.6.0/GLMish/Drivers/EmWin/libemWin_nosnts_cm4f_gcc.a(WM.o)
 .text.WM__ActivateClipRect
                0x00000000080097f0       0x48 /home/zopa/STM32CubeIDE/workspace_1.6.0/GLMish/Drivers/EmWin/libemWin_nosnts_cm4f_gcc.a(WM.o)
                0x00000000080097f0                WM__ActivateClipRect
 .text.WM__IsWindow
                0x0000000008009838       0x20 /home/zopa/STM32CubeIDE/workspace_1.6.0/GLMish/Drivers/EmWin/libemWin_nosnts_cm4f_gcc.a(WM.o)
                0x0000000008009838                WM__IsWindow
 .text.WM__InvalidateDrawAndDescs
                0x0000000008009858       0x54 /home/zopa/STM32CubeIDE/workspace_1.6.0/GLMish/Drivers/EmWin/libemWin_nosnts_cm4f_gcc.a(WM.o)
                0x0000000008009858                WM__InvalidateDrawAndDescs
 .text.WM__RectIsNZ
                0x00000000080098ac       0x22 /home/zopa/STM32CubeIDE/workspace_1.6.0/GLMish/Drivers/EmWin/libemWin_nosnts_cm4f_gcc.a(WM.o)
                0x00000000080098ac                WM__RectIsNZ
 *fill*         0x00000000080098ce        0x2 
 .text._Invalidate1Abs
                0x00000000080098d0       0x8c /home/zopa/STM32CubeIDE/workspace_1.6.0/GLMish/Drivers/EmWin/libemWin_nosnts_cm4f_gcc.a(WM.o)
 .text.WM__Invalidate1Abs
                0x000000000800995c        0x6 /home/zopa/STM32CubeIDE/workspace_1.6.0/GLMish/Drivers/EmWin/libemWin_nosnts_cm4f_gcc.a(WM.o)
                0x000000000800995c                WM__Invalidate1Abs
 .text.WM_InvalidateWindowAndDescsEx
                0x0000000008009962       0x64 /home/zopa/STM32CubeIDE/workspace_1.6.0/GLMish/Drivers/EmWin/libemWin_nosnts_cm4f_gcc.a(WM.o)
                0x0000000008009962                WM_InvalidateWindowAndDescsEx
 .text.WM__InvalidateRect
                0x00000000080099c6       0x80 /home/zopa/STM32CubeIDE/workspace_1.6.0/GLMish/Drivers/EmWin/libemWin_nosnts_cm4f_gcc.a(WM.o)
                0x00000000080099c6                WM__InvalidateRect
 .text.WM__InvalidateParent
                0x0000000008009a46       0x2a /home/zopa/STM32CubeIDE/workspace_1.6.0/GLMish/Drivers/EmWin/libemWin_nosnts_cm4f_gcc.a(WM.o)
                0x0000000008009a46                WM__InvalidateParent
 .text.WM__InvalidateRectEx
                0x0000000008009a70        0x6 /home/zopa/STM32CubeIDE/workspace_1.6.0/GLMish/Drivers/EmWin/libemWin_nosnts_cm4f_gcc.a(WM.o)
                0x0000000008009a70                WM__InvalidateRectEx
 .text.WM__DetachWindow
                0x0000000008009a76       0x2a /home/zopa/STM32CubeIDE/workspace_1.6.0/GLMish/Drivers/EmWin/libemWin_nosnts_cm4f_gcc.a(WM.o)
                0x0000000008009a76                WM__DetachWindow
 .text.WM__SendMsgNoData
                0x0000000008009aa0       0x16 /home/zopa/STM32CubeIDE/workspace_1.6.0/GLMish/Drivers/EmWin/libemWin_nosnts_cm4f_gcc.a(WM.o)
                0x0000000008009aa0                WM__SendMsgNoData
 .text.WM__GetClientRectWin
                0x0000000008009ab6       0x18 /home/zopa/STM32CubeIDE/workspace_1.6.0/GLMish/Drivers/EmWin/libemWin_nosnts_cm4f_gcc.a(WM.o)
                0x0000000008009ab6                WM__GetClientRectWin
 .text.WM_InvalidateRect
                0x0000000008009ace       0x7e /home/zopa/STM32CubeIDE/workspace_1.6.0/GLMish/Drivers/EmWin/libemWin_nosnts_cm4f_gcc.a(WM.o)
                0x0000000008009ace                WM_InvalidateRect
 .text.WM_InvalidateWindow
                0x0000000008009b4c        0x6 /home/zopa/STM32CubeIDE/workspace_1.6.0/GLMish/Drivers/EmWin/libemWin_nosnts_cm4f_gcc.a(WM.o)
                0x0000000008009b4c                WM_InvalidateWindow
 *fill*         0x0000000008009b52        0x2 
 .text.WM_SelectWindow
                0x0000000008009b54       0x38 /home/zopa/STM32CubeIDE/workspace_1.6.0/GLMish/Drivers/EmWin/libemWin_nosnts_cm4f_gcc.a(WM.o)
                0x0000000008009b54                WM_SelectWindow
 .text.WM_CreateWindowAsChild
                0x0000000008009b8c      0x154 /home/zopa/STM32CubeIDE/workspace_1.6.0/GLMish/Drivers/EmWin/libemWin_nosnts_cm4f_gcc.a(WM.o)
                0x0000000008009b8c                WM_CreateWindowAsChild
 .text.WM_CreateWindow
                0x0000000008009ce0       0x1a /home/zopa/STM32CubeIDE/workspace_1.6.0/GLMish/Drivers/EmWin/libemWin_nosnts_cm4f_gcc.a(WM.o)
                0x0000000008009ce0                WM_CreateWindow
 *fill*         0x0000000008009cfa        0x2 
 .text.WM_DeleteWindow
                0x0000000008009cfc      0x100 /home/zopa/STM32CubeIDE/workspace_1.6.0/GLMish/Drivers/EmWin/libemWin_nosnts_cm4f_gcc.a(WM.o)
                0x0000000008009cfc                WM_DeleteWindow
 .text._Exec1Input
                0x0000000008009dfc       0x84 /home/zopa/STM32CubeIDE/workspace_1.6.0/GLMish/Drivers/EmWin/libemWin_nosnts_cm4f_gcc.a(WM.o)
 .text.WM_GetActiveWindow
                0x0000000008009e80        0xc /home/zopa/STM32CubeIDE/workspace_1.6.0/GLMish/Drivers/EmWin/libemWin_nosnts_cm4f_gcc.a(WM.o)
                0x0000000008009e80                WM_GetActiveWindow
 .text.WM__GetNextIVR
                0x0000000008009e8c      0x174 /home/zopa/STM32CubeIDE/workspace_1.6.0/GLMish/Drivers/EmWin/libemWin_nosnts_cm4f_gcc.a(WM.o)
                0x0000000008009e8c                WM__GetNextIVR
 .text.WM__InitIVRSearch
                0x000000000800a000      0x100 /home/zopa/STM32CubeIDE/workspace_1.6.0/GLMish/Drivers/EmWin/libemWin_nosnts_cm4f_gcc.a(WM.o)
                0x000000000800a000                WM__InitIVRSearch
 .text.WM_SetDefault
                0x000000000800a100       0x14 /home/zopa/STM32CubeIDE/workspace_1.6.0/GLMish/Drivers/EmWin/libemWin_nosnts_cm4f_gcc.a(WM.o)
                0x000000000800a100                WM_SetDefault
 .text.WM__Paint1
                0x000000000800a114       0x94 /home/zopa/STM32CubeIDE/workspace_1.6.0/GLMish/Drivers/EmWin/libemWin_nosnts_cm4f_gcc.a(WM.o)
                0x000000000800a114                WM__Paint1
 .text.WM__Paint
                0x000000000800a1a8       0xb4 /home/zopa/STM32CubeIDE/workspace_1.6.0/GLMish/Drivers/EmWin/libemWin_nosnts_cm4f_gcc.a(WM.o)
                0x000000000800a1a8                WM__Paint
 .text._Exec1Draw
                0x000000000800a25c       0x80 /home/zopa/STM32CubeIDE/workspace_1.6.0/GLMish/Drivers/EmWin/libemWin_nosnts_cm4f_gcc.a(WM.o)
 .text.WM_Exec  0x000000000800a2dc       0x70 /home/zopa/STM32CubeIDE/workspace_1.6.0/GLMish/Drivers/EmWin/libemWin_nosnts_cm4f_gcc.a(WM.o)
                0x000000000800a2dc                WM_Exec
 .text.WM_Activate
                0x000000000800a34c       0x10 /home/zopa/STM32CubeIDE/workspace_1.6.0/GLMish/Drivers/EmWin/libemWin_nosnts_cm4f_gcc.a(WM.o)
                0x000000000800a34c                WM_Activate
 .text.WM_Deactivate
                0x000000000800a35c       0x14 /home/zopa/STM32CubeIDE/workspace_1.6.0/GLMish/Drivers/EmWin/libemWin_nosnts_cm4f_gcc.a(WM.o)
                0x000000000800a35c                WM_Deactivate
 .text.WM_DefaultProc
                0x000000000800a370       0x4c /home/zopa/STM32CubeIDE/workspace_1.6.0/GLMish/Drivers/EmWin/libemWin_nosnts_cm4f_gcc.a(WM.o)
                0x000000000800a370                WM_DefaultProc
 .text._cbBackWin
                0x000000000800a3bc       0x48 /home/zopa/STM32CubeIDE/workspace_1.6.0/GLMish/Drivers/EmWin/libemWin_nosnts_cm4f_gcc.a(WM.o)
 .text.WM_Init  0x000000000800a404       0xa8 /home/zopa/STM32CubeIDE/workspace_1.6.0/GLMish/Drivers/EmWin/libemWin_nosnts_cm4f_gcc.a(WM.o)
                0x000000000800a404                WM_Init
 .text.WM__ForEachDesc
                0x000000000800a4ac       0x2a /home/zopa/STM32CubeIDE/workspace_1.6.0/GLMish/Drivers/EmWin/libemWin_nosnts_cm4f_gcc.a(WM__Private.o)
                0x000000000800a4ac                WM__ForEachDesc
 .text.WM__GetFirstSibling
                0x000000000800a4d6       0x14 /home/zopa/STM32CubeIDE/workspace_1.6.0/GLMish/Drivers/EmWin/libemWin_nosnts_cm4f_gcc.a(WM__Private.o)
                0x000000000800a4d6                WM__GetFirstSibling
 .text.WM__GetPrevSibling
                0x000000000800a4ea       0x28 /home/zopa/STM32CubeIDE/workspace_1.6.0/GLMish/Drivers/EmWin/libemWin_nosnts_cm4f_gcc.a(WM__Private.o)
                0x000000000800a4ea                WM__GetPrevSibling
 .text.WM__IsEnabled
                0x000000000800a512       0x12 /home/zopa/STM32CubeIDE/workspace_1.6.0/GLMish/Drivers/EmWin/libemWin_nosnts_cm4f_gcc.a(WM__Private.o)
                0x000000000800a512                WM__IsEnabled
 .text.WM__SendMessage
                0x000000000800a524       0x3c /home/zopa/STM32CubeIDE/workspace_1.6.0/GLMish/Drivers/EmWin/libemWin_nosnts_cm4f_gcc.a(WM__Private.o)
                0x000000000800a524                WM__SendMessage
 .text.WM__SendMessageNoPara
                0x000000000800a560       0x28 /home/zopa/STM32CubeIDE/workspace_1.6.0/GLMish/Drivers/EmWin/libemWin_nosnts_cm4f_gcc.a(WM__Private.o)
                0x000000000800a560                WM__SendMessageNoPara
 .text.WM__UpdateChildPositions
                0x000000000800a588       0xec /home/zopa/STM32CubeIDE/workspace_1.6.0/GLMish/Drivers/EmWin/libemWin_nosnts_cm4f_gcc.a(WM__Private.o)
                0x000000000800a588                WM__UpdateChildPositions
 .text.WM__AddCriticalHandle
                0x000000000800a674       0x10 /home/zopa/STM32CubeIDE/workspace_1.6.0/GLMish/Drivers/EmWin/libemWin_nosnts_cm4f_gcc.a(WM__Private.o)
                0x000000000800a674                WM__AddCriticalHandle
 .text.WM__GetClientRectEx
                0x000000000800a684       0x22 /home/zopa/STM32CubeIDE/workspace_1.6.0/GLMish/Drivers/EmWin/libemWin_nosnts_cm4f_gcc.a(WM__Private.o)
                0x000000000800a684                WM__GetClientRectEx
 .text._cbInvalidateOne
                0x000000000800a6a6        0x4 /home/zopa/STM32CubeIDE/workspace_1.6.0/GLMish/Drivers/EmWin/libemWin_nosnts_cm4f_gcc.a(WM_BringToTop.o)
 *fill*         0x000000000800a6aa        0x2 
 .text.WM_BringToTop