Archive member included to satisfy reference by file (symbol)

/home/zopa/STM32CubeIDE/workspace_1.6.0/GMish/Drivers/EmWin/STemWin532_CM4_GCC.a(F6x8.o)
                              Core/Src/GUIConf.o (GUI_Font6x8)
/home/zopa/STM32CubeIDE/workspace_1.6.0/GMish/Drivers/EmWin/STemWin532_CM4_GCC.a(GUIDRV_FlexColor_Func66708.o)
                              Core/Src/LCDConf_FlexColor.o (GUIDRV_FlexColor_SetFunc66708)
/home/zopa/STM32CubeIDE/workspace_1.6.0/GMish/Drivers/EmWin/STemWin532_CM4_GCC.a(GUIDRV_FlexColor_16bpp_C0B16.o)
                              Core/Src/LCDConf_FlexColor.o (GUIDRV_FlexColor_SetMode16bppC0B16)
/home/zopa/STM32CubeIDE/workspace_1.6.0/GMish/Drivers/EmWin/STemWin532_CM4_GCC.a(GUIDRV_FlexColor.o)
                              /home/zopa/STM32CubeIDE/workspace_1.6.0/GMish/Drivers/EmWin/STemWin532_CM4_GCC.a(GUIDRV_FlexColor_16bpp_C0B16.o) (GUIDRV_FlexColor__SetPixelIndexNoCache)
/home/zopa/STM32CubeIDE/workspace_1.6.0/GMish/Drivers/EmWin/STemWin532_CM4_GCC.a(LCD_Set.o)
                              Core/Src/LCDConf_FlexColor.o (LCD_SetVSizeEx)
/home/zopa/STM32CubeIDE/workspace_1.6.0/GMish/Drivers/EmWin/STemWin532_CM4_GCC.a(GUI__memset16.o)
                              /home/zopa/STM32CubeIDE/workspace_1.6.0/GMish/Drivers/EmWin/STemWin532_CM4_GCC.a(GUIDRV_FlexColor_16bpp_C0B16.o) (GUI__memset16)
/home/zopa/STM32CubeIDE/workspace_1.6.0/GMish/Drivers/EmWin/STemWin532_CM4_GCC.a(GUI__memset.o)
                              /home/zopa/STM32CubeIDE/workspace_1.6.0/GMish/Drivers/EmWin/STemWin532_CM4_GCC.a(GUIDRV_FlexColor.o) (GUI__memset)
/home/zopa/STM32CubeIDE/workspace_1.6.0/GMish/Drivers/EmWin/STemWin532_CM4_GCC.a(GUI_Device.o)
                              /home/zopa/STM32CubeIDE/workspace_1.6.0/GMish/Drivers/EmWin/STemWin532_CM4_GCC.a(LCD_Set.o) (GUI_DEVICE__GetpDriver)
/home/zopa/STM32CubeIDE/workspace_1.6.0/GMish/Drivers/EmWin/STemWin532_CM4_GCC.a(GUI_Core.o)
                              /home/zopa/STM32CubeIDE/workspace_1.6.0/GMish/Drivers/EmWin/STemWin532_CM4_GCC.a(GUI_Device.o) (GUI__apDevice)
/home/zopa/STM32CubeIDE/workspace_1.6.0/GMish/Drivers/EmWin/STemWin532_CM4_GCC.a(GUI_CharM.o)
                              /home/zopa/STM32CubeIDE/workspace_1.6.0/GMish/Drivers/EmWin/STemWin532_CM4_GCC.a(F6x8.o) (GUIMONO_DispChar)
/home/zopa/STM32CubeIDE/workspace_1.6.0/GMish/Drivers/EmWin/STemWin532_CM4_GCC.a(GUI_Alloc.o)
                              /home/zopa/STM32CubeIDE/workspace_1.6.0/GMish/Drivers/EmWin/STemWin532_CM4_GCC.a(GUI_Device.o) (GUI_ALLOC_FreeFixedBlock)
/home/zopa/STM32CubeIDE/workspace_1.6.0/GMish/Drivers/EmWin/STemWin532_CM4_GCC.a(GUICC_565.o)
                              Core/Src/LCDConf_FlexColor.o (LCD_API_ColorConv_565)
/home/zopa/STM32CubeIDE/workspace_1.6.0/GMish/Drivers/EmWin/STemWin532_CM4_GCC.a(WM_GetDesktopWindow.o)
                              /home/zopa/STM32CubeIDE/workspace_1.6.0/GMish/Drivers/EmWin/STemWin532_CM4_GCC.a(GUI_Core.o) (WM_GetDesktopWindow)
/home/zopa/STM32CubeIDE/workspace_1.6.0/GMish/Drivers/EmWin/STemWin532_CM4_GCC.a(WM.o)
                              /home/zopa/STM32CubeIDE/workspace_1.6.0/GMish/Drivers/EmWin/STemWin532_CM4_GCC.a(WM_GetDesktopWindow.o) (WM__ahDesktopWin)
/home/zopa/STM32CubeIDE/workspace_1.6.0/GMish/Drivers/EmWin/STemWin532_CM4_GCC.a(GUIDEV_StaticDevices.o)
                              /home/zopa/STM32CubeIDE/workspace_1.6.0/GMish/Drivers/EmWin/STemWin532_CM4_GCC.a(WM.o) (GUI_MEMDEV_Paint1Static)
/home/zopa/STM32CubeIDE/workspace_1.6.0/GMish/Drivers/EmWin/STemWin532_CM4_GCC.a(GUIDEV_SetOrg.o)
                              /home/zopa/STM32CubeIDE/workspace_1.6.0/GMish/Drivers/EmWin/STemWin532_CM4_GCC.a(GUIDEV_StaticDevices.o) (GUI_MEMDEV_SetOrg)
/home/zopa/STM32CubeIDE/workspace_1.6.0/GMish/Drivers/EmWin/STemWin532_CM4_GCC.a(GUIDEV_GetYSize.o)
                              /home/zopa/STM32CubeIDE/workspace_1.6.0/GMish/Drivers/EmWin/STemWin532_CM4_GCC.a(GUIDEV_StaticDevices.o) (GUI_MEMDEV_GetYSize)
/home/zopa/STM32CubeIDE/workspace_1.6.0/GMish/Drivers/EmWin/STemWin532_CM4_GCC.a(GUIDEV_GetXSize.o)
                              /home/zopa/STM32CubeIDE/workspace_1.6.0/GMish/Drivers/EmWin/STemWin532_CM4_GCC.a(GUIDEV_StaticDevices.o) (GUI_MEMDEV_GetXSize)
/home/zopa/STM32CubeIDE/workspace_1.6.0/GMish/Drivers/EmWin/STemWin532_CM4_GCC.a(GUIDEV_GetPos.o)
                              /home/zopa/STM32CubeIDE/workspace_1.6.0/GMish/Drivers/EmWin/STemWin532_CM4_GCC.a(GUIDEV_StaticDevices.o) (GUI_MEMDEV_GetXPos)
/home/zopa/STM32CubeIDE/workspace_1.6.0/GMish/Drivers/EmWin/STemWin532_CM4_GCC.a(GUIDEV_GetDataPtr.o)
                              /home/zopa/STM32CubeIDE/workspace_1.6.0/GMish/Drivers/EmWin/STemWin532_CM4_GCC.a(GUIDEV_StaticDevices.o) (GUI_MEMDEV_GetDataPtr)
/home/zopa/STM32CubeIDE/workspace_1.6.0/GMish/Drivers/EmWin/STemWin532_CM4_GCC.a(GUIDEV_CreateFixed.o)
                              /home/zopa/STM32CubeIDE/workspace_1.6.0/GMish/Drivers/EmWin/STemWin532_CM4_GCC.a(GUIDEV_StaticDevices.o) (GUI_MEMDEV_CreateFixed)
[...]
Memory Configuration

Name             Origin             Length             Attributes
RAM              0x0000000020000000 0x0000000000020000 xrw
FLASH            0x0000000008000000 0x0000000000080000 xr
*default*        0x0000000000000000 0xffffffffffffffff

Linker script and memory map

LOAD /opt/st/stm32cubeide_1.6.0/plugins/com.st.stm32cube.ide.mcu.externaltools.gnu-tools-for-stm32.9-2020-q2-update.linux64_1.5.0.202011040924/tools/bin/../lib/gcc/arm-none-eabi/9.3.1/thumb/v7e-m+fp/hard/crti.o
LOAD /opt/st/stm32cubeide_1.6.0/plugins/com.st.stm32cube.ide.mcu.externaltools.gnu-tools-for-stm32.9-2020-q2-update.linux64_1.5.0.202011040924/tools/bin/../lib/gcc/arm-none-eabi/9.3.1/thumb/v7e-m+fp/hard/crtbegin.o
LOAD /opt/st/stm32cubeide_1.6.0/plugins/com.st.stm32cube.ide.mcu.externaltools.gnu-tools-for-stm32.9-2020-q2-update.linux64_1.5.0.202011040924/tools/bin/../lib/gcc/arm-none-eabi/9.3.1/../../../../arm-none-eabi/lib/thumb/v7e-m+fp/hard/crt0.o
LOAD Core/Src/GUIConf.o
LOAD Core/Src/GUI_X.o
LOAD Core/Src/LCDConf_FlexColor.o
LOAD Core/Src/main.o
LOAD Core/Src/stm32f4xx_hal_msp.o
LOAD Core/Src/stm32f4xx_it.o
LOAD Core/Src/syscalls.o
LOAD Core/Src/sysmem.o
LOAD Core/Src/system_stm32f4xx.o
LOAD Core/Startup/startup_stm32f411ceux.o
LOAD Drivers/STM32F4xx_HAL_Driver/Src/stm32f4xx_hal.o
LOAD Drivers/STM32F4xx_HAL_Driver/Src/stm32f4xx_hal_cortex.o
LOAD Drivers/STM32F4xx_HAL_Driver/Src/stm32f4xx_hal_dma.o
LOAD Drivers/STM32F4xx_HAL_Driver/Src/stm32f4xx_hal_dma_ex.o
LOAD Drivers/STM32F4xx_HAL_Driver/Src/stm32f4xx_hal_exti.o
LOAD Drivers/STM32F4xx_HAL_Driver/Src/stm32f4xx_hal_flash.o
LOAD Drivers/STM32F4xx_HAL_Driver/Src/stm32f4xx_hal_flash_ex.o
LOAD Drivers/STM32F4xx_HAL_Driver/Src/stm32f4xx_hal_flash_ramfunc.o
LOAD Drivers/STM32F4xx_HAL_Driver/Src/stm32f4xx_hal_gpio.o
LOAD Drivers/STM32F4xx_HAL_Driver/Src/stm32f4xx_hal_pwr.o
LOAD Drivers/STM32F4xx_HAL_Driver/Src/stm32f4xx_hal_pwr_ex.o
LOAD Drivers/STM32F4xx_HAL_Driver/Src/stm32f4xx_hal_rcc.o
LOAD Drivers/STM32F4xx_HAL_Driver/Src/stm32f4xx_hal_rcc_ex.o
LOAD Drivers/STM32F4xx_HAL_Driver/Src/stm32f4xx_hal_tim.o
LOAD Drivers/STM32F4xx_HAL_Driver/Src/stm32f4xx_hal_tim_ex.o
LOAD /home/zopa/STM32CubeIDE/workspace_1.6.0/GMish/Drivers/EmWin/STemWin532_CM4_GCC.a
START GROUP
LOAD /opt/st/stm32cubeide_1.6.0/plugins/com.st.stm32cube.ide.mcu.externaltools.gnu-tools-for-stm32.9-2020-q2-update.linux64_1.5.0.202011040924/tools/bin/../lib/gcc/arm-none-eabi/9.3.1/../../../../arm-none-eabi/lib/thumb/v7e-m+fp/hard/libstdc++_nano.a
LOAD /opt/st/stm32cubeide_1.6.0/plugins/com.st.stm32cube.ide.mcu.externaltools.gnu-tools-for-stm32.9-2020-q2-update.linux64_1.5.0.202011040924/tools/bin/../lib/gcc/arm-none-eabi/9.3.1/../../../../arm-none-eabi/lib/thumb/v7e-m+fp/hard/libsupc++_nano.a
END GROUP
LOAD /opt/st/stm32cubeide_1.6.0/plugins/com.st.stm32cube.ide.mcu.externaltools.gnu-tools-for-stm32.9-2020-q2-update.linux64_1.5.0.202011040924/tools/bin/../lib/gcc/arm-none-eabi/9.3.1/../../../../arm-none-eabi/lib/thumb/v7e-m+fp/hard/libstdc++_nano.a
LOAD /opt/st/stm32cubeide_1.6.0/plugins/com.st.stm32cube.ide.mcu.externaltools.gnu-tools-for-stm32.9-2020-q2-update.linux64_1.5.0.202011040924/tools/bin/../lib/gcc/arm-none-eabi/9.3.1/../../../../arm-none-eabi/lib/thumb/v7e-m+fp/hard/libm.a
LOAD /opt/st/stm32cubeide_1.6.0/plugins/com.st.stm32cube.ide.mcu.externaltools.gnu-tools-for-stm32.9-2020-q2-update.linux64_1.5.0.202011040924/tools/bin/../lib/gcc/arm-none-eabi/9.3.1/../../../../arm-none-eabi/lib/thumb/v7e-m+fp/hard/libc_nano.a
START GROUP
LOAD /opt/st/stm32cubeide_1.6.0/plugins/com.st.stm32cube.ide.mcu.externaltools.gnu-tools-for-stm32.9-2020-q2-update.linux64_1.5.0.202011040924/tools/bin/../lib/gcc/arm-none-eabi/9.3.1/thumb/v7e-m+fp/hard/libgcc.a
LOAD /opt/st/stm32cubeide_1.6.0/plugins/com.st.stm32cube.ide.mcu.externaltools.gnu-tools-for-stm32.9-2020-q2-update.linux64_1.5.0.202011040924/tools/bin/../lib/gcc/arm-none-eabi/9.3.1/../../../../arm-none-eabi/lib/thumb/v7e-m+fp/hard/libc_nano.a
END GROUP
START GROUP
LOAD /opt/st/stm32cubeide_1.6.0/plugins/com.st.stm32cube.ide.mcu.externaltools.gnu-tools-for-stm32.9-2020-q2-update.linux64_1.5.0.202011040924/tools/bin/../lib/gcc/arm-none-eabi/9.3.1/thumb/v7e-m+fp/hard/libgcc.a
LOAD /opt/st/stm32cubeide_1.6.0/plugins/com.st.stm32cube.ide.mcu.externaltools.gnu-tools-for-stm32.9-2020-q2-update.linux64_1.5.0.202011040924/tools/bin/../lib/gcc/arm-none-eabi/9.3.1/../../../../arm-none-eabi/lib/thumb/v7e-m+fp/hard/libc_nano.a
LOAD /opt/st/stm32cubeide_1.6.0/plugins/com.st.stm32cube.ide.mcu.externaltools.gnu-tools-for-stm32.9-2020-q2-update.linux64_1.5.0.202011040924/tools/bin/../lib/gcc/arm-none-eabi/9.3.1/../../../../arm-none-eabi/lib/thumb/v7e-m+fp/hard/libnosys.a
END GROUP
START GROUP
LOAD /opt/st/stm32cubeide_1.6.0/plugins/com.st.stm32cube.ide.mcu.externaltools.gnu-tools-for-stm32.9-2020-q2-update.linux64_1.5.0.202011040924/tools/bin/../lib/gcc/arm-none-eabi/9.3.1/thumb/v7e-m+fp/hard/libgcc.a
LOAD /opt/st/stm32cubeide_1.6.0/plugins/com.st.stm32cube.ide.mcu.externaltools.gnu-tools-for-stm32.9-2020-q2-update.linux64_1.5.0.202011040924/tools/bin/../lib/gcc/arm-none-eabi/9.3.1/../../../../arm-none-eabi/lib/thumb/v7e-m+fp/hard/libc_nano.a
LOAD /opt/st/stm32cubeide_1.6.0/plugins/com.st.stm32cube.ide.mcu.externaltools.gnu-tools-for-stm32.9-2020-q2-update.linux64_1.5.0.202011040924/tools/bin/../lib/gcc/arm-none-eabi/9.3.1/../../../../arm-none-eabi/lib/thumb/v7e-m+fp/hard/libnosys.a
END GROUP
LOAD /opt/st/stm32cubeide_1.6.0/plugins/com.st.stm32cube.ide.mcu.externaltools.gnu-tools-for-stm32.9-2020-q2-update.linux64_1.5.0.202011040924/tools/bin/../lib/gcc/arm-none-eabi/9.3.1/thumb/v7e-m+fp/hard/crtend.o
LOAD /opt/st/stm32cubeide_1.6.0/plugins/com.st.stm32cube.ide.mcu.externaltools.gnu-tools-for-stm32.9-2020-q2-update.linux64_1.5.0.202011040924/tools/bin/../lib/gcc/arm-none-eabi/9.3.1/thumb/v7e-m+fp/hard/crtn.o
                0x0000000020020000                _estack = (ORIGIN (RAM) + LENGTH (RAM))
                0x0000000000000200                _Min_Heap_Size = 0x200
                0x0000000000000400                _Min_Stack_Size = 0x400

.isr_vector     0x0000000008000000      0x198
                0x0000000008000000                . = ALIGN (0x4)
 *(.isr_vector)
 .isr_vector    0x0000000008000000      0x198 Core/Startup/startup_stm32f411ceux.o
                0x0000000008000000                g_pfnVectors
                0x0000000008000198                . = ALIGN (0x4)

.text           0x0000000008000198     0x5e90
                0x0000000008000198                . = ALIGN (0x4)
 *(.text)
 .text          0x0000000008000198       0x40 /opt/st/stm32cubeide_1.6.0/plugins/com.st.stm32cube.ide.mcu.externaltools.gnu-tools-for-stm32.9-2020-q2-update.linux64_1.5.0.202011040924/tools/bin/../lib/gcc/arm-none-eabi/9.3.1/thumb/v7e-m+fp/hard/crtbegin.o
 .text          0x00000000080001d8       0x30 /opt/st/stm32cubeide_1.6.0/plugins/com.st.stm32cube.ide.mcu.externaltools.gnu-tools-for-stm32.9-2020-q2-update.linux64_1.5.0.202011040924/tools/bin/../lib/gcc/arm-none-eabi/9.3.1/thumb/v7e-m+fp/hard/libgcc.a(_aeabi_uldivmod.o)
                0x00000000080001d8                __aeabi_uldivmod
 .text          0x0000000008000208      0x2c4 /opt/st/stm32cubeide_1.6.0/plugins/com.st.stm32cube.ide.mcu.externaltools.gnu-tools-for-stm32.9-2020-q2-update.linux64_1.5.0.202011040924/tools/bin/../lib/gcc/arm-none-eabi/9.3.1/thumb/v7e-m+fp/hard/libgcc.a(_udivmoddi4.o)
                0x0000000008000208                __udivmoddi4
 .text          0x00000000080004cc        0x4 /opt/st/stm32cubeide_1.6.0/plugins/com.st.stm32cube.ide.mcu.externaltools.gnu-tools-for-stm32.9-2020-q2-update.linux64_1.5.0.202011040924/tools/bin/../lib/gcc/arm-none-eabi/9.3.1/thumb/v7e-m+fp/hard/libgcc.a(_dvmd_tls.o)
                0x00000000080004cc                __aeabi_ldiv0
                0x00000000080004cc                __aeabi_idiv0
 *(.text*)
 .text.GUI_X_Config
                0x00000000080004d0       0x20 Core/Src/GUIConf.o
                0x00000000080004d0                GUI_X_Config
 .text.GUI_X_Init
                0x00000000080004f0        0xe Core/Src/GUI_X.o
                0x00000000080004f0                GUI_X_Init
 .text.LcdWriteReg
                0x00000000080004fe       0x16 Core/Src/LCDConf_FlexColor.o
 .text.LcdWriteData
                0x0000000008000514       0x16 Core/Src/LCDConf_FlexColor.o
 .text.LcdWriteDataMultiple
                0x000000000800052a       0x24 Core/Src/LCDConf_FlexColor.o
 .text.LcdReadDataMultiple
                0x000000000800054e       0x24 Core/Src/LCDConf_FlexColor.o
 *fill*         0x0000000008000572        0x2 
 .text.LCD_X_Config
                0x0000000008000574       0x9c Core/Src/LCDConf_FlexColor.o
                0x0000000008000574                LCD_X_Config
 .text.LCD_X_DisplayDriver
                0x0000000008000610       0x2a Core/Src/LCDConf_FlexColor.o
                0x0000000008000610                LCD_X_DisplayDriver
 .text.main     0x000000000800063a       0x16 Core/Src/main.o
                0x000000000800063a                main
 .text.SystemClock_Config
                0x0000000008000650       0xbc Core/Src/main.o
                0x0000000008000650                SystemClock_Config
 .text.MX_GPIO_Init
                0x000000000800070c       0x6c Core/Src/main.o
 .text.Error_Handler
                0x0000000008000778        0xa Core/Src/main.o
                0x0000000008000778                Error_Handler
 *fill*         0x0000000008000782        0x2 
 .text.HAL_MspInit
                0x0000000008000784       0x50 Core/Src/stm32f4xx_hal_msp.o
                0x0000000008000784                HAL_MspInit
 .text.NMI_Handler
                0x00000000080007d4        0x6 Core/Src/stm32f4xx_it.o
                0x00000000080007d4                NMI_Handler
 .text.HardFault_Handler
                0x00000000080007da        0x6 Core/Src/stm32f4xx_it.o
                0x00000000080007da                HardFault_Handler
 .text.MemManage_Handler
                0x00000000080007e0        0x6 Core/Src/stm32f4xx_it.o
                0x00000000080007e0                MemManage_Handler
 .text.BusFault_Handler
                0x00000000080007e6        0x6 Core/Src/stm32f4xx_it.o
                0x00000000080007e6                BusFault_Handler
 .text.UsageFault_Handler
                0x00000000080007ec        0x6 Core/Src/stm32f4xx_it.o
                0x00000000080007ec                UsageFault_Handler
 .text.SVC_Handler
                0x00000000080007f2        0xe Core/Src/stm32f4xx_it.o
                0x00000000080007f2                SVC_Handler
 .text.DebugMon_Handler
                0x0000000008000800        0xe Core/Src/stm32f4xx_it.o
                0x0000000008000800                DebugMon_Handler
 .text.PendSV_Handler
                0x000000000800080e        0xe Core/Src/stm32f4xx_it.o
                0x000000000800080e                PendSV_Handler
 .text.SysTick_Handler
                0x000000000800081c        0xc Core/Src/stm32f4xx_it.o
                0x000000000800081c                SysTick_Handler
 .text.SystemInit
                0x0000000008000828       0x24 Core/Src/system_stm32f4xx.o
                0x0000000008000828                SystemInit
 .text.Reset_Handler
                0x000000000800084c       0x50 Core/Startup/startup_stm32f411ceux.o
                0x000000000800084c                Reset_Handler
 .text.Default_Handler
                0x000000000800089c        0x2 Core/Startup/startup_stm32f411ceux.o
                0x000000000800089c                RTC_Alarm_IRQHandler
                0x000000000800089c                EXTI2_IRQHandler
                0x000000000800089c                SPI4_IRQHandler
                0x000000000800089c                TIM1_CC_IRQHandler
                0x000000000800089c                DMA2_Stream5_IRQHandler
                0x000000000800089c                DMA1_Stream5_IRQHandler
                0x000000000800089c                PVD_IRQHandler
                0x000000000800089c                SDIO_IRQHandler
                0x000000000800089c                TAMP_STAMP_IRQHandler
                0x000000000800089c                EXTI3_IRQHandler
                0x000000000800089c                TIM1_UP_TIM10_IRQHandler
                0x000000000800089c                I2C3_ER_IRQHandler
                0x000000000800089c                EXTI0_IRQHandler
                0x000000000800089c                I2C2_EV_IRQHandler
                0x000000000800089c                DMA1_Stream2_IRQHandler
                0x000000000800089c                FPU_IRQHandler
                0x000000000800089c                DMA2_Stream2_IRQHandler
                0x000000000800089c                SPI1_IRQHandler
                0x000000000800089c                TIM1_BRK_TIM9_IRQHandler
                0x000000000800089c                DMA2_Stream3_IRQHandler
                0x000000000800089c                USART6_IRQHandler
                0x000000000800089c                DMA2_Stream0_IRQHandler
                0x000000000800089c                TIM4_IRQHandler
                0x000000000800089c                I2C1_EV_IRQHandler
                0x000000000800089c                DMA1_Stream6_IRQHandler
                0x000000000800089c                DMA1_Stream1_IRQHandler
                0x000000000800089c                TIM3_IRQHandler
                0x000000000800089c                RCC_IRQHandler
                0x000000000800089c                Default_Handler
                0x000000000800089c                EXTI15_10_IRQHandler
                0x000000000800089c                ADC_IRQHandler
                0x000000000800089c                DMA1_Stream7_IRQHandler
                0x000000000800089c                SPI5_IRQHandler
                0x000000000800089c                TIM5_IRQHandler
                0x000000000800089c                DMA2_Stream7_IRQHandler
                0x000000000800089c                I2C3_EV_IRQHandler
                0x000000000800089c                EXTI9_5_IRQHandler
                0x000000000800089c                RTC_WKUP_IRQHandler
                0x000000000800089c                SPI2_IRQHandler
                0x000000000800089c                DMA1_Stream0_IRQHandler
                0x000000000800089c                EXTI4_IRQHandler
                0x000000000800089c                WWDG_IRQHandler
                0x000000000800089c                TIM2_IRQHandler
                0x000000000800089c                OTG_FS_WKUP_IRQHandler
                0x000000000800089c                TIM1_TRG_COM_TIM11_IRQHandler
                0x000000000800089c                EXTI1_IRQHandler
                0x000000000800089c                USART2_IRQHandler
                0x000000000800089c                I2C2_ER_IRQHandler
                0x000000000800089c                DMA2_Stream1_IRQHandler
                0x000000000800089c                FLASH_IRQHandler
                0x000000000800089c                DMA2_Stream4_IRQHandler
                0x000000000800089c                USART1_IRQHandler
                0x000000000800089c                OTG_FS_IRQHandler
                0x000000000800089c                SPI3_IRQHandler
                0x000000000800089c                DMA1_Stream4_IRQHandler
                0x000000000800089c                I2C1_ER_IRQHandler
                0x000000000800089c                DMA2_Stream6_IRQHandler
                0x000000000800089c                DMA1_Stream3_IRQHandler
 *fill*         0x000000000800089e        0x2 
 .text.HAL_Init
                0x00000000080008a0       0x44 Drivers/STM32F4xx_HAL_Driver/Src/stm32f4xx_hal.o
                0x00000000080008a0                HAL_Init
 .text.HAL_InitTick
                0x00000000080008e4       0x60 Drivers/STM32F4xx_HAL_Driver/Src/stm32f4xx_hal.o
                0x00000000080008e4                HAL_InitTick
 .text.HAL_IncTick
                0x0000000008000944       0x28 Drivers/STM32F4xx_HAL_Driver/Src/stm32f4xx_hal.o
                0x0000000008000944                HAL_IncTick
 .text.HAL_GetTick
                0x000000000800096c       0x18 Drivers/STM32F4xx_HAL_Driver/Src/stm32f4xx_hal.o
                0x000000000800096c                HAL_GetTick
 .text.__NVIC_SetPriorityGrouping
                0x0000000008000984       0x48 Drivers/STM32F4xx_HAL_Driver/Src/stm32f4xx_hal_cortex.o
 .text.__NVIC_GetPriorityGrouping
                0x00000000080009cc       0x1c Drivers/STM32F4xx_HAL_Driver/Src/stm32f4xx_hal_cortex.o
 .text.__NVIC_SetPriority
                0x00000000080009e8       0x54 Drivers/STM32F4xx_HAL_Driver/Src/stm32f4xx_hal_cortex.o
 .text.NVIC_EncodePriority
                0x0000000008000a3c       0x66 Drivers/STM32F4xx_HAL_Driver/Src/stm32f4xx_hal_cortex.o
 *fill*         0x0000000008000aa2        0x2 
 .text.SysTick_Config
                0x0000000008000aa4       0x44 Drivers/STM32F4xx_HAL_Driver/Src/stm32f4xx_hal_cortex.o
 .text.HAL_NVIC_SetPriorityGrouping
                0x0000000008000ae8       0x16 Drivers/STM32F4xx_HAL_Driver/Src/stm32f4xx_hal_cortex.o
                0x0000000008000ae8                HAL_NVIC_SetPriorityGrouping
 .text.HAL_NVIC_SetPriority
                0x0000000008000afe       0x38 Drivers/STM32F4xx_HAL_Driver/Src/stm32f4xx_hal_cortex.o
                0x0000000008000afe                HAL_NVIC_SetPriority
 .text.HAL_SYSTICK_Config
                0x0000000008000b36       0x18 Drivers/STM32F4xx_HAL_Driver/Src/stm32f4xx_hal_cortex.o
                0x0000000008000b36                HAL_SYSTICK_Config
 *fill*         0x0000000008000b4e        0x2 
 .text.HAL_RCC_OscConfig
                0x0000000008000b50      0x4f0 Drivers/STM32F4xx_HAL_Driver/Src/stm32f4xx_hal_rcc.o
                0x0000000008000b50                HAL_RCC_OscConfig
 .text.HAL_RCC_ClockConfig
                0x0000000008001040      0x1cc Drivers/STM32F4xx_HAL_Driver/Src/stm32f4xx_hal_rcc.o
                0x0000000008001040                HAL_RCC_ClockConfig
 .text.HAL_RCC_GetSysClockFreq
                0x000000000800120c      0x16c Drivers/STM32F4xx_HAL_Driver/Src/stm32f4xx_hal_rcc.o
                0x000000000800120c                HAL_RCC_GetSysClockFreq
 .text._SetPhysRAMAddr
                0x0000000008001378       0xa2 /home/zopa/STM32CubeIDE/workspace_1.6.0/GMish/Drivers/EmWin/STemWin532_CM4_GCC.a(GUIDRV_FlexColor_Func66708.o)
 .text._SetRect
                0x000000000800141a      0x18e /home/zopa/STM32CubeIDE/workspace_1.6.0/GMish/Drivers/EmWin/STemWin532_CM4_GCC.a(GUIDRV_FlexColor_Func66708.o)
 .text._SetOrientation
                0x00000000080015a8       0x3c /home/zopa/STM32CubeIDE/workspace_1.6.0/GMish/Drivers/EmWin/STemWin532_CM4_GCC.a(GUIDRV_FlexColor_Func66708.o)
 .text._ReadPixel_16bpp_B8
                0x00000000080015e4       0x24 /home/zopa/STM32CubeIDE/workspace_1.6.0/GMish/Drivers/EmWin/STemWin532_CM4_GCC.a(GUIDRV_FlexColor_Func66708.o)
 .text._ReadPixel_16bpp_B16
                0x0000000008001608       0x20 /home/zopa/STM32CubeIDE/workspace_1.6.0/GMish/Drivers/EmWin/STemWin532_CM4_GCC.a(GUIDRV_FlexColor_Func66708.o)
 .text._SetReg_B8
                0x0000000008001628       0x18 /home/zopa/STM32CubeIDE/workspace_1.6.0/GMish/Drivers/EmWin/STemWin532_CM4_GCC.a(GUIDRV_FlexColor_Func66708.o)
 .text._WritePara_B8
                0x0000000008001640       0x18 /home/zopa/STM32CubeIDE/workspace_1.6.0/GMish/Drivers/EmWin/STemWin532_CM4_GCC.a(GUIDRV_FlexColor_Func66708.o)
 .text._SetReg_B16
                0x0000000008001658        0xc /home/zopa/STM32CubeIDE/workspace_1.6.0/GMish/Drivers/EmWin/STemWin532_CM4_GCC.a(GUIDRV_FlexColor_Func66708.o)
 .text._WritePara_B16
                0x0000000008001664        0xc /home/zopa/STM32CubeIDE/workspace_1.6.0/GMish/Drivers/EmWin/STemWin532_CM4_GCC.a(GUIDRV_FlexColor_Func66708.o)
 .text._SetInterface
                0x0000000008001670       0x34 /home/zopa/STM32CubeIDE/workspace_1.6.0/GMish/Drivers/EmWin/STemWin532_CM4_GCC.a(GUIDRV_FlexColor_Func66708.o)
 .text.GUIDRV_FlexColor_SetFunc66708
                0x00000000080016a4       0x50 /home/zopa/STM32CubeIDE/workspace_1.6.0/GMish/Drivers/EmWin/STemWin532_CM4_GCC.a(GUIDRV_FlexColor_Func66708.o)
                0x00000000080016a4                GUIDRV_FlexColor_SetFunc66708
 .text._ReadData
                0x00000000080016f4        0xa /home/zopa/STM32CubeIDE/workspace_1.6.0/GMish/Drivers/EmWin/STemWin532_CM4_GCC.a(GUIDRV_FlexColor_16bpp_C0B16.o)
 .text._WriteData
                0x00000000080016fe        0xc /home/zopa/STM32CubeIDE/workspace_1.6.0/GMish/Drivers/EmWin/STemWin532_CM4_GCC.a(GUIDRV_FlexColor_16bpp_C0B16.o)
 *fill*         0x000000000800170a        0x2 
 .text._FillRect
                0x000000000800170c      0x100 /home/zopa/STM32CubeIDE/workspace_1.6.0/GMish/Drivers/EmWin/STemWin532_CM4_GCC.a(GUIDRV_FlexColor_16bpp_C0B16.o)
 .text._DrawBitmap
                0x000000000800180c      0x510 /home/zopa/STM32CubeIDE/workspace_1.6.0/GMish/Drivers/EmWin/STemWin532_CM4_GCC.a(GUIDRV_FlexColor_16bpp_C0B16.o)
 .text.GUIDRV_FlexColor_SetMode16bppC0B16
                0x0000000008001d1c       0x68 /home/zopa/STM32CubeIDE/workspace_1.6.0/GMish/Drivers/EmWin/STemWin532_CM4_GCC.a(GUIDRV_FlexColor_16bpp_C0B16.o)
                0x0000000008001d1c                GUIDRV_FlexColor_SetMode16bppC0B16
 .text._Log2PhysX_X0Y0S0
                0x0000000008001d84        0x4 /home/zopa/STM32CubeIDE/workspace_1.6.0/GMish/Drivers/EmWin/STemWin532_CM4_GCC.a(GUIDRV_FlexColor.o)
 .text._Log2PhysX_X1Y0S0
                0x0000000008001d88        0x8 /home/zopa/STM32CubeIDE/workspace_1.6.0/GMish/Drivers/EmWin/STemWin532_CM4_GCC.a(GUIDRV_FlexColor.o)
 .text._Log2PhysX_X0Y1S0
                0x0000000008001d90        0x4 /home/zopa/STM32CubeIDE/workspace_1.6.0/GMish/Drivers/EmWin/STemWin532_CM4_GCC.a(GUIDRV_FlexColor.o)
 .text._Log2PhysX_X1Y1S0
                0x0000000008001d94        0x8 /home/zopa/STM32CubeIDE/workspace_1.6.0/GMish/Drivers/EmWin/STemWin532_CM4_GCC.a(GUIDRV_FlexColor.o)
 .text._Log2PhysX_X0Y0S1
                0x0000000008001d9c        0x4 /home/zopa/STM32CubeIDE/workspace_1.6.0/GMish/Drivers/EmWin/STemWin532_CM4_GCC.a(GUIDRV_FlexColor.o)
 .text._Log2PhysX_X1Y0S1
                0x0000000008001da0        0x8 /home/zopa/STM32CubeIDE/workspace_1.6.0/GMish/Drivers/EmWin/STemWin532_CM4_GCC.a(GUIDRV_FlexColor.o)
 .text._Log2PhysX_X0Y1S1
                0x0000000008001da8        0x4 /home/zopa/STM32CubeIDE/workspace_1.6.0/GMish/Drivers/EmWin/STemWin532_CM4_GCC.a(GUIDRV_FlexColor.o)
 .text._Log2PhysX_X1Y1S1
                0x0000000008001dac        0x8 /home/zopa/STM32CubeIDE/workspace_1.6.0/GMish/Drivers/EmWin/STemWin532_CM4_GCC.a(GUIDRV_FlexColor.o)
 .text._Log2PhysY_X0Y0S0
                0x0000000008001db4        0x4 /home/zopa/STM32CubeIDE/workspace_1.6.0/GMish/Drivers/EmWin/STemWin532_CM4_GCC.a(GUIDRV_FlexColor.o)
 .text._Log2PhysY_X1Y0S0
                0x0000000008001db8        0x4 /home/zopa/STM32CubeIDE/workspace_1.6.0/GMish/Drivers/EmWin/STemWin532_CM4_GCC.a(GUIDRV_FlexColor.o)
 .text._Log2PhysY_X0Y1S0
                0x0000000008001dbc        0x8 /home/zopa/STM32CubeIDE/workspace_1.6.0/GMish/Drivers/EmWin/STemWin532_CM4_GCC.a(GUIDRV_FlexColor.o)
 .text._Log2PhysY_X1Y1S0
                0x0000000008001dc4        0x8 /home/zopa/STM32CubeIDE/workspace_1.6.0/GMish/Drivers/EmWin/STemWin532_CM4_GCC.a(GUIDRV_FlexColor.o)
 .text._Log2PhysY_X0Y0S1
                0x0000000008001dcc        0x4 /home/zopa/STM32CubeIDE/workspace_1.6.0/GMish/Drivers/EmWin/STemWin532_CM4_GCC.a(GUIDRV_FlexColor.o)
 .text._Log2PhysY_X1Y0S1
                0x0000000008001dd0        0x4 /home/zopa/STM32CubeIDE/workspace_1.6.0/GMish/Drivers/EmWin/STemWin532_CM4_GCC.a(GUIDRV_FlexColor.o)
 .text._Log2PhysY_X0Y1S1
                0x0000000008001dd4        0x8 /home/zopa/STM32CubeIDE/workspace_1.6.0/GMish/Drivers/EmWin/STemWin532_CM4_GCC.a(GUIDRV_FlexColor.o)
 .text._Log2PhysY_X1Y1S1
                0x0000000008001ddc        0x8 /home/zopa/STM32CubeIDE/workspace_1.6.0/GMish/Drivers/EmWin/STemWin532_CM4_GCC.a(GUIDRV_FlexColor.o)
 .text._SetPixelIndex
                0x0000000008001de4        0xc /home/zopa/STM32CubeIDE/workspace_1.6.0/GMish/Drivers/EmWin/STemWin532_CM4_GCC.a(GUIDRV_FlexColor.o)
 .text._GetPixelIndex
                0x0000000008001df0        0xc /home/zopa/STM32CubeIDE/workspace_1.6.0/GMish/Drivers/EmWin/STemWin532_CM4_GCC.a(GUIDRV_FlexColor.o)
 .text._XorPixel
                0x0000000008001dfc       0x28 /home/zopa/STM32CubeIDE/workspace_1.6.0/GMish/Drivers/EmWin/STemWin532_CM4_GCC.a(GUIDRV_FlexColor.o)
 .text._DrawHLine
                0x0000000008001e24       0x10 /home/zopa/STM32CubeIDE/workspace_1.6.0/GMish/Drivers/EmWin/STemWin532_CM4_GCC.a(GUIDRV_FlexColor.o)
 .text._DrawVLine
                0x0000000008001e34       0x12 /home/zopa/STM32CubeIDE/workspace_1.6.0/GMish/Drivers/EmWin/STemWin532_CM4_GCC.a(GUIDRV_FlexColor.o)
 .text._FillRect
                0x0000000008001e46       0x12 /home/zopa/STM32CubeIDE/workspace_1.6.0/GMish/Drivers/EmWin/STemWin532_CM4_GCC.a(GUIDRV_FlexColor.o)
 .text._DrawBitmap
                0x0000000008001e58       0x28 /home/zopa/STM32CubeIDE/workspace_1.6.0/GMish/Drivers/EmWin/STemWin532_CM4_GCC.a(GUIDRV_FlexColor.o)
 .text._GetDevFunc_SetRect
                0x0000000008001e80        0x2 /home/zopa/STM32CubeIDE/workspace_1.6.0/GMish/Drivers/EmWin/STemWin532_CM4_GCC.a(GUIDRV_FlexColor.o)
 *fill*         0x0000000008001e82        0x2 
 .text._GetDevFunc_SetRectOutside
                0x0000000008001e84       0x40 /home/zopa/STM32CubeIDE/workspace_1.6.0/GMish/Drivers/EmWin/STemWin532_CM4_GCC.a(GUIDRV_FlexColor.o)
 .text._ReadPixelCust_16bpp
                0x0000000008001ec4        0xe /home/zopa/STM32CubeIDE/workspace_1.6.0/GMish/Drivers/EmWin/STemWin532_CM4_GCC.a(GUIDRV_FlexColor.o)
 .text._ReadPixelCust_18bpp
                0x0000000008001ed2        0xe /home/zopa/STM32CubeIDE/workspace_1.6.0/GMish/Drivers/EmWin/STemWin532_CM4_GCC.a(GUIDRV_FlexColor.o)
 .text._ReadRectCust_16bpp
                0x0000000008001ee0       0x36 /home/zopa/STM32CubeIDE/workspace_1.6.0/GMish/Drivers/EmWin/STemWin532_CM4_GCC.a(GUIDRV_FlexColor.o)
 .text._ReadRectCust_18bpp
                0x0000000008001f16       0x36 /home/zopa/STM32CubeIDE/workspace_1.6.0/GMish/Drivers/EmWin/STemWin532_CM4_GCC.a(GUIDRV_FlexColor.o)
 .text._GetDevFunc
                0x0000000008001f4c       0x6c /home/zopa/STM32CubeIDE/workspace_1.6.0/GMish/Drivers/EmWin/STemWin532_CM4_GCC.a(GUIDRV_FlexColor.o)
 .text._GetDevProp
                0x0000000008001fb8       0x5a /home/zopa/STM32CubeIDE/workspace_1.6.0/GMish/Drivers/EmWin/STemWin532_CM4_GCC.a(GUIDRV_FlexColor.o)
 .text._GetDevData
                0x0000000008002012        0xc /home/zopa/STM32CubeIDE/workspace_1.6.0/GMish/Drivers/EmWin/STemWin532_CM4_GCC.a(GUIDRV_FlexColor.o)
 .text._GetRect
                0x000000000800201e       0x16 /home/zopa/STM32CubeIDE/workspace_1.6.0/GMish/Drivers/EmWin/STemWin532_CM4_GCC.a(GUIDRV_FlexColor.o)
 .text.GUIDRV_FlexColor__SetLog2Phys
                0x0000000008002034       0x48 /home/zopa/STM32CubeIDE/workspace_1.6.0/GMish/Drivers/EmWin/STemWin532_CM4_GCC.a(GUIDRV_FlexColor.o)
                0x0000000008002034                GUIDRV_FlexColor__SetLog2Phys
 .text._SetOrg  0x000000000800207c       0x16 /home/zopa/STM32CubeIDE/workspace_1.6.0/GMish/Drivers/EmWin/STemWin532_CM4_GCC.a(GUIDRV_FlexColor.o)
 .text.GUIDRV_FlexColor__SetPixelIndexNoCache
                0x0000000008002092       0x90 /home/zopa/STM32CubeIDE/workspace_1.6.0/GMish/Drivers/EmWin/STemWin532_CM4_GCC.a(GUIDRV_FlexColor.o)
                0x0000000008002092                GUIDRV_FlexColor__SetPixelIndexNoCache
 .text.GUIDRV_FlexColor__GetPixelIndexNoCache
                0x0000000008002122       0xb2 /home/zopa/STM32CubeIDE/workspace_1.6.0/GMish/Drivers/EmWin/STemWin532_CM4_GCC.a(GUIDRV_FlexColor.o)
                0x0000000008002122                GUIDRV_FlexColor__GetPixelIndexNoCache
 .text.GUIDRV_FlexColor__InitOnce
                0x00000000080021d4       0x34 /home/zopa/STM32CubeIDE/workspace_1.6.0/GMish/Drivers/EmWin/STemWin532_CM4_GCC.a(GUIDRV_FlexColor.o)
                0x00000000080021d4                GUIDRV_FlexColor__InitOnce
 .text._SetDevFunc
                0x0000000008002208       0x9c /home/zopa/STM32CubeIDE/workspace_1.6.0/GMish/Drivers/EmWin/STemWin532_CM4_GCC.a(GUIDRV_FlexColor.o)
 .text._GetDevFunc_Init
                0x00000000080022a4       0x4a /home/zopa/STM32CubeIDE/workspace_1.6.0/GMish/Drivers/EmWin/STemWin532_CM4_GCC.a(GUIDRV_FlexColor.o)
 .text._GetDevFunc_SetSize
                0x00000000080022ee       0x14 /home/zopa/STM32CubeIDE/workspace_1.6.0/GMish/Drivers/EmWin/STemWin532_CM4_GCC.a(GUIDRV_FlexColor.o)
 .text._GetDevFunc_SetVSize
                0x0000000008002302       0x14 /home/zopa/STM32CubeIDE/workspace_1.6.0/GMish/Drivers/EmWin/STemWin532_CM4_GCC.a(GUIDRV_FlexColor.o)
 .text.GUIDRV_FlexColor_Config
                0x0000000008002316       0x3c /home/zopa/STM32CubeIDE/workspace_1.6.0/GMish/Drivers/EmWin/STemWin532_CM4_GCC.a(GUIDRV_FlexColor.o)
                0x0000000008002316                GUIDRV_FlexColor_Config
 .text.GUIDRV_FlexColor_SetFunc
                0x0000000008002352       0x32 /home/zopa/STM32CubeIDE/workspace_1.6.0/GMish/Drivers/EmWin/STemWin532_CM4_GCC.a(GUIDRV_FlexColor.o)
                0x0000000008002352                GUIDRV_FlexColor_SetFunc
 .text.LCD_SetVSizeEx
                0x0000000008002384       0x30 /home/zopa/STM32CubeIDE/workspace_1.6.0/GMish/Drivers/EmWin/STemWin532_CM4_GCC.a(LCD_Set.o)
                0x0000000008002384                LCD_SetVSizeEx
 .text.LCD_SetSizeEx
                0x00000000080023b4       0x30 /home/zopa/STM32CubeIDE/workspace_1.6.0/GMish/Drivers/EmWin/STemWin532_CM4_GCC.a(LCD_Set.o)
                0x00000000080023b4                LCD_SetSizeEx
 .text.LCD_SetLUTEntryEx
                0x00000000080023e4       0x30 /home/zopa/STM32CubeIDE/workspace_1.6.0/GMish/Drivers/EmWin/STemWin532_CM4_GCC.a(LCD_Set.o)
                0x00000000080023e4                LCD_SetLUTEntryEx
 .text.GUI__memset16
                0x0000000008002414       0x5c /home/zopa/STM32CubeIDE/workspace_1.6.0/GMish/Drivers/EmWin/STemWin532_CM4_GCC.a(GUI__memset16.o)
                0x0000000008002414                GUI__memset16
 .text.GUI__memset
                0x0000000008002470       0x54 /home/zopa/STM32CubeIDE/workspace_1.6.0/GMish/Drivers/EmWin/STemWin532_CM4_GCC.a(GUI__memset.o)
                0x0000000008002470                GUI__memset
 .text.GUI_DEVICE__GetpDriver
                0x00000000080024c4       0x20 /home/zopa/STM32CubeIDE/workspace_1.6.0/GMish/Drivers/EmWin/STemWin532_CM4_GCC.a(GUI_Device.o)
                0x00000000080024c4                GUI_DEVICE__GetpDriver
 .text.GUI_DEVICE_Delete
                0x00000000080024e4        0x4 /home/zopa/STM32CubeIDE/workspace_1.6.0/GMish/Drivers/EmWin/STemWin532_CM4_GCC.a(GUI_Device.o)
                0x00000000080024e4                GUI_DEVICE_Delete
 .text.GUI_DEVICE_Create
                0x00000000080024e8       0x4c /home/zopa/STM32CubeIDE/workspace_1.6.0/GMish/Drivers/EmWin/STemWin532_CM4_GCC.a(GUI_Device.o)
                0x00000000080024e8                GUI_DEVICE_Create
 .text.GUI_DEVICE_Unlink
                0x0000000008002534       0x2c /home/zopa/STM32CubeIDE/workspace_1.6.0/GMish/Drivers/EmWin/STemWin532_CM4_GCC.a(GUI_Device.o)
                0x0000000008002534                GUI_DEVICE_Unlink
 .text.GUI_DEVICE_Link
                0x0000000008002560       0x74 /home/zopa/STM32CubeIDE/workspace_1.6.0/GMish/Drivers/EmWin/STemWin532_CM4_GCC.a(GUI_Device.o)
                0x0000000008002560                GUI_DEVICE_Link
 .text.GUI_DEVICE_CreateAndLink
                0x00000000080025d4       0x28 /home/zopa/STM32CubeIDE/workspace_1.6.0/GMish/Drivers/EmWin/STemWin532_CM4_GCC.a(GUI_Device.o)
                0x00000000080025d4                GUI_DEVICE_CreateAndLink
 .text._OnExit  0x00000000080025fc       0x2c /home/zopa/STM32CubeIDE/workspace_1.6.0/GMish/Drivers/EmWin/STemWin532_CM4_GCC.a(GUI_Core.o)
 .text._InitContext
                0x0000000008002628       0x80 /home/zopa/STM32CubeIDE/workspace_1.6.0/GMish/Drivers/EmWin/STemWin532_CM4_GCC.a(GUI_Core.o)
 .text.GUI_SetDefaultFont
                0x00000000080026a8        0xc /home/zopa/STM32CubeIDE/workspace_1.6.0/GMish/Drivers/EmWin/STemWin532_CM4_GCC.a(GUI_Core.o)
                0x00000000080026a8                GUI_SetDefaultFont
 .text.GUI_ClearRect
                0x00000000080026b4       0x64 /home/zopa/STM32CubeIDE/workspace_1.6.0/GMish/Drivers/EmWin/STemWin532_CM4_GCC.a(GUI_Core.o)
                0x00000000080026b4                GUI_ClearRect
 .text.GUI_Clear
                0x0000000008002718       0x20 /home/zopa/STM32CubeIDE/workspace_1.6.0/GMish/Drivers/EmWin/STemWin532_CM4_GCC.a(GUI_Core.o)
                0x0000000008002718                GUI_Clear
 .text.GUI__RegisterExit
                0x0000000008002738       0x24 /home/zopa/STM32CubeIDE/workspace_1.6.0/GMish/Drivers/EmWin/STemWin532_CM4_GCC.a(GUI_Core.o)
                0x0000000008002738                GUI__RegisterExit
 .text.GUI__Config
                0x000000000800275c       0x30 /home/zopa/STM32CubeIDE/workspace_1.6.0/GMish/Drivers/EmWin/STemWin532_CM4_GCC.a(GUI_Core.o)
                0x000000000800275c                GUI__Config
 .text.GUI_Init
                0x000000000800278c       0xa8 /home/zopa/STM32CubeIDE/workspace_1.6.0/GMish/Drivers/EmWin/STemWin532_CM4_GCC.a(GUI_Core.o)
                0x000000000800278c                GUI_Init
 .text.GUIMONO_DispChar
                0x0000000008002834      0x150 /home/zopa/STM32CubeIDE/workspace_1.6.0/GMish/Drivers/EmWin/STemWin532_CM4_GCC.a(GUI_CharM.o)
                0x0000000008002834                GUIMONO_DispChar
 .text.GUIMONO_GetCharDistX
                0x0000000008002984       0x18 /home/zopa/STM32CubeIDE/workspace_1.6.0/GMish/Drivers/EmWin/STemWin532_CM4_GCC.a(GUI_CharM.o)
                0x0000000008002984                GUIMONO_GetCharDistX
 .text.GUIMONO_GetFontInfo
                0x000000000800299c        0x6 /home/zopa/STM32CubeIDE/workspace_1.6.0/GMish/Drivers/EmWin/STemWin532_CM4_GCC.a(GUI_CharM.o)
                0x000000000800299c                GUIMONO_GetFontInfo
 .text.GUIMONO_IsInFont
                0x00000000080029a2       0x36 /home/zopa/STM32CubeIDE/workspace_1.6.0/GMish/Drivers/EmWin/STemWin532_CM4_GCC.a(GUI_CharM.o)
                0x00000000080029a2                GUIMONO_IsInFont
 .text._PushFreeBlock
                0x00000000080029d8       0x24 /home/zopa/STM32CubeIDE/workspace_1.6.0/GMish/Drivers/EmWin/STemWin532_CM4_GCC.a(GUI_Alloc.o)
 .text._OnExit  0x00000000080029fc       0x38 /home/zopa/STM32CubeIDE/workspace_1.6.0/GMish/Drivers/EmWin/STemWin532_CM4_GCC.a(GUI_Alloc.o)
 .text._RemoveFreeBlock
                0x0000000008002a34       0x40 /home/zopa/STM32CubeIDE/workspace_1.6.0/GMish/Drivers/EmWin/STemWin532_CM4_GCC.a(GUI_Alloc.o)
 .text._AddFreeMemory
                0x0000000008002a74       0xa0 /home/zopa/STM32CubeIDE/workspace_1.6.0/GMish/Drivers/EmWin/STemWin532_CM4_GCC.a(GUI_Alloc.o)
 .text._RemoveHoles
                0x0000000008002b14       0x9c /home/zopa/STM32CubeIDE/workspace_1.6.0/GMish/Drivers/EmWin/STemWin532_CM4_GCC.a(GUI_Alloc.o)
 .text.GUI_ALLOC_FreeFixedBlock
                0x0000000008002bb0       0x14 /home/zopa/STM32CubeIDE/workspace_1.6.0/GMish/Drivers/EmWin/STemWin532_CM4_GCC.a(GUI_Alloc.o)
                0x0000000008002bb0                GUI_ALLOC_FreeFixedBlock
 .text.GUI_ALLOC_h2p
                0x0000000008002bc4       0x14 /home/zopa/STM32CubeIDE/workspace_1.6.0/GMish/Drivers/EmWin/STemWin532_CM4_GCC.a(GUI_Alloc.o)
                0x0000000008002bc4                GUI_ALLOC_h2p
 .text.GUI_ALLOC_LockH
                0x0000000008002bd8       0x1c /home/zopa/STM32CubeIDE/workspace_1.6.0/GMish/Drivers/EmWin/STemWin532_CM4_GCC.a(GUI_Alloc.o)
                0x0000000008002bd8                GUI_ALLOC_LockH
 .text.GUI_ALLOC_UnlockH
                0x0000000008002bf4       0x30 /home/zopa/STM32CubeIDE/workspace_1.6.0/GMish/Drivers/EmWin/STemWin532_CM4_GCC.a(GUI_Alloc.o)
                0x0000000008002bf4                GUI_ALLOC_UnlockH
 .text.GUI_ALLOC_AssignMemory
                0x0000000008002c24       0x10 /home/zopa/STM32CubeIDE/workspace_1.6.0/GMish/Drivers/EmWin/STemWin532_CM4_GCC.a(GUI_Alloc.o)
                0x0000000008002c24                GUI_ALLOC_AssignMemory
 .text.GUI_ALLOC_Free
                0x0000000008002c34       0x30 /home/zopa/STM32CubeIDE/workspace_1.6.0/GMish/Drivers/EmWin/STemWin532_CM4_GCC.a(GUI_Alloc.o)
                0x0000000008002c34                GUI_ALLOC_Free
 .text._EnlargeBlocks
                0x0000000008002c64       0x98 /home/zopa/STM32CubeIDE/workspace_1.6.0/GMish/Drivers/EmWin/STemWin532_CM4_GCC.a(GUI_Alloc.o)
 .text._InitOnce
                0x0000000008002cfc      0x174 /home/zopa/STM32CubeIDE/workspace_1.6.0/GMish/Drivers/EmWin/STemWin532_CM4_GCC.a(GUI_Alloc.o)
 .text.GUI_ALLOC_GetFixedBlock
                0x0000000008002e70       0xa4 /home/zopa/STM32CubeIDE/workspace_1.6.0/GMish/Drivers/EmWin/STemWin532_CM4_GCC.a(GUI_Alloc.o)
                0x0000000008002e70                GUI_ALLOC_GetFixedBlock
 .text._Alloc   0x0000000008002f14       0xec /home/zopa/STM32CubeIDE/workspace_1.6.0/GMish/Drivers/EmWin/STemWin532_CM4_GCC.a(GUI_Alloc.o)
 .text.GUI_ALLOC_AllocNoInit
                0x0000000008003000        0x8 /home/zopa/STM32CubeIDE/workspace_1.6.0/GMish/Drivers/EmWin/STemWin532_CM4_GCC.a(GUI_Alloc.o)
                0x0000000008003000                GUI_ALLOC_AllocNoInit
 .text.LCD_Index2Color_565
                0x0000000008003008       0x28 /home/zopa/STM32CubeIDE/workspace_1.6.0/GMish/Drivers/EmWin/STemWin532_CM4_GCC.a(GUICC_565.o)
                0x0000000008003008                LCD_Index2Color_565
 .text._Color2Index_565
                0x0000000008003030       0x28 /home/zopa/STM32CubeIDE/workspace_1.6.0/GMish/Drivers/EmWin/STemWin532_CM4_GCC.a(GUICC_565.o)
 .text._GetIndexMask_565
                0x0000000008003058        0x6 /home/zopa/STM32CubeIDE/workspace_1.6.0/GMish/Drivers/EmWin/STemWin532_CM4_GCC.a(GUICC_565.o)
 *fill*         0x000000000800305e        0x2 
 .text._Color2IndexBulk
                0x0000000008003060       0x38 /home/zopa/STM32CubeIDE/workspace_1.6.0/GMish/Drivers/EmWin/STemWin532_CM4_GCC.a(GUICC_565.o)
 .text._Index2ColorBulk
                0x0000000008003098       0x48 /home/zopa/STM32CubeIDE/workspace_1.6.0/GMish/Drivers/EmWin/STemWin532_CM4_GCC.a(GUICC_565.o)
 .text.WM_GetDesktopWindow
                0x00000000080030e0       0x18 /home/zopa/STM32CubeIDE/workspace_1.6.0/GMish/Drivers/EmWin/STemWin532_CM4_GCC.a(WM_GetDesktopWindow.o)
                0x00000000080030e0                WM_GetDesktopWindow
 .text._OnExit  0x00000000080030f8       0x50 /home/zopa/STM32CubeIDE/workspace_1.6.0/GMish/Drivers/EmWin/STemWin532_CM4_GCC.a(WM.o)
 .text._Findy1  0x0000000008003148       0xac /home/zopa/STM32CubeIDE/workspace_1.6.0/GMish/Drivers/EmWin/STemWin532_CM4_GCC.a(WM.o)
 .text._Findx0  0x00000000080031f4       0x88 /home/zopa/STM32CubeIDE/workspace_1.6.0/GMish/Drivers/EmWin/STemWin532_CM4_GCC.a(WM.o)
 .text._Findx1  0x000000000800327c       0x76 /home/zopa/STM32CubeIDE/workspace_1.6.0/GMish/Drivers/EmWin/STemWin532_CM4_GCC.a(WM.o)
 *fill*         0x00000000080032f2        0x2 
 .text.WM__ClipAtParentBorders
                0x00000000080032f4       0x5c /home/zopa/STM32CubeIDE/workspace_1.6.0/GMish/Drivers/EmWin/STemWin532_CM4_GCC.a(WM.o)
                0x00000000080032f4                WM__ClipAtParentBorders
 .text.WM__InsertWindowIntoList
                0x0000000008003350       0xa4 /home/zopa/STM32CubeIDE/workspace_1.6.0/GMish/Drivers/EmWin/STemWin532_CM4_GCC.a(WM.o)
                0x0000000008003350                WM__InsertWindowIntoList
 .text.WM__Client2Screen
                0x00000000080033f4       0x10 /home/zopa/STM32CubeIDE/workspace_1.6.0/GMish/Drivers/EmWin/STemWin532_CM4_GCC.a(WM.o)
                0x00000000080033f4                WM__Client2Screen
 .text._SetClipRectUserIntersect
                0x0000000008003404       0x50 /home/zopa/STM32CubeIDE/workspace_1.6.0/GMish/Drivers/EmWin/STemWin532_CM4_GCC.a(WM.o)
 .text.WM__ActivateClipRect
                0x0000000008003454       0x48 /home/zopa/STM32CubeIDE/workspace_1.6.0/GMish/Drivers/EmWin/STemWin532_CM4_GCC.a(WM.o)
                0x0000000008003454                WM__ActivateClipRect
 .text.WM__InvalidateDrawAndDescs
                0x000000000800349c       0x50 /home/zopa/STM32CubeIDE/workspace_1.6.0/GMish/Drivers/EmWin/STemWin532_CM4_GCC.a(WM.o)
                0x000000000800349c                WM__InvalidateDrawAndDescs
 .text.WM__RectIsNZ
                0x00000000080034ec       0x22 /home/zopa/STM32CubeIDE/workspace_1.6.0/GMish/Drivers/EmWin/STemWin532_CM4_GCC.a(WM.o)
                0x00000000080034ec                WM__RectIsNZ
 *fill*         0x000000000800350e        0x2 
 .text._Invalidate1Abs
                0x0000000008003510       0x88 /home/zopa/STM32CubeIDE/workspace_1.6.0/GMish/Drivers/EmWin/STemWin532_CM4_GCC.a(WM.o)
 .text.WM__Invalidate1Abs
                0x0000000008003598        0x6 /home/zopa/STM32CubeIDE/workspace_1.6.0/GMish/Drivers/EmWin/STemWin532_CM4_GCC.a(WM.o)
                0x0000000008003598                WM__Invalidate1Abs
 .text.WM_InvalidateWindowAndDescsEx
                0x000000000800359e       0x64 /home/zopa/STM32CubeIDE/workspace_1.6.0/GMish/Drivers/EmWin/STemWin532_CM4_GCC.a(WM.o)
                0x000000000800359e                WM_InvalidateWindowAndDescsEx
 .text.WM__InvalidateRect
                0x0000000008003602       0x78 /home/zopa/STM32CubeIDE/workspace_1.6.0/GMish/Drivers/EmWin/STemWin532_CM4_GCC.a(WM.o)
                0x0000000008003602                WM__InvalidateRect
 .text.WM__InvalidateRectEx
                0x000000000800367a        0x6 /home/zopa/STM32CubeIDE/workspace_1.6.0/GMish/Drivers/EmWin/STemWin532_CM4_GCC.a(WM.o)
                0x000000000800367a                WM__InvalidateRectEx
 .text.WM__SendMsgNoData
                0x0000000008003680       0x16 /home/zopa/STM32CubeIDE/workspace_1.6.0/GMish/Drivers/EmWin/STemWin532_CM4_GCC.a(WM.o)
                0x0000000008003680                WM__SendMsgNoData
 .text.WM__GetClientRectWin
                0x0000000008003696       0x18 /home/zopa/STM32CubeIDE/workspace_1.6.0/GMish/Drivers/EmWin/STemWin532_CM4_GCC.a(WM.o)
                0x0000000008003696                WM__GetClientRectWin
 .text.WM_InvalidateRect
                0x00000000080036ae       0x78 /home/zopa/STM32CubeIDE/workspace_1.6.0/GMish/Drivers/EmWin/STemWin532_CM4_GCC.a(WM.o)
                0x00000000080036ae                WM_InvalidateRect
 .text.WM_InvalidateWindow
                0x0000000008003726        0x6 /home/zopa/STM32CubeIDE/workspace_1.6.0/GMish/Drivers/EmWin/STemWin532_CM4_GCC.a(WM.o)
                0x0000000008003726                WM_InvalidateWindow
 .text.WM__GetTopLevelLayer
                0x000000000800372c       0x28 /home/zopa/STM32CubeIDE/workspace_1.6.0/GMish/Drivers/EmWin/STemWin532_CM4_GCC.a(WM.o)
                0x000000000800372c                WM__GetTopLevelLayer
 .text.WM__SelectTopLevelLayer
                0x0000000008003754       0x14 /home/zopa/STM32CubeIDE/workspace_1.6.0/GMish/Drivers/EmWin/STemWin532_CM4_GCC.a(WM.o)
                0x0000000008003754                WM__SelectTopLevelLayer
 .text.WM_SelectWindow
                0x0000000008003768       0x40 /home/zopa/STM32CubeIDE/workspace_1.6.0/GMish/Drivers/EmWin/STemWin532_CM4_GCC.a(WM.o)
                0x0000000008003768                WM_SelectWindow
 .text.WM_CreateWindowAsChild
                0x00000000080037a8      0x154 /home/zopa/STM32CubeIDE/workspace_1.6.0/GMish/Drivers/EmWin/STemWin532_CM4_GCC.a(WM.o)
                0x00000000080037a8                WM_CreateWindowAsChild
 .text.WM__GetNextIVR
                0x00000000080038fc      0x184 /home/zopa/STM32CubeIDE/workspace_1.6.0/GMish/Drivers/EmWin/STemWin532_CM4_GCC.a(WM.o)
                0x00000000080038fc                WM__GetNextIVR
 .text.WM__InitIVRSearch
                0x0000000008003a80       0xfc /home/zopa/STM32CubeIDE/workspace_1.6.0/GMish/Drivers/EmWin/STemWin532_CM4_GCC.a(WM.o)
                0x0000000008003a80                WM__InitIVRSearch
 .text.WM_Activate
                0x0000000008003b7c       0x10 /home/zopa/STM32CubeIDE/workspace_1.6.0/GMish/Drivers/EmWin/STemWin532_CM4_GCC.a(WM.o)
                0x0000000008003b7c                WM_Activate
 .text.WM_DefaultProc
                0x0000000008003b8c       0x48 /home/zopa/STM32CubeIDE/workspace_1.6.0/GMish/Drivers/EmWin/STemWin532_CM4_GCC.a(WM.o)
                0x0000000008003b8c                WM_DefaultProc
 .text._cbBackWin
                0x0000000008003bd4       0x68 /home/zopa/STM32CubeIDE/workspace_1.6.0/GMish/Drivers/EmWin/STemWin532_CM4_GCC.a(WM.o)
 .text.WM_Init  0x0000000008003c3c       0xf4 /home/zopa/STM32CubeIDE/workspace_1.6.0/GMish/Drivers/EmWin/STemWin532_CM4_GCC.a(WM.o)
                0x0000000008003c3c                WM_Init
 .text.GUI_MEMDEV_GetDataPtr
                0x0000000008003d30       0x1e /home/zopa/STM32CubeIDE/workspace_1.6.0/GMish/Drivers/EmWin/STemWin532_CM4_GCC.a(GUIDEV_GetDataPtr.o)
                0x0000000008003d30                GUI_MEMDEV_GetDataPtr
 *fill*         0x0000000008003d4e        0x2 
 .text._GetDevData
                0x0000000008003d50       0x10 /home/zopa/STM32CubeIDE/workspace_1.6.0/GMish/Drivers/EmWin/STemWin532_CM4_GCC.a(GUIDEV_16.o)
 .text._GetDevFunc
                0x0000000008003d60       0x10 /home/zopa/STM32CubeIDE/workspace_1.6.0/GMish/Drivers/EmWin/STemWin532_CM4_GCC.a(GUIDEV_16.o)
 .text._SetOrg  0x0000000008003d70        0xe /home/zopa/STM32CubeIDE/workspace_1.6.0/GMish/Drivers/EmWin/STemWin532_CM4_GCC.a(GUIDEV_16.o)
 .text._GetDevProp
                0x0000000008003d7e       0x14 /home/zopa/STM32CubeIDE/workspace_1.6.0/GMish/Drivers/EmWin/STemWin532_CM4_GCC.a(GUIDEV_16.o)
 .text._GetRect
                0x0000000008003d92       0x32 /home/zopa/STM32CubeIDE/workspace_1.6.0/GMish/Drivers/EmWin/STemWin532_CM4_GCC.a(GUIDEV_16.o)
 .text._XY2PTR  0x0000000008003dc4       0x40 /home/zopa/STM32CubeIDE/workspace_1.6.0/GMish/Drivers/EmWin/STemWin532_CM4_GCC.a(GUIDEV_16.o)
 .text._GetPixelIndex
                0x0000000008003e04        0xe /home/zopa/STM32CubeIDE/workspace_1.6.0/GMish/Drivers/EmWin/STemWin532_CM4_GCC.a(GUIDEV_16.o)
 *fill*         0x0000000008003e12        0x2 
 .text._XorPixel
                0x0000000008003e14       0x58 /home/zopa/STM32CubeIDE/workspace_1.6.0/GMish/Drivers/EmWin/STemWin532_CM4_GCC.a(GUIDEV_16.o)
 .text._SetPixelIndex
                0x0000000008003e6c       0x4c /home/zopa/STM32CubeIDE/workspace_1.6.0/GMish/Drivers/EmWin/STemWin532_CM4_GCC.a(GUIDEV_16.o)
 .text._DrawVLine
                0x0000000008003eb8       0xbc /home/zopa/STM32CubeIDE/workspace_1.6.0/GMish/Drivers/EmWin/STemWin532_CM4_GCC.a(GUIDEV_16.o)
 .text._FillRect
                0x0000000008003f74       0xb4 /home/zopa/STM32CubeIDE/workspace_1.6.0/GMish/Drivers/EmWin/STemWin532_CM4_GCC.a(GUIDEV_16.o)
 .text._DrawHLine
                0x0000000008004028        0xe /home/zopa/STM32CubeIDE/workspace_1.6.0/GMish/Drivers/EmWin/STemWin532_CM4_GCC.a(GUIDEV_16.o)
 *fill*         0x0000000008004036        0x2 
 .text._DrawBitmap
                0x0000000008004038      0x6fc /home/zopa/STM32CubeIDE/workspace_1.6.0/GMish/Drivers/EmWin/STemWin532_CM4_GCC.a(GUIDEV_16.o)
 .text.GUI_MEMDEV_GetBitsPerPixel
                0x0000000008004734       0x2a /home/zopa/STM32CubeIDE/workspace_1.6.0/GMish/Drivers/EmWin/STemWin532_CM4_GCC.a(GUIDEV.o)
                0x0000000008004734                GUI_MEMDEV_GetBitsPerPixel
 *fill*         0x000000000800475e        0x2 
 .text.GUI_MEMDEV_Delete
                0x0000000008004760       0x44 /home/zopa/STM32CubeIDE/workspace_1.6.0/GMish/Drivers/EmWin/STemWin532_CM4_GCC.a(GUIDEV.o)
                0x0000000008004760                GUI_MEMDEV_Delete
 .text.LCD_UpdateColorIndices
                0x00000000080047a4       0x24 /home/zopa/STM32CubeIDE/workspace_1.6.0/GMish/Drivers/EmWin/STemWin532_CM4_GCC.a(LCD_UpdateColorIndices.o)
                0x00000000080047a4                LCD_UpdateColorIndices
 .text.LCD_SetClipRectEx
                0x00000000080047c8       0x30 /home/zopa/STM32CubeIDE/workspace_1.6.0/GMish/Drivers/EmWin/STemWin532_CM4_GCC.a(LCD_SetClipRectEx.o)
                0x00000000080047c8                LCD_SetClipRectEx
 .text._GetDevProp
                0x00000000080047f8       0x1e /home/zopa/STM32CubeIDE/workspace_1.6.0/GMish/Drivers/EmWin/STemWin532_CM4_GCC.a(LCD_GetEx.o)
 .text._GetMaxValue
                0x0000000008004816       0x22 /home/zopa/STM32CubeIDE/workspace_1.6.0/GMish/Drivers/EmWin/STemWin532_CM4_GCC.a(LCD_GetEx.o)
 .text.LCD_GetBitsPerPixelEx
                0x0000000008004838        0x6 /home/zopa/STM32CubeIDE/workspace_1.6.0/GMish/Drivers/EmWin/STemWin532_CM4_GCC.a(LCD_GetEx.o)
                0x0000000008004838                LCD_GetBitsPerPixelEx
 .text.LCD_GetNumColorsEx
                0x000000000800483e        0x6 /home/zopa/STM32CubeIDE/workspace_1.6.0/GMish/Drivers/EmWin/STemWin532_CM4_GCC.a(LCD_GetEx.o)
                0x000000000800483e                LCD_GetNumColorsEx
 .text.LCD_GetNumColors
                0x0000000008004844       0x10 /home/zopa/STM32CubeIDE/workspace_1.6.0/GMish/Drivers/EmWin/STemWin532_CM4_GCC.a(LCD_GetEx.o)
                0x0000000008004844                LCD_GetNumColors
 .text.GUI_GetBitsPerPixelEx
                0x0000000008004854       0x18 /home/zopa/STM32CubeIDE/workspace_1.6.0/GMish/Drivers/EmWin/STemWin532_CM4_GCC.a(LCD_GetEx.o)
                0x0000000008004854                GUI_GetBitsPerPixelEx
 .text.LCD_GetPaletteEx
                0x000000000800486c       0x14 /home/zopa/STM32CubeIDE/workspace_1.6.0/GMish/Drivers/EmWin/STemWin532_CM4_GCC.a(LCD_GetEx.o)
                0x000000000800486c                LCD_GetPaletteEx
 .text.LCD_GetPalette
                0x0000000008004880       0x10 /home/zopa/STM32CubeIDE/workspace_1.6.0/GMish/Drivers/EmWin/STemWin532_CM4_GCC.a(LCD_GetEx.o)
                0x0000000008004880                LCD_GetPalette
 .text.GUI_GetpfIndex2ColorEx
                0x0000000008004890       0x10 /home/zopa/STM32CubeIDE/workspace_1.6.0/GMish/Drivers/EmWin/STemWin532_CM4_GCC.a(LCD_GetEx.o)
                0x0000000008004890                GUI_GetpfIndex2ColorEx
 .text.GUI_GetpfColor2IndexEx
                0x00000000080048a0       0x10 /home/zopa/STM32CubeIDE/workspace_1.6.0/GMish/Drivers/EmWin/STemWin532_CM4_GCC.a(LCD_GetEx.o)
                0x00000000080048a0                GUI_GetpfColor2IndexEx
 .text.LCD_GetXSizeMax
                0x00000000080048b0        0x6 /home/zopa/STM32CubeIDE/workspace_1.6.0/GMish/Drivers/EmWin/STemWin532_CM4_GCC.a(LCD_GetEx.o)
                0x00000000080048b0                LCD_GetXSizeMax
 .text.LCD_GetYSizeMax
                0x00000000080048b6        0x6 /home/zopa/STM32CubeIDE/workspace_1.6.0/GMish/Drivers/EmWin/STemWin532_CM4_GCC.a(LCD_GetEx.o)
                0x00000000080048b6                LCD_GetYSizeMax
 .text.LCD_SetDisplaySize
                0x00000000080048bc       0x14 /home/zopa/STM32CubeIDE/workspace_1.6.0/GMish/Drivers/EmWin/STemWin532_CM4_GCC.a(LCD_GetEx.o)
                0x00000000080048bc                LCD_SetDisplaySize
 .text.LCD_GetXSizeDisplay
                0x00000000080048d0        0xc /home/zopa/STM32CubeIDE/workspace_1.6.0/GMish/Drivers/EmWin/STemWin532_CM4_GCC.a(LCD_GetEx.o)
                0x00000000080048d0                LCD_GetXSizeDisplay
 .text.LCD_GetYSizeDisplay
                0x00000000080048dc        0xc /home/zopa/STM32CubeIDE/workspace_1.6.0/GMish/Drivers/EmWin/STemWin532_CM4_GCC.a(LCD_GetEx.o)
                0x00000000080048dc                LCD_GetYSizeDisplay
 .text.LCD__GetBPP
                0x00000000080048e8       0x7e /home/zopa/STM32CubeIDE/workspace_1.6.0/GMish/Drivers/EmWin/STemWin532_CM4_GCC.a(LCD_GetEx.o)
                0x00000000080048e8                LCD__GetBPP
 .text.LCD__GetBPPDevice
                0x0000000008004966       0x2c /home/zopa/STM32CubeIDE/workspace_1.6.0/GMish/Drivers/EmWin/STemWin532_CM4_GCC.a(LCD_GetEx.o)
                0x0000000008004966                LCD__GetBPPDevice
 *fill*         0x0000000008004992        0x2 
 .text._OnExit  0x0000000008004994       0x14 /home/zopa/STM32CubeIDE/workspace_1.6.0/GMish/Drivers/EmWin/STemWin532_CM4_GCC.a(LCD_Color.o)
 .text.LCD_InitColors
                0x00000000080049a8       0x38 /home/zopa/STM32CubeIDE/workspace_1.6.0/GMish/Drivers/EmWin/STemWin532_CM4_GCC.a(LCD_Color.o)
                0x00000000080049a8                LCD_InitColors
 .text.LCD_InitLUT
                0x00000000080049e0       0x7c /home/zopa/STM32CubeIDE/workspace_1.6.0/GMish/Drivers/EmWin/STemWin532_CM4_GCC.a(LCD_Color.o)
                0x00000000080049e0                LCD_InitLUT
 .text._SetDrawMode
                0x0000000008004a5c       0x28 /home/zopa/STM32CubeIDE/workspace_1.6.0/GMish/Drivers/EmWin/STemWin532_CM4_GCC.a(LCD.o)
 .text.LCD_SetDrawMode
                0x0000000008004a84       0x10 /home/zopa/STM32CubeIDE/workspace_1.6.0/GMish/Drivers/EmWin/STemWin532_CM4_GCC.a(LCD.o)
                0x0000000008004a84                LCD_SetDrawMode
 .text.LCD_DrawPixel
                0x0000000008004a94       0x5c /home/zopa/STM32CubeIDE/workspace_1.6.0/GMish/Drivers/EmWin/STemWin532_CM4_GCC.a(LCD.o)
                0x0000000008004a94                LCD_DrawPixel
 .text.LCD_DrawHLine
                0x0000000008004af0       0x4c /home/zopa/STM32CubeIDE/workspace_1.6.0/GMish/Drivers/EmWin/STemWin532_CM4_GCC.a(LCD.o)
                0x0000000008004af0                LCD_DrawHLine
 .text.LCD_FillRect
                0x0000000008004b3c       0x58 /home/zopa/STM32CubeIDE/workspace_1.6.0/GMish/Drivers/EmWin/STemWin532_CM4_GCC.a(LCD.o)
                0x0000000008004b3c                LCD_FillRect
 .text.LCD__DrawBitmap_1bpp
                0x0000000008004b94      0x1b8 /home/zopa/STM32CubeIDE/workspace_1.6.0/GMish/Drivers/EmWin/STemWin532_CM4_GCC.a(LCD.o)
                0x0000000008004b94                LCD__DrawBitmap_1bpp
 .text.LCD_DrawBitmap
                0x0000000008004d4c      0x218 /home/zopa/STM32CubeIDE/workspace_1.6.0/GMish/Drivers/EmWin/STemWin532_CM4_GCC.a(LCD.o)
                0x0000000008004d4c                LCD_DrawBitmap
 .text.LCD_SetClipRectMax
                0x0000000008004f64       0x20 /home/zopa/STM32CubeIDE/workspace_1.6.0/GMish/Drivers/EmWin/STemWin532_CM4_GCC.a(LCD.o)
                0x0000000008004f64                LCD_SetClipRectMax
 .text.emWin_LCD_Init
                0x0000000008004f84       0x92 /home/zopa/STM32CubeIDE/workspace_1.6.0/GMish/Drivers/EmWin/STemWin532_CM4_GCC.a(LCD.o)
                0x0000000008004f84                emWin_LCD_Init
 *fill*         0x0000000008005016        0x2 
 .text.LCD_Color2Index
                0x0000000008005018       0x20 /home/zopa/STM32CubeIDE/workspace_1.6.0/GMish/Drivers/EmWin/STemWin532_CM4_GCC.a(LCD.o)
                0x0000000008005018                LCD_Color2Index
 .text.LCD_Index2Color
                0x0000000008005038       0x20 /home/zopa/STM32CubeIDE/workspace_1.6.0/GMish/Drivers/EmWin/STemWin532_CM4_GCC.a(LCD.o)
                0x0000000008005038                LCD_Index2Color
 .text.LCD_SetColorIndex
                0x0000000008005058       0x18 /home/zopa/STM32CubeIDE/workspace_1.6.0/GMish/Drivers/EmWin/STemWin532_CM4_GCC.a(LCD.o)
                0x0000000008005058                LCD_SetColorIndex
 .text._SetColor
                0x0000000008005070       0x20 /home/zopa/STM32CubeIDE/workspace_1.6.0/GMish/Drivers/EmWin/STemWin532_CM4_GCC.a(LCD.o)
 .text.LCD_SetBkColorIndex
                0x0000000008005090       0x18 /home/zopa/STM32CubeIDE/workspace_1.6.0/GMish/Drivers/EmWin/STemWin532_CM4_GCC.a(LCD.o)
                0x0000000008005090                LCD_SetBkColorIndex
 .text._SetBkColor
                0x00000000080050a8       0x20 /home/zopa/STM32CubeIDE/workspace_1.6.0/GMish/Drivers/EmWin/STemWin532_CM4_GCC.a(LCD.o)
 .text.LCD_SetBkColor
                0x00000000080050c8       0x10 /home/zopa/STM32CubeIDE/workspace_1.6.0/GMish/Drivers/EmWin/STemWin532_CM4_GCC.a(LCD.o)
                0x00000000080050c8                LCD_SetBkColor
 .text.LCD_SetColor
                0x00000000080050d8       0x10 /home/zopa/STM32CubeIDE/workspace_1.6.0/GMish/Drivers/EmWin/STemWin532_CM4_GCC.a(LCD.o)
                0x00000000080050d8                LCD_SetColor
 .text.GUI__IntersectRects
                0x00000000080050e8       0x64 /home/zopa/STM32CubeIDE/workspace_1.6.0/GMish/Drivers/EmWin/STemWin532_CM4_GCC.a(GUI__IntersectRects.o)
                0x00000000080050e8                GUI__IntersectRects
 .text.GUI__IntersectRect
                0x000000000800514c       0x3c /home/zopa/STM32CubeIDE/workspace_1.6.0/GMish/Drivers/EmWin/STemWin532_CM4_GCC.a(GUI__IntersectRect.o)
                0x000000000800514c                GUI__IntersectRect
 .text.GUI_SignalEvent
                0x0000000008005188       0x10 /home/zopa/STM32CubeIDE/workspace_1.6.0/GMish/Drivers/EmWin/STemWin532_CM4_GCC.a(GUI_WaitEvent.o)
                0x0000000008005188                GUI_SignalEvent
 .text._GetCharCode
                0x0000000008005198        0x4 /home/zopa/STM32CubeIDE/workspace_1.6.0/GMish/Drivers/EmWin/STemWin532_CM4_GCC.a(GUI_UC_EncodeNone.o)
 .text._GetCharSize
                0x000000000800519c        0x4 /home/zopa/STM32CubeIDE/workspace_1.6.0/GMish/Drivers/EmWin/STemWin532_CM4_GCC.a(GUI_UC_EncodeNone.o)
 .text._CalcSizeOfChar
                0x00000000080051a0        0x4 /home/zopa/STM32CubeIDE/workspace_1.6.0/GMish/Drivers/EmWin/STemWin532_CM4_GCC.a(GUI_UC_EncodeNone.o)
 .text._Encode  0x00000000080051a4        0x6 /home/zopa/STM32CubeIDE/workspace_1.6.0/GMish/Drivers/EmWin/STemWin532_CM4_GCC.a(GUI_UC_EncodeNone.o)
 *fill*         0x00000000080051aa        0x2 
 .text.GUI_SetOrg
                0x00000000080051ac       0x34 /home/zopa/STM32CubeIDE/workspace_1.6.0/GMish/Drivers/EmWin/STemWin532_CM4_GCC.a(GUI_SetOrg.o)
                0x00000000080051ac                GUI_SetOrg
 .text.GUI_SetBkColor
                0x00000000080051e0        0x4 /home/zopa/STM32CubeIDE/workspace_1.6.0/GMish/Drivers/EmWin/STemWin532_CM4_GCC.a(GUI_SetColor.o)
                0x00000000080051e0                GUI_SetBkColor
 .text.GUI_SelectLayer
                0x00000000080051e4       0x2c /home/zopa/STM32CubeIDE/workspace_1.6.0/GMish/Drivers/EmWin/STemWin532_CM4_GCC.a(GUI_SelectLayer.o)
                0x00000000080051e4                GUI_SelectLayer
 .text.GUI_SelectLCD
                0x0000000008005210       0x12 /home/zopa/STM32CubeIDE/workspace_1.6.0/GMish/Drivers/EmWin/STemWin532_CM4_GCC.a(GUI_SelectLCD.o)
                0x0000000008005210                GUI_SelectLCD
 .text.GUI_RectsIntersect
                0x0000000008005222       0x3a /home/zopa/STM32CubeIDE/workspace_1.6.0/GMish/Drivers/EmWin/STemWin532_CM4_GCC.a(GUI_RectsIntersect.o)
                0x0000000008005222                GUI_RectsIntersect
 .text.GUI_StoreKey
                0x000000000800525c       0x10 /home/zopa/STM32CubeIDE/workspace_1.6.0/GMish/Drivers/EmWin/STemWin532_CM4_GCC.a(GUI_OnKey.o)
                0x000000000800525c                GUI_StoreKey
 .text.GUI_MoveRect
                0x000000000800526c       0x20 /home/zopa/STM32CubeIDE/workspace_1.6.0/GMish/Drivers/EmWin/STemWin532_CM4_GCC.a(GUI_MoveRect.o)
                0x000000000800526c                GUI_MoveRect
 .text.GUI_MergeRect
                0x000000000800528c       0x56 /home/zopa/STM32CubeIDE/workspace_1.6.0/GMish/Drivers/EmWin/STemWin532_CM4_GCC.a(GUI_MergeRect.o)
                0x000000000800528c                GUI_MergeRect
 *fill*         0x00000000080052e2        0x2 
 .text.GUI_GotoXY
                0x00000000080052e4       0x10 /home/zopa/STM32CubeIDE/workspace_1.6.0/GMish/Drivers/EmWin/STemWin532_CM4_GCC.a(GUI_Goto.o)
                0x00000000080052e4                GUI_GotoXY
 .text.GUI_ALLOC_AllocZero
                0x00000000080052f4       0x2a /home/zopa/STM32CubeIDE/workspace_1.6.0/GMish/Drivers/EmWin/STemWin532_CM4_GCC.a(GUI_ALLOC_AllocZero.o)
                0x00000000080052f4                GUI_ALLOC_AllocZero
 .text._GetIndexMask_0
                0x000000000800531e       0x52 /home/zopa/STM32CubeIDE/workspace_1.6.0/GMish/Drivers/EmWin/STemWin532_CM4_GCC.a(GUICC_0.o)
 .text._Index2Color_0
                0x0000000008005370       0x1e /home/zopa/STM32CubeIDE/workspace_1.6.0/GMish/Drivers/EmWin/STemWin532_CM4_GCC.a(GUICC_0.o)
 .text._Color2Index_0
                0x000000000800538e       0x5a /home/zopa/STM32CubeIDE/workspace_1.6.0/GMish/Drivers/EmWin/STemWin532_CM4_GCC.a(GUICC_0.o)
 .text.WM__SendMessage
                0x00000000080053e8       0x3c /home/zopa/STM32CubeIDE/workspace_1.6.0/GMish/Drivers/EmWin/STemWin532_CM4_GCC.a(WM__SendMessage.o)
                0x00000000080053e8                WM__SendMessage
 .text.WM_SendToParent
                0x0000000008005424       0x1c /home/zopa/STM32CubeIDE/workspace_1.6.0/GMish/Drivers/EmWin/STemWin532_CM4_GCC.a(WM_SendToParent.o)
                0x0000000008005424                WM_SendToParent
 .text.WM_GetParent
                0x0000000008005440       0x10 /home/zopa/STM32CubeIDE/workspace_1.6.0/GMish/Drivers/EmWin/STemWin532_CM4_GCC.a(WM_GetParent.o)
                0x0000000008005440                WM_GetParent
 .text.WM_GetFirstChild
                0x0000000008005450       0x10 /home/zopa/STM32CubeIDE/workspace_1.6.0/GMish/Drivers/EmWin/STemWin532_CM4_GCC.a(WM_GetFirstChild.o)
                0x0000000008005450                WM_GetFirstChild
 .text.WM__GetClientRectEx
                0x0000000008005460       0x22 /home/zopa/STM32CubeIDE/workspace_1.6.0/GMish/Drivers/EmWin/STemWin532_CM4_GCC.a(WM_GetClientRect.o)
                0x0000000008005460                WM__GetClientRectEx
 *fill*         0x0000000008005482        0x2 
 .text.WM__AddCriticalHandle
                0x0000000008005484       0x10 /home/zopa/STM32CubeIDE/workspace_1.6.0/GMish/Drivers/EmWin/STemWin532_CM4_GCC.a(WM_CriticalHandle.o)
                0x0000000008005484                WM__AddCriticalHandle
 .text.WM_BringToBottom
                0x0000000008005494       0x86 /home/zopa/STM32CubeIDE/workspace_1.6.0/GMish/Drivers/EmWin/STemWin532_CM4_GCC.a(WM_BringToBottom.o)
                0x0000000008005494                WM_BringToBottom
 .text._Convert16
                0x000000000800551a       0x3e /home/zopa/STM32CubeIDE/workspace_1.6.0/GMish/Drivers/EmWin/STemWin532_CM4_GCC.a(GUIDEV_WriteToActiveOpaque.o)
 .text._Convert8
                0x0000000008005558       0x42 /home/zopa/STM32CubeIDE/workspace_1.6.0/GMish/Drivers/EmWin/STemWin532_CM4_GCC.a(GUIDEV_WriteToActiveOpaque.o)
 *fill*         0x000000000800559a        0x2 
 .text.GUI_MEMDEV__WriteToActiveOpaque
                0x000000000800559c      0x724 /home/zopa/STM32CubeIDE/workspace_1.6.0/GMish/Drivers/EmWin/STemWin532_CM4_GCC.a(GUIDEV_WriteToActiveOpaque.o)
                0x000000000800559c                GUI_MEMDEV__WriteToActiveOpaque
 .text.GUI_USAGE_DecUseCnt
                0x0000000008005cc0       0x28 /home/zopa/STM32CubeIDE/workspace_1.6.0/GMish/Drivers/EmWin/STemWin532_CM4_GCC.a(GUIDEV_Usage.o)
                0x0000000008005cc0                GUI_USAGE_DecUseCnt
 .text.GUI_USAGE_AddRect
                0x0000000008005ce8       0x2a /home/zopa/STM32CubeIDE/workspace_1.6.0/GMish/Drivers/EmWin/STemWin532_CM4_GCC.a(GUIDEV_Usage.o)
                0x0000000008005ce8                GUI_USAGE_AddRect
 *fill*         0x0000000008005d12        0x2 
 .text.LCD_SelectLCD
                0x0000000008005d14       0x40 /home/zopa/STM32CubeIDE/workspace_1.6.0/GMish/Drivers/EmWin/STemWin532_CM4_GCC.a(LCD_SelectLCD.o)
                0x0000000008005d14                LCD_SelectLCD
 .text.LCD_GetNumLayers
                0x0000000008005d54       0x1e /home/zopa/STM32CubeIDE/workspace_1.6.0/GMish/Drivers/EmWin/STemWin532_CM4_GCC.a(LCD_GetNumDisplays.o)
                0x0000000008005d54                LCD_GetNumLayers
 .text.GUI__CompactPixelIndices
                0x0000000008005d72      0x16c /home/zopa/STM32CubeIDE/workspace_1.6.0/GMish/Drivers/EmWin/STemWin532_CM4_GCC.a(GUI__CompactPixelIndices.o)
                0x0000000008005d72                GUI__CompactPixelIndices
 .text.GUI_CalcColorDist
                0x0000000008005ede       0x50 /home/zopa/STM32CubeIDE/workspace_1.6.0/GMish/Drivers/EmWin/STemWin532_CM4_GCC.a(GUI_CalcColorDist.o)
                0x0000000008005ede                GUI_CalcColorDist
 .text.WM__GetPrevSibling
                0x0000000008005f2e       0x26 /home/zopa/STM32CubeIDE/workspace_1.6.0/GMish/Drivers/EmWin/STemWin532_CM4_GCC.a(WM__GetPrevSibling.o)
                0x0000000008005f2e                WM__GetPrevSibling
 .text.WM__GetFirstSibling
                0x0000000008005f54       0x12 /home/zopa/STM32CubeIDE/workspace_1.6.0/GMish/Drivers/EmWin/STemWin532_CM4_GCC.a(WM__GetFirstSibling.o)
                0x0000000008005f54                WM__GetFirstSibling
 *fill*         0x0000000008005f66        0x2 
 .text.__libc_init_array
                0x0000000008005f68       0x48 /opt/st/stm32cubeide_1.6.0/plugins/com.st.stm32cube.ide.mcu.externaltools.gnu-tools-for-stm32.9-2020-q2-update.linux64_1.5.0.202011040924/tools/bin/../lib/gcc/arm-none-eabi/9.3.1/../../../../arm-none-eabi/lib/thumb/v7e-m+fp/hard/libc_nano.a(lib_a-init.o)
                0x0000000008005f68                __libc_init_array
 .text.memcpy   0x0000000008005fb0       0x1c /opt/st/stm32cubeide_1.6.0/plugins/com.st.stm32cube.ide.mcu.externaltools.gnu-tools-for-stm32.9-2020-q2-update.linux64_1.5.0.202011040924/tools/bin/../lib/gcc/arm-none-eabi/9.3.1/../../../../arm-none-eabi/lib/thumb/v7e-m+fp/hard/libc_nano.a(lib_a-memcpy-stub.o)
                0x0000000008005fb0                memcpy
 .text.memmove  0x0000000008005fcc       0x34 /opt/st/stm32cubeide_1.6.0/plugins/com.st.stm32cube.ide.mcu.externaltools.gnu-tools-for-stm32.9-2020-q2-update.linux64_1.5.0.202011040924/tools/bin/../lib/gcc/arm-none-eabi/9.3.1/../../../../arm-none-eabi/lib/thumb/v7e-m+fp/hard/libc_nano.a(lib_a-memmove.o)
                0x0000000008005fcc                memmove
 .text.memset   0x0000000008006000       0x10 /opt/st/stm32cubeide_1.6.0/plugins/com.st.stm32cube.ide.mcu.externaltools.gnu-tools-for-stm32.9-2020-q2-update.linux64_1.5.0.202011040924/tools/bin/../lib/gcc/arm-none-eabi/9.3.1/../../../../arm-none-eabi/lib/thumb/v7e-m+fp/hard/libc_nano.a(lib_a-memset.o)
                0x0000000008006000                memset
 *(.glue_7)
 .glue_7        0x0000000008006010        0x0 linker stubs
 *(.glue_7t)
 .glue_7t       0x0000000008006010        0x0 linker stubs
 *(.eh_frame)
 .eh_frame      0x0000000008006010        0x0 /opt/st/stm32cubeide_1.6.0/plugins/com.st.stm32cube.ide.mcu.externaltools.gnu-tools-for-stm32.9-2020-q2-update.linux64_1.5.0.202011040924/tools/bin/../lib/gcc/arm-none-eabi/9.3.1/thumb/v7e-m+fp/hard/crtbegin.o
 *(.init)
 .init          0x0000000008006010        0x4 /opt/st/stm32cubeide_1.6.0/plugins/com.st.stm32cube.ide.mcu.externaltools.gnu-tools-for-stm32.9-2020-q2-update.linux64_1.5.0.202011040924/tools/bin/../lib/gcc/arm-none-eabi/9.3.1/thumb/v7e-m+fp/hard/crti.o
                0x0000000008006010                _init
 .init          0x0000000008006014        0x8 /opt/st/stm32cubeide_1.6.0/plugins/com.st.stm32cube.ide.mcu.externaltools.gnu-tools-for-stm32.9-2020-q2-update.linux64_1.5.0.202011040924/tools/bin/../lib/gcc/arm-none-eabi/9.3.1/thumb/v7e-m+fp/hard/crtn.o
 *(.fini)
 .fini          0x000000000800601c        0x4 /opt/st/stm32cubeide_1.6.0/plugins/com.st.stm32cube.ide.mcu.externaltools.gnu-tools-for-stm32.9-2020-q2-update.linux64_1.5.0.202011040924/tools/bin/../lib/gcc/arm-none-eabi/9.3.1/thumb/v7e-m+fp/hard/crti.o
                0x000000000800601c                _fini
 .fini          0x0000000008006020        0x8 /opt/st/stm32cubeide_1.6.0/plugins/com.st.stm32cube.ide.mcu.externaltools.gnu-tools-for-stm32.9-2020-q2-update.linux64_1.5.0.202011040924/tools/bin/../lib/gcc/arm-none-eabi/9.3.1/thumb/v7e-m+fp/hard/crtn.o
                0x0000000008006028                . = ALIGN (0x4)
                0x0000000008006028                _etext = .

.vfp11_veneer   0x0000000008006028        0x0
 .vfp11_veneer  0x0000000008006028        0x0 linker stubs

.v4_bx          0x0000000008006028        0x0
 .v4_bx         0x0000000008006028        0x0 linker stubs

.iplt           0x0000000008006028        0x0
 .iplt          0x0000000008006028        0x0 /opt/st/stm32cubeide_1.6.0/plugins/com.st.stm32cube.ide.mcu.externaltools.gnu-tools-for-stm32.9-2020-q2-update.linux64_1.5.0.202011040924/tools/bin/../lib/gcc/arm-none-eabi/9.3.1/thumb/v7e-m+fp/hard/crtbegin.o

.rodata         0x0000000008006028      0xbcc
                0x0000000008006028                . = ALIGN (0x4)
 *(.rodata)
 .rodata        0x0000000008006028        0x8 /home/zopa/STM32CubeIDE/workspace_1.6.0/GMish/Drivers/EmWin/STemWin532_CM4_GCC.a(GUIDRV_FlexColor_Func66708.o)
 .rodata        0x0000000008006030       0x40 /home/zopa/STM32CubeIDE/workspace_1.6.0/GMish/Drivers/EmWin/STemWin532_CM4_GCC.a(GUIDRV_FlexColor.o)
 *(.rodata*)
 .rodata.AHBPrescTable
                0x0000000008006070       0x10 Core/Src/system_stm32f4xx.o
                0x0000000008006070                AHBPrescTable
 .rodata.GUI_F6x8_Mono
                0x0000000008006080       0x14 /home/zopa/STM32CubeIDE/workspace_1.6.0/GMish/Drivers/EmWin/STemWin532_CM4_GCC.a(F6x8.o)
 .rodata.GUI_Font6x8
                0x0000000008006094       0x24 /home/zopa/STM32CubeIDE/workspace_1.6.0/GMish/Drivers/EmWin/STemWin532_CM4_GCC.a(F6x8.o)
                0x0000000008006094                GUI_Font6x8
 .rodata.GUI_acFont6x8
                0x00000000080060b8      0x518 /home/zopa/STM32CubeIDE/workspace_1.6.0/GMish/Drivers/EmWin/STemWin532_CM4_GCC.a(F6x8.o)
 .rodata.GUI_F6x8_TL8859_1
                0x00000000080065d0      0x1c0 /home/zopa/STM32CubeIDE/workspace_1.6.0/GMish/Drivers/EmWin/STemWin532_CM4_GCC.a(F6x8.o)
 .rodata.GUI_F6x8_TI8859_1
                0x0000000008006790        0x8 /home/zopa/STM32CubeIDE/workspace_1.6.0/GMish/Drivers/EmWin/STemWin532_CM4_GCC.a(F6x8.o)
 .rodata.GUIDRV_FlexColor_API
                0x0000000008006798       0x34 /home/zopa/STM32CubeIDE/workspace_1.6.0/GMish/Drivers/EmWin/STemWin532_CM4_GCC.a(GUIDRV_FlexColor.o)
                0x0000000008006798                GUIDRV_FlexColor_API
 .rodata._HL_APIList
                0x00000000080067cc        0x8 /home/zopa/STM32CubeIDE/workspace_1.6.0/GMish/Drivers/EmWin/STemWin532_CM4_GCC.a(GUI_Core.o)
 .rodata.LCD_API_ColorConv_565
                0x00000000080067d4       0x18 /home/zopa/STM32CubeIDE/workspace_1.6.0/GMish/Drivers/EmWin/STemWin532_CM4_GCC.a(GUICC_565.o)
                0x00000000080067d4                LCD_API_ColorConv_565
 .rodata._aID   0x00000000080067ec       0x40 /home/zopa/STM32CubeIDE/workspace_1.6.0/GMish/Drivers/EmWin/STemWin532_CM4_GCC.a(GUIDEV_16.o)
 .rodata.GUI_MEMDEV_DEVICE_16
                0x000000000800682c       0x34 /home/zopa/STM32CubeIDE/workspace_1.6.0/GMish/Drivers/EmWin/STemWin532_CM4_GCC.a(GUIDEV_16.o)
                0x000000000800682c                GUI_MEMDEV_DEVICE_16
 .rodata.LCD_aMirror
                0x0000000008006860      0x100 /home/zopa/STM32CubeIDE/workspace_1.6.0/GMish/Drivers/EmWin/STemWin532_CM4_GCC.a(LCD_Mirror.o)
                0x0000000008006860                LCD_aMirror
 .rodata._SetColorAPI
                0x0000000008006960        0xc /home/zopa/STM32CubeIDE/workspace_1.6.0/GMish/Drivers/EmWin/STemWin532_CM4_GCC.a(LCD.o)
 .rodata.GUI__aConvert_63_255
                0x000000000800696c       0x40 /home/zopa/STM32CubeIDE/workspace_1.6.0/GMish/Drivers/EmWin/STemWin532_CM4_GCC.a(GUI__DivTbl_63_255.o)
                0x000000000800696c                GUI__aConvert_63_255
 .rodata.GUI__aConvert_31_255
                0x00000000080069ac       0x20 /home/zopa/STM32CubeIDE/workspace_1.6.0/GMish/Drivers/EmWin/STemWin532_CM4_GCC.a(GUI__DivTbl_31_255.o)
                0x00000000080069ac                GUI__aConvert_31_255
 .rodata.GUI__aConvert_255_63
                0x00000000080069cc      0x100 /home/zopa/STM32CubeIDE/workspace_1.6.0/GMish/Drivers/EmWin/STemWin532_CM4_GCC.a(GUI__DivTbl_255_63.o)
                0x00000000080069cc                GUI__aConvert_255_63
 .rodata.GUI__aConvert_255_31
                0x0000000008006acc      0x100 /home/zopa/STM32CubeIDE/workspace_1.6.0/GMish/Drivers/EmWin/STemWin532_CM4_GCC.a(GUI__DivTbl_255_31.o)
                0x0000000008006acc                GUI__aConvert_255_31
 .rodata.GUI_UC_None
                0x0000000008006bcc       0x10 /home/zopa/STM32CubeIDE/workspace_1.6.0/GMish/Drivers/EmWin/STemWin532_CM4_GCC.a(GUI_UC_EncodeNone.o)
                0x0000000008006bcc                GUI_UC_None
 .rodata.LCD_API_ColorConv_0
                0x0000000008006bdc       0x18 /home/zopa/STM32CubeIDE/workspace_1.6.0/GMish/Drivers/EmWin/STemWin532_CM4_GCC.a(GUICC_0.o)
                0x0000000008006bdc                LCD_API_ColorConv_0
                0x0000000008006bf4                . = ALIGN (0x4)

.ARM.extab      0x0000000008006bf4        0x0
                0x0000000008006bf4                . = ALIGN (0x4)
 *(.ARM.extab* .gnu.linkonce.armextab.*)
                0x0000000008006bf4                . = ALIGN (0x4)

.ARM            0x0000000008006bf4        0x8
                0x0000000008006bf4                . = ALIGN (0x4)
                0x0000000008006bf4                __exidx_start = .
 *(.ARM.exidx*)
 .ARM.exidx     0x0000000008006bf4        0x8 /opt/st/stm32cubeide_1.6.0/plugins/com.st.stm32cube.ide.mcu.externaltools.gnu-tools-for-stm32.9-2020-q2-update.linux64_1.5.0.202011040924/tools/bin/../lib/gcc/arm-none-eabi/9.3.1/thumb/v7e-m+fp/hard/libgcc.a(_udivmoddi4.o)
                0x0000000008006bfc                __exidx_end = .
                0x0000000008006bfc                . = ALIGN (0x4)

.rel.dyn        0x0000000008006bfc        0x0
 .rel.iplt      0x0000000008006bfc        0x0 /opt/st/stm32cubeide_1.6.0/plugins/com.st.stm32cube.ide.mcu.externaltools.gnu-tools-for-stm32.9-2020-q2-update.linux64_1.5.0.202011040924/tools/bin/../lib/gcc/arm-none-eabi/9.3.1/thumb/v7e-m+fp/hard/crtbegin.o

.preinit_array  0x0000000008006bfc        0x0
                0x0000000008006bfc                . = ALIGN (0x4)
                0x0000000008006bfc                PROVIDE (__preinit_array_start = .)
 *(.preinit_array*)
                0x0000000008006bfc                PROVIDE (__preinit_array_end = .)
                0x0000000008006bfc                . = ALIGN (0x4)

.init_array     0x0000000008006bfc        0x4
                0x0000000008006bfc                . = ALIGN (0x4)
                0x0000000008006bfc                PROVIDE (__init_array_start = .)
 *(SORT_BY_NAME(.init_array.*))
 *(.init_array*)
 .init_array    0x0000000008006bfc        0x4 /opt/st/stm32cubeide_1.6.0/plugins/com.st.stm32cube.ide.mcu.externaltools.gnu-tools-for-stm32.9-2020-q2-update.linux64_1.5.0.202011040924/tools/bin/../lib/gcc/arm-none-eabi/9.3.1/thumb/v7e-m+fp/hard/crtbegin.o
                0x0000000008006c00                PROVIDE (__init_array_end = .)
                0x0000000008006c00                . = ALIGN (0x4)

.fini_array     0x0000000008006c00        0x4
                0x0000000008006c00                . = ALIGN (0x4)
                [!provide]                        PROVIDE (__fini_array_start = .)
 *(SORT_BY_NAME(.fini_array.*))
 *(.fini_array*)
 .fini_array    0x0000000008006c00        0x4 /opt/st/stm32cubeide_1.6.0/plugins/com.st.stm32cube.ide.mcu.externaltools.gnu-tools-for-stm32.9-2020-q2-update.linux64_1.5.0.202011040924/tools/bin/../lib/gcc/arm-none-eabi/9.3.1/thumb/v7e-m+fp/hard/crtbegin.o
                [!provide]                        PROVIDE (__fini_array_end = .)
                0x0000000008006c04                . = ALIGN (0x4)
                0x0000000008006c04                _sidata = LOADADDR (.data)

.data           0x0000000020000000       0x1c load address 0x0000000008006c04
                0x0000000020000000                . = ALIGN (0x4)
                0x0000000020000000                _sdata = .
 *(.data)
 *(.data*)
 .data.SystemCoreClock
                0x0000000020000000        0x4 Core/Src/system_stm32f4xx.o
                0x0000000020000000                SystemCoreClock
 .data.uwTickPrio
                0x0000000020000004        0x4 Drivers/STM32F4xx_HAL_Driver/Src/stm32f4xx_hal.o
                0x0000000020000004                uwTickPrio
 .data.uwTickFreq
                0x0000000020000008        0x1 Drivers/STM32F4xx_HAL_Driver/Src/stm32f4xx_hal.o
                0x0000000020000008                uwTickFreq
 *fill*         0x0000000020000009        0x3 
 .data.GUI_pContext
                0x000000002000000c        0x4 /home/zopa/STM32CubeIDE/workspace_1.6.0/GMish/Drivers/EmWin/STemWin532_CM4_GCC.a(GUI_Core.o)
                0x000000002000000c                GUI_pContext
 .data.GUI__pFontDefault
                0x0000000020000010        0x4 /home/zopa/STM32CubeIDE/workspace_1.6.0/GMish/Drivers/EmWin/STemWin532_CM4_GCC.a(GUI_Core.o)
                0x0000000020000010                GUI__pFontDefault
 .data._NumColors
                0x0000000020000014        0x4 /home/zopa/STM32CubeIDE/workspace_1.6.0/GMish/Drivers/EmWin/STemWin532_CM4_GCC.a(LCD_Color.o)
 .data.LCD__pSetColorAPI
                0x0000000020000018        0x4 /home/zopa/STM32CubeIDE/workspace_1.6.0/GMish/Drivers/EmWin/STemWin532_CM4_GCC.a(LCD.o)
                0x0000000020000018                LCD__pSetColorAPI
 *(.RamFunc)
 *(.RamFunc*)
                0x000000002000001c                . = ALIGN (0x4)
                0x000000002000001c                _edata = .

.igot.plt       0x000000002000001c        0x0 load address 0x0000000008006c20
 .igot.plt      0x000000002000001c        0x0 /opt/st/stm32cubeide_1.6.0/plugins/com.st.stm32cube.ide.mcu.externaltools.gnu-tools-for-stm32.9-2020-q2-update.linux64_1.5.0.202011040924/tools/bin/../lib/gcc/arm-none-eabi/9.3.1/thumb/v7e-m+fp/hard/crtbegin.o
                0x000000002000001c                . = ALIGN (0x4)

.bss            0x000000002000001c     0x8288 load address 0x0000000008006c20
                0x000000002000001c                _sbss = .
                0x000000002000001c                __bss_start__ = _sbss
 *(.bss)
 .bss           0x000000002000001c       0x1c /opt/st/stm32cubeide_1.6.0/plugins/com.st.stm32cube.ide.mcu.externaltools.gnu-tools-for-stm32.9-2020-q2-update.linux64_1.5.0.202011040924/tools/bin/../lib/gcc/arm-none-eabi/9.3.1/thumb/v7e-m+fp/hard/crtbegin.o
 *(.bss*)
 .bss.aMemory.9162
                0x0000000020000038     0x8000 Core/Src/GUIConf.o
 .bss.pfSetRect.9292
                0x0000000020008038        0x4 /home/zopa/STM32CubeIDE/workspace_1.6.0/GMish/Drivers/EmWin/STemWin532_CM4_GCC.a(GUIDRV_FlexColor.o)
 .bss._pFirstExit
                0x000000002000803c        0x4 /home/zopa/STM32CubeIDE/workspace_1.6.0/GMish/Drivers/EmWin/STemWin532_CM4_GCC.a(GUI_Core.o)
 .bss.GUI__Context
                0x0000000020008040       0x70 /home/zopa/STM32CubeIDE/workspace_1.6.0/GMish/Drivers/EmWin/STemWin532_CM4_GCC.a(GUI_Core.o)
 .bss.RegisterExit.9197
                0x00000000200080b0        0x8 /home/zopa/STM32CubeIDE/workspace_1.6.0/GMish/Drivers/EmWin/STemWin532_CM4_GCC.a(GUI_Core.o)
 .bss._IsInitialized
                0x00000000200080b8        0x4 /home/zopa/STM32CubeIDE/workspace_1.6.0/GMish/Drivers/EmWin/STemWin532_CM4_GCC.a(GUI_Core.o)
 .bss._Config   0x00000000200080bc        0xc /home/zopa/STM32CubeIDE/workspace_1.6.0/GMish/Drivers/EmWin/STemWin532_CM4_GCC.a(GUI_Alloc.o)
 .bss.RegisterExit.9085
                0x00000000200080c8        0x8 /home/zopa/STM32CubeIDE/workspace_1.6.0/GMish/Drivers/EmWin/STemWin532_CM4_GCC.a(GUI_Alloc.o)
 .bss._DeleteWindows
                0x00000000200080d0        0x4 /home/zopa/STM32CubeIDE/workspace_1.6.0/GMish/Drivers/EmWin/STemWin532_CM4_GCC.a(WM.o)
 .bss._ClipContext
                0x00000000200080d4       0x18 /home/zopa/STM32CubeIDE/workspace_1.6.0/GMish/Drivers/EmWin/STemWin532_CM4_GCC.a(WM.o)
 .bss._NextDrawWin
                0x00000000200080ec        0x4 /home/zopa/STM32CubeIDE/workspace_1.6.0/GMish/Drivers/EmWin/STemWin532_CM4_GCC.a(WM.o)
 .bss.RegisterExit.10203
                0x00000000200080f0        0x8 /home/zopa/STM32CubeIDE/workspace_1.6.0/GMish/Drivers/EmWin/STemWin532_CM4_GCC.a(WM.o)
 .bss._IsInited
                0x00000000200080f8        0x1 /home/zopa/STM32CubeIDE/workspace_1.6.0/GMish/Drivers/EmWin/STemWin532_CM4_GCC.a(WM.o)
 *fill*         0x00000000200080f9        0x3 
 .bss._ySizeDisplay
                0x00000000200080fc        0x4 /home/zopa/STM32CubeIDE/workspace_1.6.0/GMish/Drivers/EmWin/STemWin532_CM4_GCC.a(LCD_GetEx.o)
 .bss._xSizeDisplay
                0x0000000020008100        0x4 /home/zopa/STM32CubeIDE/workspace_1.6.0/GMish/Drivers/EmWin/STemWin532_CM4_GCC.a(LCD_GetEx.o)
 .bss.RegisterExit.8551
                0x0000000020008104        0x8 /home/zopa/STM32CubeIDE/workspace_1.6.0/GMish/Drivers/EmWin/STemWin532_CM4_GCC.a(LCD_Color.o)
 .bss._pfSignalEvent
                0x000000002000810c        0x4 /home/zopa/STM32CubeIDE/workspace_1.6.0/GMish/Drivers/EmWin/STemWin532_CM4_GCC.a(GUI_WaitEvent.o)
 .bss._Key      0x0000000020008110        0x4 /home/zopa/STM32CubeIDE/workspace_1.6.0/GMish/Drivers/EmWin/STemWin532_CM4_GCC.a(GUI_OnKey.o)
 .bss._EntranceCnt.9365
                0x0000000020008114        0x4 /home/zopa/STM32CubeIDE/workspace_1.6.0/GMish/Drivers/EmWin/STemWin532_CM4_GCC.a(WM__SendMessage.o)
 *(COMMON)
 COMMON         0x0000000020008118        0x4 Drivers/STM32F4xx_HAL_Driver/Src/stm32f4xx_hal.o
                0x0000000020008118                uwTick
 COMMON         0x000000002000811c       0x40 /home/zopa/STM32CubeIDE/workspace_1.6.0/GMish/Drivers/EmWin/STemWin532_CM4_GCC.a(GUI_Core.o)
                0x000000002000811c                GUI__aNumBuffers
                0x000000002000811e                GUI_DecChar
                0x0000000020008120                GUI_pLCD_APIList
                0x0000000020008124                GUI_AA__ClipX0
                0x0000000020008128                GUI_OrgY
                0x000000002000812c                GUI_pfHookMTOUCH
                0x0000000020008130                GUI_pfTimerExec
                0x0000000020008134                GUI_OrgX
                0x0000000020008138                GUI_pfDispCharStyle
                0x000000002000813c                GUI__IsInitialized
                0x000000002000813d                GUI__PreserveTrans
                0x0000000020008140                GUI_MTOUCH__pStoreEvent
                0x0000000020008144                GUI_pUC_API
                0x0000000020008148                GUI_pfUpdateSoftLayer
                0x000000002000814c                GUI__apDevice
                0x0000000020008154                GUI__BufferSize
                0x0000000020008158                WM_pfHandlePID
 COMMON         0x000000002000815c       0xc0 /home/zopa/STM32CubeIDE/workspace_1.6.0/GMish/Drivers/EmWin/STemWin532_CM4_GCC.a(GUI_Alloc.o)
                0x000000002000815c                GUI_ALLOC__Context
 COMMON         0x000000002000821c       0x54 /home/zopa/STM32CubeIDE/workspace_1.6.0/GMish/Drivers/EmWin/STemWin532_CM4_GCC.a(WM.o)
                0x000000002000821c                WM__NumWindows
                0x0000000020008220                WM__hATransWindow
                0x0000000020008224                WM__ahDesktopWin
                0x000000002000822c                WM_pfPollPID
                0x0000000020008230                WM__pExecGestures
                0x0000000020008234                WM__ahWinFocus
                0x000000002000823c                WM__NumInvalidWindows
                0x0000000020008240                WM__FirstWin
                0x0000000020008244                WM__TouchedLayer
                0x0000000020008248                WM__CaptureReleaseAuto
                0x0000000020008249                WM__PaintCallbackCnt
                0x000000002000824c                WM__CreateFlags
                0x0000000020008250                WM__aBkColor
                0x0000000020008258                WM__pFirstCriticalHandle
                0x000000002000825c                WM_MULTIBUF__pAPI
                0x0000000020008260                WM__ahCapture
                0x0000000020008268                WM__hCreateStatic
                0x000000002000826c                WM__TransWindowCnt
 COMMON         0x0000000020008270        0x4 /home/zopa/STM32CubeIDE/workspace_1.6.0/GMish/Drivers/EmWin/STemWin532_CM4_GCC.a(LCD_Color.o)
                0x0000000020008270                LCD__aConvTable
 COMMON         0x0000000020008274       0x30 /home/zopa/STM32CubeIDE/workspace_1.6.0/GMish/Drivers/EmWin/STemWin532_CM4_GCC.a(WM_Touch.o)
                0x0000000020008274                WM__aCHWinMouseOver
                0x0000000020008284                WM__aCHWinLast
                0x0000000020008294                WM__aCHWinModal
                0x00000000200082a4                . = ALIGN (0x4)
                0x00000000200082a4                _ebss = .
                0x00000000200082a4                __bss_end__ = _ebss

._user_heap_stack
                0x00000000200082a4      0x604 load address 0x0000000008006c20
                0x00000000200082a8                . = ALIGN (0x8)
 *fill*         0x00000000200082a4        0x4 
                [!provide]                        PROVIDE (end = .)
                0x00000000200082a8                PROVIDE (_end = .)
                0x00000000200084a8                . = (. + _Min_Heap_Size)
 *fill*         0x00000000200082a8      0x200 
                0x00000000200088a8                . = (. + _Min_Stack_Size)
 *fill*         0x00000000200084a8      0x400 
                0x00000000200088a8                . = ALIGN (0x8)

/DISCARD/
 libc.a(*)
 libm.a(*)
 libgcc.a(*)

.ARM.attributes
                0x0000000000000000       0x2e
 *(.ARM.attributes)
 .ARM.attributes
                0x0000000000000000       0x1e /opt/st/stm32cubeide_1.6.0/plugins/com.st.stm32cube.ide.mcu.externaltools.gnu-tools-for-stm32.9-2020-q2-update.linux64_1.5.0.202011040924/tools/bin/../lib/gcc/arm-none-eabi/9.3.1/thumb/v7e-m+fp/hard/crti.o
 .ARM.attributes
                0x000000000000001e       0x34 /opt/st/stm32cubeide_1.6.0/plugins/com.st.stm32cube.ide.mcu.externaltools.gnu-tools-for-stm32.9-2020-q2-update.linux64_1.5.0.202011040924/tools/bin/../lib/gcc/arm-none-eabi/9.3.1/thumb/v7e-m+fp/hard/crtbegin.o
 .ARM.attributes
                0x0000000000000052       0x34 Core/Src/GUIConf.o
 .ARM.attributes
                0x0000000000000086       0x34 Core/Src/GUI_X.o
 .ARM.attributes
                0x00000000000000ba       0x34 Core/Src/LCDConf_FlexColor.o
 .ARM.attributes
                0x00000000000000ee       0x34 Core/Src/main.o
 .ARM.attributes
                0x0000000000000122       0x34 Core/Src/stm32f4xx_hal_msp.o
 .ARM.attributes
                0x0000000000000156       0x34 Core/Src/stm32f4xx_it.o
 .ARM.attributes
                0x000000000000018a       0x34 Core/Src/system_stm32f4xx.o
 .ARM.attributes
                0x00000000000001be       0x21 Core/Startup/startup_stm32f411ceux.o
 .ARM.attributes
                0x00000000000001df       0x34 Drivers/STM32F4xx_HAL_Driver/Src/stm32f4xx_hal.o
 .ARM.attributes
                0x0000000000000213       0x34 Drivers/STM32F4xx_HAL_Driver/Src/stm32f4xx_hal_cortex.o
 .ARM.attributes
                0x0000000000000247       0x34 Drivers/STM32F4xx_HAL_Driver/Src/stm32f4xx_hal_rcc.o
 .ARM.attributes
                0x000000000000027b       0x39 /home/zopa/STM32CubeIDE/workspace_1.6.0/GMish/Drivers/EmWin/STemWin532_CM4_GCC.a(F6x8.o)
 .ARM.attributes
                0x00000000000002b4       0x39 /home/zopa/STM32CubeIDE/workspace_1.6.0/GMish/Drivers/EmWin/STemWin532_CM4_GCC.a(GUIDRV_FlexColor_Func66708.o)
 .ARM.attributes
                0x00000000000002ed       0x39 /home/zopa/STM32CubeIDE/workspace_1.6.0/GMish/Drivers/EmWin/STemWin532_CM4_GCC.a(GUIDRV_FlexColor_16bpp_C0B16.o)
 .ARM.attributes
                0x0000000000000326       0x39 /home/zopa/STM32CubeIDE/workspace_1.6.0/GMish/Drivers/EmWin/STemWin532_CM4_GCC.a(GUIDRV_FlexColor.o)
 .ARM.attributes
                0x000000000000035f       0x39 /home/zopa/STM32CubeIDE/workspace_1.6.0/GMish/Drivers/EmWin/STemWin532_CM4_GCC.a(LCD_Set.o)
 .ARM.attributes
                0x0000000000000398       0x39 /home/zopa/STM32CubeIDE/workspace_1.6.0/GMish/Drivers/EmWin/STemWin532_CM4_GCC.a(GUI__memset16.o)
 .ARM.attributes
                0x00000000000003d1       0x39 /home/zopa/STM32CubeIDE/workspace_1.6.0/GMish/Drivers/EmWin/STemWin532_CM4_GCC.a(GUI__memset.o)
 .ARM.attributes
                0x000000000000040a       0x39 /home/zopa/STM32CubeIDE/workspace_1.6.0/GMish/Drivers/EmWin/STemWin532_CM4_GCC.a(GUI_Device.o)
 .ARM.attributes
                0x0000000000000443       0x39 /home/zopa/STM32CubeIDE/workspace_1.6.0/GMish/Drivers/EmWin/STemWin532_CM4_GCC.a(GUI_Core.o)
 .ARM.attributes
                0x000000000000047c       0x39 /home/zopa/STM32CubeIDE/workspace_1.6.0/GMish/Drivers/EmWin/STemWin532_CM4_GCC.a(GUI_CharM.o)
 .ARM.attributes
                0x00000000000004b5       0x39 /home/zopa/STM32CubeIDE/workspace_1.6.0/GMish/Drivers/EmWin/STemWin532_CM4_GCC.a(GUI_Alloc.o)
 .ARM.attributes
                0x00000000000004ee       0x39 /home/zopa/STM32CubeIDE/workspace_1.6.0/GMish/Drivers/EmWin/STemWin532_CM4_GCC.a(GUICC_565.o)
 .ARM.attributes
                0x0000000000000527       0x39 /home/zopa/STM32CubeIDE/workspace_1.6.0/GMish/Drivers/EmWin/STemWin532_CM4_GCC.a(WM_GetDesktopWindow.o)
 .ARM.attributes
                0x0000000000000560       0x39 /home/zopa/STM32CubeIDE/workspace_1.6.0/GMish/Drivers/EmWin/STemWin532_CM4_GCC.a(WM.o)
 .ARM.attributes
                0x0000000000000599       0x39 /home/zopa/STM32CubeIDE/workspace_1.6.0/GMish/Drivers/EmWin/STemWin532_CM4_GCC.a(GUIDEV_GetDataPtr.o)
 .ARM.attributes
                0x00000000000005d2       0x39 /home/zopa/STM32CubeIDE/workspace_1.6.0/GMish/Drivers/EmWin/STemWin532_CM4_GCC.a(GUIDEV_16.o)
 .ARM.attributes
                0x000000000000060b       0x39 /home/zopa/STM32CubeIDE/workspace_1.6.0/GMish/Drivers/EmWin/STemWin532_CM4_GCC.a(GUIDEV.o)
 .ARM.attributes
                0x0000000000000644       0x39 /home/zopa/STM32CubeIDE/workspace_1.6.0/GMish/Drivers/EmWin/STemWin532_CM4_GCC.a(LCD_UpdateColorIndices.o)
 .ARM.attributes
                0x000000000000067d       0x39 /home/zopa/STM32CubeIDE/workspace_1.6.0/GMish/Drivers/EmWin/STemWin532_CM4_GCC.a(LCD_SetClipRectEx.o)
 .ARM.attributes
                0x00000000000006b6       0x39 /home/zopa/STM32CubeIDE/workspace_1.6.0/GMish/Drivers/EmWin/STemWin532_CM4_GCC.a(LCD_Mirror.o)
 .ARM.attributes
                0x00000000000006ef       0x39 /home/zopa/STM32CubeIDE/workspace_1.6.0/GMish/Drivers/EmWin/STemWin532_CM4_GCC.a(LCD_GetEx.o)
 .ARM.attributes
                0x0000000000000728       0x39 /home/zopa/STM32CubeIDE/workspace_1.6.0/GMish/Drivers/EmWin/STemWin532_CM4_GCC.a(LCD_Color.o)
 .ARM.attributes
                0x0000000000000761       0x39 /home/zopa/STM32CubeIDE/workspace_1.6.0/GMish/Drivers/EmWin/STemWin532_CM4_GCC.a(LCD.o)
 .ARM.attributes
                0x000000000000079a       0x39 /home/zopa/STM32CubeIDE/workspace_1.6.0/GMish/Drivers/EmWin/STemWin532_CM4_GCC.a(GUI__IntersectRects.o)
 .ARM.attributes
                0x00000000000007d3       0x39 /home/zopa/STM32CubeIDE/workspace_1.6.0/GMish/Drivers/EmWin/STemWin532_CM4_GCC.a(GUI__IntersectRect.o)
 .ARM.attributes
                0x000000000000080c       0x39 /home/zopa/STM32CubeIDE/workspace_1.6.0/GMish/Drivers/EmWin/STemWin532_CM4_GCC.a(GUI__DivTbl_63_255.o)
 .ARM.attributes
                0x0000000000000845       0x39 /home/zopa/STM32CubeIDE/workspace_1.6.0/GMish/Drivers/EmWin/STemWin532_CM4_GCC.a(GUI__DivTbl_31_255.o)
 .ARM.attributes
                0x000000000000087e       0x39 /home/zopa/STM32CubeIDE/workspace_1.6.0/GMish/Drivers/EmWin/STemWin532_CM4_GCC.a(GUI__DivTbl_255_63.o)
 .ARM.attributes
                0x00000000000008b7       0x39 /home/zopa/STM32CubeIDE/workspace_1.6.0/GMish/Drivers/EmWin/STemWin532_CM4_GCC.a(GUI__DivTbl_255_31.o)
 .ARM.attributes
                0x00000000000008f0       0x39 /home/zopa/STM32CubeIDE/workspace_1.6.0/GMish/Drivers/EmWin/STemWin532_CM4_GCC.a(GUI_WaitEvent.o)
 .ARM.attributes
                0x0000000000000929       0x39 /home/zopa/STM32CubeIDE/workspace_1.6.0/GMish/Drivers/EmWin/STemWin532_CM4_GCC.a(GUI_UC_EncodeNone.o)
 .ARM.attributes
                0x0000000000000962       0x39 /home/zopa/STM32CubeIDE/workspace_1.6.0/GMish/Drivers/EmWin/STemWin532_CM4_GCC.a(GUI_SetOrg.o)
 .ARM.attributes
                0x000000000000099b       0x39 /home/zopa/STM32CubeIDE/workspace_1.6.0/GMish/Drivers/EmWin/STemWin532_CM4_GCC.a(GUI_SetColor.o)
 .ARM.attributes
                0x00000000000009d4       0x39 /home/zopa/STM32CubeIDE/workspace_1.6.0/GMish/Drivers/EmWin/STemWin532_CM4_GCC.a(GUI_SelectLayer.o)
 .ARM.attributes
                0x0000000000000a0d       0x39 /home/zopa/STM32CubeIDE/workspace_1.6.0/GMish/Drivers/EmWin/STemWin532_CM4_GCC.a(GUI_SelectLCD.o)
 .ARM.attributes
                0x0000000000000a46       0x39 /home/zopa/STM32CubeIDE/workspace_1.6.0/GMish/Drivers/EmWin/STemWin532_CM4_GCC.a(GUI_RectsIntersect.o)
 .ARM.attributes
                0x0000000000000a7f       0x39 /home/zopa/STM32CubeIDE/workspace_1.6.0/GMish/Drivers/EmWin/STemWin532_CM4_GCC.a(GUI_OnKey.o)
 .ARM.attributes
                0x0000000000000ab8       0x39 /home/zopa/STM32CubeIDE/workspace_1.6.0/GMish/Drivers/EmWin/STemWin532_CM4_GCC.a(GUI_MoveRect.o)
 .ARM.attributes
                0x0000000000000af1       0x39 /home/zopa/STM32CubeIDE/workspace_1.6.0/GMish/Drivers/EmWin/STemWin532_CM4_GCC.a(GUI_MergeRect.o)
 .ARM.attributes
                0x0000000000000b2a       0x39 /home/zopa/STM32CubeIDE/workspace_1.6.0/GMish/Drivers/EmWin/STemWin532_CM4_GCC.a(GUI_Goto.o)
 .ARM.attributes
                0x0000000000000b63       0x39 /home/zopa/STM32CubeIDE/workspace_1.6.0/GMish/Drivers/EmWin/STemWin532_CM4_GCC.a(GUI_ALLOC_AllocZero.o)
 .ARM.attributes
                0x0000000000000b9c       0x39 /home/zopa/STM32CubeIDE/workspace_1.6.0/GMish/Drivers/EmWin/STemWin532_CM4_GCC.a(GUICC_0.o)
 .ARM.attributes