ssd1306.c:8:23:width	4	static
ssd1306.c:9:23:height	4	static
ssd1306.c:13:10:ssd1306_GetWidth	4	static
ssd1306.c:18:10:ssd1306_GetHeight	4	static
ssd1306.c:23:15:ssd1306_GetColor	4	static
ssd1306.c:28:6:ssd1306_SetColor	16	static
ssd1306.c:34:9:ssd1306_Init	8	static
ssd1306.c:113:6:ssd1306_Fill	16	static
ssd1306.c:127:6:ssd1306_UpdateScreen	24	static
ssd1306.c:146:6:ssd1306_DrawPixel	40	static
ssd1306.c:173:6:ssd1306_DrawLine	48	static
ssd1306.c:223:6:ssd1306_DrawHorizontalLine	32	static
ssd1306.c:269:6:ssd1306_DrawVerticalLine	40	static
ssd1306.c:352:6:ssd1306_DrawRect	24	static
ssd1306.c:360:6:ssd1306_FillRect	32	static
ssd1306.c:368:6:ssd1306_DrawTriangle	24	static
ssd1306.c:376:6:ssd1306_DrawFillTriangle	56	static
ssd1306.c:444:6:ssd1306_DrawCircle	24	static
ssd1306.c:472:6:ssd1306_FillCircle	24	static
ssd1306.c:497:6:ssd1306_DrawCircleQuads	32	static
ssd1306.c:546:6:ssd1306_DrawProgressBar	40	static
ssd1306.c:575:6:ssd1306_DrawBitmap	32	static
ssd1306.c:616:6:ssd1306_WriteChar	40	static
ssd1306.c:657:6:ssd1306_WriteString	24	static
ssd1306.c:679:6:ssd1306_SetCursor	16	static
ssd1306.c:685:6:ssd1306_DisplayOn	8	static
ssd1306.c:690:6:ssd1306_DisplayOff	8	static
ssd1306.c:695:6:ssd1306_InvertDisplay	8	static
ssd1306.c:700:6:ssd1306_NormalDisplay	8	static
ssd1306.c:705:6:ssd1306_ResetOrientation	8	static
ssd1306.c:711:6:ssd1306_FlipScreenVertically	8	static
ssd1306.c:717:6:ssd1306_MirrorScreen	8	static
ssd1306.c:723:6:ssd1306_Clear	8	static
ssd1306.c:731:6:ssd1306_WriteCommand	24	static
ssd1306.c:741:6:ssd1306_WriteData1	24	static
ssd1306.c:747:6:ssd1306_WriteData2	24	static
ssd1306.c:753:6:ssd1306_WriteData	24	static
ssd1306.c:764:6:HAL_I2C_MemTxCpltCallback	16	static
