ssd1306.c:31:23:width	4	static
ssd1306.c:32:23:height	4	static
ssd1306.c:36:10:ssd1306_GetWidth	4	static
ssd1306.c:41:10:ssd1306_GetHeight	4	static
ssd1306.c:46:15:ssd1306_GetColor	4	static
ssd1306.c:51:6:ssd1306_SetColor	16	static
ssd1306.c:57:9:ssd1306_Init	8	static
ssd1306.c:136:6:ssd1306_Fill	16	static
ssd1306.c:150:6:ssd1306_UpdateScreen	24	static
ssd1306.c:169:6:ssd1306_DrawPixel	40	static
ssd1306.c:196:6:ssd1306_DrawLine	48	static
ssd1306.c:246:6:ssd1306_DrawHorizontalLine	32	static
ssd1306.c:292:6:ssd1306_DrawVerticalLine	40	static
ssd1306.c:375:6:ssd1306_DrawRect	24	static
ssd1306.c:383:6:ssd1306_FillRect	32	static
ssd1306.c:391:6:ssd1306_DrawTriangle	24	static
ssd1306.c:399:6:ssd1306_DrawFillTriangle	56	static
ssd1306.c:467:6:ssd1306_DrawCircle	24	static
ssd1306.c:495:6:ssd1306_FillCircle	24	static
ssd1306.c:520:6:ssd1306_DrawCircleQuads	32	static
ssd1306.c:569:6:ssd1306_DrawProgressBar	40	static
ssd1306.c:598:6:ssd1306_DrawBitmap	32	static
ssd1306.c:639:6:ssd1306_WriteChar	40	static
ssd1306.c:680:6:ssd1306_WriteString	24	static
ssd1306.c:702:6:ssd1306_SetCursor	16	static
ssd1306.c:708:6:ssd1306_DisplayOn	8	static
ssd1306.c:713:6:ssd1306_DisplayOff	8	static
ssd1306.c:718:6:ssd1306_InvertDisplay	8	static
ssd1306.c:723:6:ssd1306_NormalDisplay	8	static
ssd1306.c:728:6:ssd1306_ResetOrientation	8	static
ssd1306.c:734:6:ssd1306_FlipScreenVertically	8	static
ssd1306.c:740:6:ssd1306_MirrorScreen	8	static
ssd1306.c:746:6:ssd1306_Clear	8	static
ssd1306.c:754:6:ssd1306_WriteCommand	24	static
ssd1306.c:764:6:ssd1306_WriteData1	24	static
ssd1306.c:770:6:ssd1306_WriteData2	24	static
ssd1306.c:776:6:ssd1306_WriteData	24	static
ssd1306.c:787:6:HAL_I2C_MemTxCpltCallback	16	static
